            Reporte de la Compañía NEWTECH for Período 1

Estado de Ingresos         % Ventas  Reporte de Operaciones
------------------           ------  ----------------------
Ventas             $  19390    100%  Decisiones:Precio     $    70
CBV                $  -4986     26%             Producción     420 unid.
                  --------- -------             Marketing  $  8500
Margen Bruto       $  14404     74%             Inversión  $  4050
Marketing          $  -8500     44%             I & D      $ 10000
Depreciación       $  -1050      5%
I & D              $ -10000     52%
Carga Social       $      0      0%  Reporte de Producción:
Cargo Inventario   $      0      0%  Producción                420 unid.
Interés            $   -711      4%  Capacid. de Fábrica       525 unid.
                  --------- -------  Capacid. Utilizada        80%
Utilid.ant.de Imp. $  -5857    -29%  Produc.Costo/Unidad   $ 18.00
Impuestos          $      0      0%  Inventario                143 unid.
                  --------- -------  Empleados                  84 trabaj.
Utilidad Neta      $  -5857    -29%

Hoja de Balance             % Total  Reporte de Marketing:
---------------             -------  Ordenes Recibidas         277 unid.
Efectivo           $  19093     42%  Ventas Realizadas         277 unid.
Inventario         $   2574      6%  Ordenes no Realizadas       0 unid.
Inver. de Capital  $  24000     53%  Precio/Unid. Vendida  $ 70.00
                  --------- -------  Tot. Costo/Unid Vend. $ 91.14
Total Activo       $  45667    100%  Margen/Unid.Vendida   $-21.14

Préstamos          $  25839     57%  Reporte de Inversión:
Ganancias Reten.   $  -3010     -6%  Capacid.de Fabr. $  21000     525 unid.
Capital            $  22838     50%  Inversión Neta   $   3000      75 unid.
                  --------- -------                   --------- ------
Pasivo+Patrimonio  $  45667    100%  Próx. Capacidad  $  24000     600 unid.

Flujo de Caja
---------
Caja Inicial       $  11879
Utilidad Neta      $  -5857
Depreciación       $   1050
Invers. de Capital $  -4050
Cambio de Invent.  $  -2574
Préstamo Neto      $  17181
                  ---------
Caja Final         $  19093

 La producción (cantidad ofertada) fue mayor que la demanda.
--Puede incrementar la cantidad demandada con un precio m s bajo.
--Puede incrementar la demanda (la curva de la demanda cambia a la derecha) 
 inviertiendo m s en el marketing e I & D.
--Puede reducir la cantidad ofertada produciendo menos.

 En este período su inventario excede 10 23607e su producción. Remember
there is an opportunity cost to carrying inventory. 
¿Es esto parte de su estrategia a largo plazo?

