            Reporte de la Compañía MJFM for Período 1

Estado de Ingresos         % Ventas  Reporte de Operaciones
------------------           ------  ----------------------
Ventas             $  20435    100%  Decisiones:Precio     $    67
CBV                $  -5490     27%             Producción     420 unid.
                  --------- -------             Marketing  $  7800
Margen Bruto       $  14945     73%             Inversión  $  8400
Marketing          $  -7800     38%             I & D      $ 11000
Depreciación       $  -1050      5%
I & D              $ -11000     54%
Carga Social       $      0      0%  Reporte de Producción:
Cargo Inventario   $      0      0%  Producción                420 unid.
Interés            $   -838      4%  Capacid. de Fábrica       525 unid.
                  --------- -------  Capacid. Utilizada        80%
Utilid.ant.de Imp. $  -5743    -27%  Produc.Costo/Unidad   $ 18.00
Impuestos          $      0      0%  Inventario                115 unid.
                  --------- -------  Empleados                  84 trabaj.
Utilidad Neta      $  -5743    -27%

Hoja de Balance             % Total  Reporte de Marketing:
---------------             -------  Ordenes Recibidas         305 unid.
Efectivo           $  19983     40%  Ventas Realizadas         305 unid.
Inventario         $   2070      4%  Ordenes no Realizadas       0 unid.
Inver. de Capital  $  28350     56%  Precio/Unid. Vendida  $ 67.00
                  --------- -------  Tot. Costo/Unid Vend. $ 85.83
Total Activo       $  50403    100%  Margen/Unid.Vendida   $-18.83

Préstamos          $  30489     60%  Reporte de Inversión:
Ganancias Reten.   $  -2924     -5%  Capacid.de Fabr. $  21000     525 unid.
Capital            $  22838     45%  Inversión Neta   $   7350     184 unid.
                  --------- -------                   --------- ------
Pasivo+Patrimonio  $  50403    100%  Próx. Capacidad  $  28350     709 unid.

Flujo de Caja
---------
Caja Inicial       $  11879
Utilidad Neta      $  -5743
Depreciación       $   1050
Invers. de Capital $  -8400
Cambio de Invent.  $  -2070
Préstamo Neto      $  21831
                  ---------
Caja Final         $  19983

 La producción (cantidad ofertada) fue mayor que la demanda.
--Puede incrementar la cantidad demandada con un precio m s bajo.
--Puede incrementar la demanda (la curva de la demanda cambia a la derecha) 
 inviertiendo m s en el marketing e I & D.
--Puede reducir la cantidad ofertada produciendo menos.

 En este período su inventario excede 10 23607e su producción. Remember
there is an opportunity cost to carrying inventory. 
¿Es esto parte de su estrategia a largo plazo?

