            Reporte de la Compañía LOSPIBES for Período 1

Estado de Ingresos         % Ventas  Reporte de Operaciones
------------------           ------  ----------------------
Ventas             $  12750    100%  Decisiones:Precio     $    75
CBV                $  -3060     24%             Producción     420 unid.
                  --------- -------             Marketing  $  7000
Margen Bruto       $   9690     76%             Inversión  $  6050
Marketing          $  -7000     55%             I & D      $  6000
Depreciación       $  -1050      8%
I & D              $  -6000     47%
Carga Social       $      0      0%  Reporte de Producción:
Cargo Inventario   $      0      0%  Producción                420 unid.
Interés            $   -614      5%  Capacid. de Fábrica       525 unid.
                  --------- -------  Capacid. Utilizada        80%
Utilid.ant.de Imp. $  -4974    -38%  Produc.Costo/Unidad   $ 18.00
Impuestos          $      0      0%  Inventario                250 unid.
                  --------- -------  Empleados                  84 trabaj.
Utilidad Neta      $  -4974    -38%

Hoja de Balance             % Total  Reporte de Marketing:
---------------             -------  Ordenes Recibidas         170 unid.
Efectivo           $  12330     29%  Ventas Realizadas         170 unid.
Inventario         $   4500     11%  Ordenes no Realizadas       0 unid.
Inver. de Capital  $  26000     61%  Precio/Unid. Vendida  $ 75.00
                  --------- -------  Tot. Costo/Unid Vend. $104.26
Total Activo       $  42830    100%  Margen/Unid.Vendida   $-29.26

Préstamos          $  22339     52%  Reporte de Inversión:
Ganancias Reten.   $  -2347     -4%  Capacid.de Fabr. $  21000     525 unid.
Capital            $  22838     53%  Inversión Neta   $   5000     125 unid.
                  --------- -------                   --------- ------
Pasivo+Patrimonio  $  42830    100%  Próx. Capacidad  $  26000     650 unid.

Flujo de Caja
---------
Caja Inicial       $  11879
Utilidad Neta      $  -4974
Depreciación       $   1050
Invers. de Capital $  -6050
Cambio de Invent.  $  -4500
Préstamo Neto      $  13681
                  ---------
Caja Final         $  12330

 La producción (cantidad ofertada) fue mayor que la demanda.
--Puede incrementar la cantidad demandada con un precio m s bajo.
--Puede incrementar la demanda (la curva de la demanda cambia a la derecha) 
 inviertiendo m s en el marketing e I & D.
--Puede reducir la cantidad ofertada produciendo menos.

 En este período su inventario excede 10 23607e su producción. Remember
there is an opportunity cost to carrying inventory. 
¿Es esto parte de su estrategia a largo plazo?

