            Reporte de la Compañía LAMGRUP4 for Período 1

Estado de Ingresos         % Ventas  Reporte de Operaciones
------------------           ------  ----------------------
Ventas             $  18645    100%  Decisiones:Precio     $    55
CBV                $  -6102     33%             Producción     420 unid.
                  --------- -------             Marketing  $  6000
Margen Bruto       $  12543     67%             Inversión  $ 12000
Marketing          $  -6000     32%             I & D      $  6500
Depreciación       $  -1050      6%
I & D              $  -6500     35%
Carga Social       $      0      0%  Reporte de Producción:
Cargo Inventario   $      0      0%  Producción                420 unid.
Interés            $   -764      4%  Capacid. de Fábrica       525 unid.
                  --------- -------  Capacid. Utilizada        80%
Utilid.ant.de Imp. $  -1771     -8%  Produc.Costo/Unidad   $ 18.00
Impuestos          $      0      0%  Inventario                 81 unid.
                  --------- -------  Empleados                  84 trabaj.
Utilidad Neta      $  -1771     -8%

Hoja de Balance             % Total  Reporte de Marketing:
---------------             -------  Ordenes Recibidas         339 unid.
Efectivo           $  17274     34%  Ventas Realizadas         339 unid.
Inventario         $   1458      3%  Ordenes no Realizadas       0 unid.
Inver. de Capital  $  31950     63%  Precio/Unid. Vendida  $ 55.00
                  --------- -------  Tot. Costo/Unid Vend. $ 60.22
Total Activo       $  50682    100%  Margen/Unid.Vendida   $ -5.22

Préstamos          $  27789     55%  Reporte de Inversión:
Ganancias Reten.   $     55      0%  Capacid.de Fabr. $  21000     525 unid.
Capital            $  22838     45%  Inversión Neta   $  10950     274 unid.
                  --------- -------                   --------- ------
Pasivo+Patrimonio  $  50682    100%  Próx. Capacidad  $  31950     799 unid.

Flujo de Caja
---------
Caja Inicial       $  11879
Utilidad Neta      $  -1771
Depreciación       $   1050
Invers. de Capital $ -12000
Cambio de Invent.  $  -1458
Préstamo Neto      $  19131
                  ---------
Caja Final         $  17274

 La producción (cantidad ofertada) fue mayor que la demanda.
--Puede incrementar la cantidad demandada con un precio m s bajo.
--Puede incrementar la demanda (la curva de la demanda cambia a la derecha) 
 inviertiendo m s en el marketing e I & D.
--Puede reducir la cantidad ofertada produciendo menos.

 En este período su inventario excede 10 23607e su producción. Remember
there is an opportunity cost to carrying inventory. 
¿Es esto parte de su estrategia a largo plazo?

