            Reporte de la Compañía SAOMO for Período 1

Estado de Ingresos         % Ventas  Reporte de Operaciones
------------------           ------  ----------------------
Ventas             $   8820    100%  Decisiones:Precio     $    70
CBV                $  -2268     26%             Producción     420 unid.
                  --------- -------             Marketing  $  3500
Margen Bruto       $   6552     74%             Inversión  $  1050
Marketing          $  -3500     40%             I & D      $  2500
Depreciación       $  -1050     12%
I & D              $  -2500     28%
Carga Social       $      0      0%  Reporte de Producción:
Cargo Inventario   $      0      0%  Producción                420 unid.
Interés            $   -284      3%  Capacid. de Fábrica       525 unid.
                  --------- -------  Capacid. Utilizada        80%
Utilid.ant.de Imp. $   -782     -8%  Produc.Costo/Unidad   $ 18.00
Impuestos          $      0      0%  Inventario                294 unid.
                  --------- -------  Empleados                  84 trabaj.
Utilidad Neta      $   -782     -8%

Hoja de Balance             % Total  Reporte de Marketing:
---------------             -------  Ordenes Recibidas         126 unid.
Efectivo           $   7682     23%  Ventas Realizadas         126 unid.
Inventario         $   5292     16%  Ordenes no Realizadas       0 unid.
Inver. de Capital  $  21000     62%  Precio/Unid. Vendida  $ 70.00
                  --------- -------  Tot. Costo/Unid Vend. $ 76.21
Total Activo       $  33974    100%  Margen/Unid.Vendida   $ -6.21

Préstamos          $  10339     30%  Reporte de Inversión:
Ganancias Reten.   $    797      2%  Capacid.de Fabr. $  21000     525 unid.
Capital            $  22838     67%  Inversión Neta   $      0       0 unid.
                  --------- -------                   --------- ------
Pasivo+Patrimonio  $  33974    100%  Próx. Capacidad  $  21000     525 unid.

Flujo de Caja
---------
Caja Inicial       $  11879
Utilidad Neta      $   -782
Depreciación       $   1050
Invers. de Capital $  -1050
Cambio de Invent.  $  -5292
Préstamo Neto      $   1681
                  ---------
Caja Final         $   7682

 La producción (cantidad ofertada) fue mayor que la demanda.
--Puede incrementar la cantidad demandada con un precio m s bajo.
--Puede incrementar la demanda (la curva de la demanda cambia a la derecha) 
 inviertiendo m s en el marketing e I & D.
--Puede reducir la cantidad ofertada produciendo menos.

 En este período su inventario excede 10 23607e su producción. Remember
there is an opportunity cost to carrying inventory. 
¿Es esto parte de su estrategia a largo plazo?

