            Reporte de la Compañía PILARES for Período 1

Estado de Ingresos         % Ventas  Reporte de Operaciones
------------------           ------  ----------------------
Ventas             $   5500    100%  Decisiones:Precio     $    55
CBV                $  -6927    126%             Producción     100 unid.
                  --------- -------             Marketing  $  4000
Margen Bruto       $  -1427    -25%             Inversión  $  8400
Marketing          $  -4000     73%             I & D      $  7000
Depreciación       $  -1050     19%
I & D              $  -7000    127%
Carga Social       $   -590     11%  Reporte de Producción:
Cargo Inventario   $      0      0%  Producción                100 unid.
Interés            $   -607     11%  Capacid. de Fábrica       525 unid.
                  --------- -------  Capacid. Utilizada        19%
Utilid.ant.de Imp. $ -14674    -266%  Produc.Costo/Unidad   $ 69.27
Impuestos          $      0      0%  Inventario                  0 unid.
                  --------- -------  Empleados                  20 trabaj.
Utilidad Neta      $ -14674    -266%

Hoja de Balance             % Total  Reporte de Marketing:
---------------             -------  Ordenes Recibidas         340 unid.
Efectivo           $   6922     20%  Ventas Realizadas         100 unid.
Inventario         $      0      0%  Ordenes no Realizadas     240 unid.
Inver. de Capital  $  28350     80%  Precio/Unid. Vendida  $ 55.00
                  --------- -------  Tot. Costo/Unid Vend. $195.84
Total Activo       $  35272    100%  Margen/Unid.Vendida   $-140.84

Préstamos          $  22056     63%  Reporte de Inversión:
Ganancias Reten.   $  -9622    -26%  Capacid.de Fabr. $  21000     525 unid.
Capital            $  22838     65%  Inversión Neta   $   7350     184 unid.
                  --------- -------                   --------- ------
Pasivo+Patrimonio  $  35272    100%  Próx. Capacidad  $  28350     709 unid.

Flujo de Caja
---------
Caja Inicial       $  11879
Utilidad Neta      $ -14674
Depreciación       $   1050
Invers. de Capital $  -8400
Cambio de Invent.  $      0
Préstamo Neto      $  13398
                  ---------
Caja Final         $   6922

 La cantidad demandada fue mayor que la producción (cantidad ofertada).
--Puede reducir la cantidad demandada con un precio m s alto.
--Puede reducir la demanda (la curva de la demanda cambiar a la izquierda)
 con menos marketing y/o menos I&D.
--Puede incrementar la cantidad ofertada con más producción.

 Su producción est  por debajo del 5 23607el costo mínimo por unidad,
 del nivel de producción. Puede incrementar la producción o reducir su inversión 
 de capital para lograr un costo mínimo por unidad.

