            Reporte de la Compañía COLDSPA for Período 1

Estado de Ingresos         % Ventas  Reporte de Operaciones
------------------           ------  ----------------------
Ventas             $  13125    100%  Decisiones:Precio     $    25
CBV                $ -10899     83%             Producción     525 unid.
                  --------- -------             Marketing  $  1400
Margen Bruto       $   2226     17%             Inversión  $  1050
Marketing          $  -1400     11%             I & D      $   400
Depreciación       $  -1050      8%
I & D              $   -400      3%
Carga Social       $      0      0%  Reporte de Producción:
Cargo Inventario   $      0      0%  Producción                525 unid.
Interés            $   -261      2%  Capacid. de Fábrica       525 unid.
                  --------- -------  Capacid. Utilizada       100%
Utilid.ant.de Imp. $   -885     -6%  Produc.Costo/Unidad   $ 20.76
Impuestos          $      0      0%  Inventario                  0 unid.
                  --------- -------  Empleados                 105 trabaj.
Utilidad Neta      $   -885     -6%

Hoja de Balance             % Total  Reporte de Marketing:
---------------             -------  Ordenes Recibidas        1565 unid.
Efectivo           $  12035     36%  Ventas Realizadas         525 unid.
Inventario         $      0      0%  Ordenes no Realizadas    1040 unid.
Inver. de Capital  $  21000     64%  Precio/Unid. Vendida  $ 25.00
                  --------- -------  Tot. Costo/Unid Vend. $ 26.69
Total Activo       $  33035    100%  Margen/Unid.Vendida   $ -1.69

Préstamos          $   9478     29%  Reporte de Inversión:
Ganancias Reten.   $    719      2%  Capacid.de Fabr. $  21000     525 unid.
Capital            $  22838     69%  Inversión Neta   $      0       0 unid.
                  --------- -------                   --------- ------
Pasivo+Patrimonio  $  33035    100%  Próx. Capacidad  $  21000     525 unid.

Flujo de Caja
---------
Caja Inicial       $  11879
Utilidad Neta      $   -885
Depreciación       $   1050
Invers. de Capital $  -1050
Cambio de Invent.  $      0
Préstamo Neto      $    820
                  ---------
Caja Final         $  12035

 La cantidad demandada fue mayor que la producción (cantidad ofertada).
--Puede reducir la cantidad demandada con un precio m s alto.
--Puede reducir la demanda (la curva de la demanda cambiar a la izquierda)
 con menos marketing y/o menos I&D.
--Puede incrementar la cantidad ofertada con más producción.

 Su producción est  por encima del 5 23607el costo mínimo por unidad, del nivel 
 de producción. Ud. podría reducir la producción o incrementar la capacidad 
 para lograr un costo mínimo por unidad.

