            Reporte de la Compañía GAZZOLA for Período 1

Estado de Ingresos         % Ventas  Reporte de Operaciones
------------------           ------  ----------------------
Ventas             $  17160    100%  Decisiones:Precio     $    65
CBV                $  -4752     28%             Producción     420 unid.
                  --------- -------             Marketing  $  5000
Margen Bruto       $  12408     72%             Inversión  $  8050
Marketing          $  -5000     29%             I & D      $ 10000
Depreciación       $  -1050      6%
I & D              $ -10000     58%
Carga Social       $      0      0%  Reporte de Producción:
Cargo Inventario   $      0      0%  Producción                420 unid.
Interés            $   -724      4%  Capacid. de Fábrica       525 unid.
                  --------- -------  Capacid. Utilizada        80%
Utilid.ant.de Imp. $  -4366    -24%  Produc.Costo/Unidad   $ 18.00
Impuestos          $      0      0%  Inventario                156 unid.
                  --------- -------  Empleados                  84 trabaj.
Utilidad Neta      $  -4366    -24%

Hoja de Balance             % Total  Reporte de Marketing:
---------------             -------  Ordenes Recibidas         264 unid.
Efectivo           $  16478     35%  Ventas Realizadas         264 unid.
Inventario         $   2808      6%  Ordenes no Realizadas       0 unid.
Inver. de Capital  $  28000     59%  Precio/Unid. Vendida  $ 65.00
                  --------- -------  Tot. Costo/Unid Vend. $ 81.54
Total Activo       $  47286    100%  Margen/Unid.Vendida   $-16.54

Préstamos          $  26339     56%  Reporte de Inversión:
Ganancias Reten.   $  -1891     -3%  Capacid.de Fabr. $  21000     525 unid.
Capital            $  22838     48%  Inversión Neta   $   7000     175 unid.
                  --------- -------                   --------- ------
Pasivo+Patrimonio  $  47286    100%  Próx. Capacidad  $  28000     700 unid.

Flujo de Caja
---------
Caja Inicial       $  11879
Utilidad Neta      $  -4366
Depreciación       $   1050
Invers. de Capital $  -8050
Cambio de Invent.  $  -2808
Préstamo Neto      $  17681
                  ---------
Caja Final         $  16478

 La producción (cantidad ofertada) fue mayor que la demanda.
--Puede incrementar la cantidad demandada con un precio m s bajo.
--Puede incrementar la demanda (la curva de la demanda cambia a la derecha) 
 inviertiendo m s en el marketing e I & D.
--Puede reducir la cantidad ofertada produciendo menos.

 En este período su inventario excede 10 23607e su producción. Remember
there is an opportunity cost to carrying inventory. 
¿Es esto parte de su estrategia a largo plazo?

