            Reporte de la Compañía AFRODITA for Período 1

Estado de Ingresos         % Ventas  Reporte de Operaciones
------------------           ------  ----------------------
Ventas             $  19320    100%  Decisiones:Precio     $    60
CBV                $  -5905     31%             Producción     394 unid.
                  --------- -------             Marketing  $  6500
Margen Bruto       $  13415     69%             Inversión  $  7000
Marketing          $  -6500     34%             I & D      $  8000
Depreciación       $  -1050      5%
I & D              $  -8000     41%
Carga Social       $      0      0%  Reporte de Producción:
Cargo Inventario   $      0      0%  Producción                394 unid.
Interés            $   -673      3%  Capacid. de Fábrica       525 unid.
                  --------- -------  Capacid. Utilizada        75%
Utilid.ant.de Imp. $  -2808    -14%  Produc.Costo/Unidad   $ 18.34
Impuestos          $      0      0%  Inventario                 72 unid.
                  --------- -------  Empleados                  79 trabaj.
Utilidad Neta      $  -2808    -14%

Hoja de Balance             % Total  Reporte de Marketing:
---------------             -------  Ordenes Recibidas         322 unid.
Efectivo           $  18300     39%  Ventas Realizadas         322 unid.
Inventario         $   1320      3%  Ordenes no Realizadas       0 unid.
Inver. de Capital  $  26950     58%  Precio/Unid. Vendida  $ 60.00
                  --------- -------  Tot. Costo/Unid Vend. $ 68.72
Total Activo       $  46570    100%  Margen/Unid.Vendida   $ -8.72

Préstamos          $  24455     53%  Reporte de Inversión:
Ganancias Reten.   $   -723     -1%  Capacid.de Fabr. $  21000     525 unid.
Capital            $  22838     49%  Inversión Neta   $   5950     149 unid.
                  --------- -------                   --------- ------
Pasivo+Patrimonio  $  46570    100%  Próx. Capacidad  $  26950     674 unid.

Flujo de Caja
---------
Caja Inicial       $  11879
Utilidad Neta      $  -2808
Depreciación       $   1050
Invers. de Capital $  -7000
Cambio de Invent.  $  -1320
Préstamo Neto      $  15797
                  ---------
Caja Final         $  18300

 La producción (cantidad ofertada) fue mayor que la demanda.
--Puede incrementar la cantidad demandada con un precio m s bajo.
--Puede incrementar la demanda (la curva de la demanda cambia a la derecha) 
 inviertiendo m s en el marketing e I & D.
--Puede reducir la cantidad ofertada produciendo menos.

 En este período su inventario excede 10 23607e su producción. Remember
there is an opportunity cost to carrying inventory. 
¿Es esto parte de su estrategia a largo plazo?

