            Reporte de la Compañía LAMGRUP7 for Período 1

Estado de Ingresos         % Ventas  Reporte de Operaciones
------------------           ------  ----------------------
Ventas             $  18533    100%  Decisiones:Precio     $    43
CBV                $  -8146     44%             Producción     480 unid.
                  --------- -------             Marketing  $  1365
Margen Bruto       $  10387     56%             Inversión  $  7265
Marketing          $  -1365      7%             I & D      $  3820
Depreciación       $  -1050      6%
I & D              $  -3820     21%
Carga Social       $      0      0%  Reporte de Producción:
Cargo Inventario   $      0      0%  Producción                480 unid.
Interés            $   -474      3%  Capacid. de Fábrica       525 unid.
                  --------- -------  Capacid. Utilizada        91%
Utilid.ant.de Imp. $   3678     20%  Produc.Costo/Unidad   $ 18.90
Impuestos          $   -920      5%  Inventario                 49 unid.
                  --------- -------  Empleados                  96 trabaj.
Utilidad Neta      $   2758     15%

Hoja de Balance             % Total  Reporte de Marketing:
---------------             -------  Ordenes Recibidas         431 unid.
Efectivo           $  16088     36%  Ventas Realizadas         431 unid.
Inventario         $    927      2%  Ordenes no Realizadas       0 unid.
Inver. de Capital  $  27215     62%  Precio/Unid. Vendida  $ 43.00
                  --------- -------  Tot. Costo/Unid Vend. $ 34.47
Total Activo       $  44230    100%  Margen/Unid.Vendida   $  8.53

Préstamos          $  17251     39%  Reporte de Inversión:
Ganancias Reten.   $   4141      9%  Capacid.de Fabr. $  21000     525 unid.
Capital            $  22838     52%  Inversión Neta   $   6215     155 unid.
                  --------- -------                   --------- ------
Pasivo+Patrimonio  $  44230    100%  Próx. Capacidad  $  27215     680 unid.

Flujo de Caja
---------
Caja Inicial       $  11879
Utilidad Neta      $   2758
Depreciación       $   1050
Invers. de Capital $  -7265
Cambio de Invent.  $   -927
Préstamo Neto      $   8593
                  ---------
Caja Final         $  16088

 La producción (cantidad ofertada) fue mayor que la demanda.
--Puede incrementar la cantidad demandada con un precio m s bajo.
--Puede incrementar la demanda (la curva de la demanda cambia a la derecha) 
 inviertiendo m s en el marketing e I & D.
--Puede reducir la cantidad ofertada produciendo menos.

 En este período su inventario excede 10 23607e su producción. Remember
there is an opportunity cost to carrying inventory. 
¿Es esto parte de su estrategia a largo plazo?

 Su producción est  por encima del 5 23607el costo mínimo por unidad, del nivel 
 de producción. Ud. podría reducir la producción o incrementar la capacidad 
 para lograr un costo mínimo por unidad.

