            Reporte de la Compañía BROKLYN for Período 1

Estado de Ingresos         % Ventas  Reporte de Operaciones
------------------           ------  ----------------------
Ventas             $  16995    100%  Decisiones:Precio     $    55
CBV                $  -5615     33%             Producción     446 unid.
                  --------- -------             Marketing  $  3500
Margen Bruto       $  11380     67%             Inversión  $  6050
Marketing          $  -3500     21%             I & D      $  5000
Depreciación       $  -1050      6%
I & D              $  -5000     29%
Carga Social       $      0      0%  Reporte de Producción:
Cargo Inventario   $      0      0%  Producción                446 unid.
Interés            $   -506      3%  Capacid. de Fábrica       525 unid.
                  --------- -------  Capacid. Utilizada        85%
Utilid.ant.de Imp. $   1324      8%  Produc.Costo/Unidad   $ 18.17
Impuestos          $   -331      2%  Inventario                137 unid.
                  --------- -------  Empleados                  89 trabaj.
Utilidad Neta      $    993      6%

Hoja de Balance             % Total  Reporte de Marketing:
---------------             -------  Ordenes Recibidas         309 unid.
Efectivo           $  15108     35%  Ventas Realizadas         309 unid.
Inventario         $   2489      6%  Ordenes no Realizadas       0 unid.
Inver. de Capital  $  26000     60%  Precio/Unid. Vendida  $ 55.00
                  --------- -------  Tot. Costo/Unid Vend. $ 50.72
Total Activo       $  43597    100%  Margen/Unid.Vendida   $  4.28

Préstamos          $  18383     42%  Reporte de Inversión:
Ganancias Reten.   $   2376      5%  Capacid.de Fabr. $  21000     525 unid.
Capital            $  22838     52%  Inversión Neta   $   5000     125 unid.
                  --------- -------                   --------- ------
Pasivo+Patrimonio  $  43597    100%  Próx. Capacidad  $  26000     650 unid.

Flujo de Caja
---------
Caja Inicial       $  11879
Utilidad Neta      $    993
Depreciación       $   1050
Invers. de Capital $  -6050
Cambio de Invent.  $  -2489
Préstamo Neto      $   9725
                  ---------
Caja Final         $  15108

 La producción (cantidad ofertada) fue mayor que la demanda.
--Puede incrementar la cantidad demandada con un precio m s bajo.
--Puede incrementar la demanda (la curva de la demanda cambia a la derecha) 
 inviertiendo m s en el marketing e I & D.
--Puede reducir la cantidad ofertada produciendo menos.

 En este período su inventario excede 10 23607e su producción. Remember
there is an opportunity cost to carrying inventory. 
¿Es esto parte de su estrategia a largo plazo?

