            Reporte de la Compañía LAKOTICA for Período 1

Estado de Ingresos         % Ventas  Reporte de Operaciones
------------------           ------  ----------------------
Ventas             $  17220    100%  Decisiones:Precio     $    41
CBV                $  -7560     44%             Producción     420 unid.
                  --------- -------             Marketing  $  8200
Margen Bruto       $   9660     56%             Inversión  $ 10500
Marketing          $  -8200     48%             I & D      $ 10000
Depreciación       $  -1050      6%
I & D              $ -10000     58%
Carga Social       $      0      0%  Reporte de Producción:
Cargo Inventario   $      0      0%  Producción                420 unid.
Interés            $   -880      5%  Capacid. de Fábrica       525 unid.
                  --------- -------  Capacid. Utilizada        80%
Utilid.ant.de Imp. $ -10470    -60%  Produc.Costo/Unidad   $ 18.00
Impuestos          $      0      0%  Inventario                  0 unid.
                  --------- -------  Empleados                  84 trabaj.
Utilidad Neta      $ -10470    -60%

Hoja de Balance             % Total  Reporte de Marketing:
---------------             -------  Ordenes Recibidas        1126 unid.
Efectivo           $  17908     37%  Ventas Realizadas         420 unid.
Inventario         $      0      0%  Ordenes no Realizadas     706 unid.
Inver. de Capital  $  30450     63%  Precio/Unid. Vendida  $ 41.00
                  --------- -------  Tot. Costo/Unid Vend. $ 65.93
Total Activo       $  48358    100%  Margen/Unid.Vendida   $-24.93

Préstamos          $  31989     66%  Reporte de Inversión:
Ganancias Reten.   $  -6469    -12%  Capacid.de Fabr. $  21000     525 unid.
Capital            $  22838     47%  Inversión Neta   $   9450     236 unid.
                  --------- -------                   --------- ------
Pasivo+Patrimonio  $  48358    100%  Próx. Capacidad  $  30450     761 unid.

Flujo de Caja
---------
Caja Inicial       $  11879
Utilidad Neta      $ -10470
Depreciación       $   1050
Invers. de Capital $ -10500
Cambio de Invent.  $      0
Préstamo Neto      $  23331
                  ---------
Caja Final         $  17908

 La cantidad demandada fue mayor que la producción (cantidad ofertada).
--Puede reducir la cantidad demandada con un precio m s alto.
--Puede reducir la demanda (la curva de la demanda cambiar a la izquierda)
 con menos marketing y/o menos I&D.
--Puede incrementar la cantidad ofertada con más producción.

