            Reporte de la Compañía ATENEA for Período 1

Estado de Ingresos         % Ventas  Reporte de Operaciones
------------------           ------  ----------------------
Ventas             $  19380    100%  Decisiones:Precio     $    68
CBV                $  -5130     26%             Producción     420 unid.
                  --------- -------             Marketing  $  8000
Margen Bruto       $  14250     74%             Inversión  $  3000
Marketing          $  -8000     41%             I & D      $  9500
Depreciación       $  -1050      5%
I & D              $  -9500     49%
Carga Social       $      0      0%  Reporte de Producción:
Cargo Inventario   $      0      0%  Producción                420 unid.
Interés            $   -654      3%  Capacid. de Fábrica       525 unid.
                  --------- -------  Capacid. Utilizada        80%
Utilid.ant.de Imp. $  -4954    -25%  Produc.Costo/Unidad   $ 18.00
Impuestos          $      0      0%  Inventario                135 unid.
                  --------- -------  Empleados                  84 trabaj.
Utilidad Neta      $  -4954    -25%

Hoja de Balance             % Total  Reporte de Marketing:
---------------             -------  Ordenes Recibidas         285 unid.
Efectivo           $  18915     43%  Ventas Realizadas         285 unid.
Inventario         $   2430      5%  Ordenes no Realizadas       0 unid.
Inver. de Capital  $  22950     52%  Precio/Unid. Vendida  $ 68.00
                  --------- -------  Tot. Costo/Unid Vend. $ 85.38
Total Activo       $  44295    100%  Margen/Unid.Vendida   $-17.38

Préstamos          $  23789     54%  Reporte de Inversión:
Ganancias Reten.   $  -2332     -4%  Capacid.de Fabr. $  21000     525 unid.
Capital            $  22838     52%  Inversión Neta   $   1950      49 unid.
                  --------- -------                   --------- ------
Pasivo+Patrimonio  $  44295    100%  Próx. Capacidad  $  22950     574 unid.

Flujo de Caja
---------
Caja Inicial       $  11879
Utilidad Neta      $  -4954
Depreciación       $   1050
Invers. de Capital $  -3000
Cambio de Invent.  $  -2430
Préstamo Neto      $  15131
                  ---------
Caja Final         $  18915

 La producción (cantidad ofertada) fue mayor que la demanda.
--Puede incrementar la cantidad demandada con un precio m s bajo.
--Puede incrementar la demanda (la curva de la demanda cambia a la derecha) 
 inviertiendo m s en el marketing e I & D.
--Puede reducir la cantidad ofertada produciendo menos.

 En este período su inventario excede 10 23607e su producción. Remember
there is an opportunity cost to carrying inventory. 
¿Es esto parte de su estrategia a largo plazo?

