            Reporte de la Compañía GRYFFIN for Período 1

Estado de Ingresos         % Ventas  Reporte de Operaciones
------------------           ------  ----------------------
Ventas             $  11330    100%  Decisiones:Precio     $    55
CBV                $  -3708     33%             Producción     420 unid.
                  --------- -------             Marketing  $  2500
Margen Bruto       $   7622     67%             Inversión  $  4050
Marketing          $  -2500     22%             I & D      $  2000
Depreciación       $  -1050      9%
I & D              $  -2000     18%
Carga Social       $      0      0%  Reporte de Producción:
Cargo Inventario   $      0      0%  Producción                420 unid.
Interés            $   -326      3%  Capacid. de Fábrica       525 unid.
                  --------- -------  Capacid. Utilizada        80%
Utilid.ant.de Imp. $   1746     15%  Produc.Costo/Unidad   $ 18.00
Impuestos          $   -437      4%  Inventario                214 unid.
                  --------- -------  Empleados                  84 trabaj.
Utilidad Neta      $   1309     12%

Hoja de Balance             % Total  Reporte de Marketing:
---------------             -------  Ordenes Recibidas         206 unid.
Efectivo           $   9517     25%  Ventas Realizadas         206 unid.
Inventario         $   3852     10%  Ordenes no Realizadas       0 unid.
Inver. de Capital  $  24000     64%  Precio/Unid. Vendida  $ 55.00
                  --------- -------  Tot. Costo/Unid Vend. $ 46.52
Total Activo       $  37369    100%  Margen/Unid.Vendida   $  8.48

Préstamos          $  11839     32%  Reporte de Inversión:
Ganancias Reten.   $   2692      7%  Capacid.de Fabr. $  21000     525 unid.
Capital            $  22838     61%  Inversión Neta   $   3000      75 unid.
                  --------- -------                   --------- ------
Pasivo+Patrimonio  $  37369    100%  Próx. Capacidad  $  24000     600 unid.

Flujo de Caja
---------
Caja Inicial       $  11879
Utilidad Neta      $   1309
Depreciación       $   1050
Invers. de Capital $  -4050
Cambio de Invent.  $  -3852
Préstamo Neto      $   3181
                  ---------
Caja Final         $   9517

 La producción (cantidad ofertada) fue mayor que la demanda.
--Puede incrementar la cantidad demandada con un precio m s bajo.
--Puede incrementar la demanda (la curva de la demanda cambia a la derecha) 
 inviertiendo m s en el marketing e I & D.
--Puede reducir la cantidad ofertada produciendo menos.

 En este período su inventario excede 10 23607e su producción. Remember
there is an opportunity cost to carrying inventory. 
¿Es esto parte de su estrategia a largo plazo?

