                  Reporte Industrial    Período 1

Unidades                    Cambio    Dolares                         Cambio
--------                    ------    -------                         ------
Total Ordenes         4017     27%    Ventas Industr.        $113913     21%
Total Produc.         3210      2%    Precio Promedio        $ 39.21     31%
Total Vendido         2905     -7%    Total Producción       $ 58876      2%
Capac. Total          4200      0%    Costo Prom Pdun        $ 18.34      0%
Inventario             305      0%    Total Costo Prom       $ 34.41     36%

Productividad               Cambio    Dolares                         Cambio
-------------               ------    -------                         ------
Empleo                 642      2%    Tasa Prima                 10%      0%
Ventas/Empleado   $    177     18%    Préstamo Límite        $ 50000      0%
Unid./Empleado        5.00      0%    Tasa del Impuesto          25%      0%
Invers. de Cap.   $ 189210     13%    Imp. Pag. Período      $  3476     -5%
Capacid. Utiliz.       76%      1%    Imp. Pag. Fecha        $ 80924      4%

         TAVICS     KALA   TRILLA     HOPE    MOONS     ORGA  DIPLOMX  MINERVA
       -------- -------- -------- -------- -------- -------- -------- --------
Ventas  $ 11790  $ 11790  $ 13680  $ 12805  $ 11790  $ 14280  $ 25988  $ 11790
Util.   $  1449  $  1449  $  3161  $  -892  $  1449  $  2675  $  -717  $  1449
Precio  $    30  $    30  $    38  $    65  $    30  $    34  $    73  $    30
GanRet  $  2832  $  2832  $  4544  $   714  $  2832  $  4058  $   845  $  2832
UnRepa      14%      14%      12%       7%      14%      14%      12%      14%
MPI          95       95      124       59       95      119       85       95

Industry Notes
--------------
 Las compañías compensan sus costos altos con precios altos. 
¿Qué efecto tuvo esto en las ordenes?

 Las ordenes excedieron a la producción aún cuando los precios se incrementaron.
 Algunas compañías deben tener inversiones fuertes en Marketing o en I&D.

 El Inventario se est  incrementando aunque la Capacidad Utilizada est  debajo 
 del 80%, el m s eficiente nivel.  Las compa¤¡as encuentran dificultades para 
 vender suficientes Ecopens para que sus f bricas funcionen eficientemente.

 Con una Inversi¢n de Capital alto, habr  m s capacidad en la industria el 
 pr¢ximo per¡odo. Para las compa¤¡as que invirtieron, operaciones eficientes 
 que requer¡an una producción m s alta pero con un costo m s bajo por unidad.

