                  Reporte Industrial    Período 1

Unidades                    Cambio    Dolares                         Cambio
--------                    ------    -------                         ------
Total Ordenes         5030     60%    Ventas Industr.        $120380     28%
Total Produc.         3465     10%    Precio Promedio        $ 37.99     27%
Total Vendido         3169      1%    Total Producción       $ 64680     12%
Capac. Total          4200      0%    Costo Prom Pdun        $ 18.67      2%
Inventario             296      0%    Total Costo Prom       $ 36.92     46%

Productividad               Cambio    Dolares                         Cambio
-------------               ------    -------                         ------
Empleo                 693     10%    Tasa Prima                 10%      0%
Ventas/Empleado   $    174     16%    Préstamo Límite        $ 50000      0%
Unid./Empleado        5.00      0%    Tasa del Impuesto          25%      0%
Invers. de Cap.   $ 184750     10%    Imp. Pag. Período      $   844    -76%
Capacid. Utiliz.       83%      8%    Imp. Pag. Fecha        $122548      1%

         DREAMS ANTARTID   ALASKA GROGNET1     US69  PLAZA22 RECONQUI  BONEO4B
       -------- -------- -------- -------- -------- -------- -------- --------
Ventas  $ 11790  $ 16800  $ 18200  $ 11790  $ 11790  $ 15960  $ 13050  $ 21000
Util.   $  1449  $ -5395  $   -37  $  1449  $  1449  $  3497  $   710  $ -2599
Precio  $    30  $    40  $    50  $    30  $    30  $    38  $    50  $    40
GanRet  $  2832  $ -2663  $  1355  $  2832  $  2832  $  4880  $  2092  $  -566
UnRepa      12%      13%      11%      12%      12%      13%       8%      17%
MPI          93       11       76       93       93      131       79       48

Industry Notes
--------------
 Las compañías compensan sus costos altos con precios altos. 
¿Qué efecto tuvo esto en las ordenes?

 Las ordenes excedieron a la producción aún cuando los precios se incrementaron.
 Algunas compañías deben tener inversiones fuertes en Marketing o en I&D.

 La Capacidad Utilizada est  sobre el 80%, el m s eficiente nivel.
 Desde que el inventario fue incrementado este per¡odo, ¨en qu‚
 nivel esperas que la Capacidad estar  el pr¢ximo per¡odo?

 Con una Inversi¢n de Capital alto, habr  m s capacidad en la industria el 
 pr¢ximo per¡odo. Para las compa¤¡as que invirtieron, operaciones eficientes 
 que requer¡an una producción m s alta pero con un costo m s bajo por unidad.

