            Reporte de la Compañía ADORA8 for Período 1

Estado de Ingresos         % Ventas  Reporte de Operaciones
------------------           ------  ----------------------
Ventas             $  13066    100%  Decisiones:Precio     $    47
CBV                $  -5004     38%             Producción     420 unid.
                  --------- -------             Marketing  $  3000
Margen Bruto       $   8062     62%             Inversión  $  4050
Marketing          $  -3000     23%             I & D      $  3000
Depreciación       $  -1050      8%
I & D              $  -3000     23%
Carga Social       $      0      0%  Reporte de Producción:
Cargo Inventario   $      0      0%  Producción                420 unid.
Interés            $   -367      3%  Capacid. de Fábrica       525 unid.
                  --------- -------  Capacid. Utilizada        80%
Utilid.ant.de Imp. $    645      5%  Produc.Costo/Unidad   $ 18.00
Impuestos          $   -161      1%  Inventario                142 unid.
                  --------- -------  Empleados                  84 trabaj.
Utilidad Neta      $    484      4%

Hoja de Balance             % Total  Reporte de Marketing:
---------------             -------  Ordenes Recibidas         278 unid.
Efectivo           $  11488     30%  Ventas Realizadas         278 unid.
Inventario         $   2556      7%  Ordenes no Realizadas       0 unid.
Inver. de Capital  $  24000     63%  Precio/Unid. Vendida  $ 47.00
                  --------- -------  Tot. Costo/Unid Vend. $ 44.68
Total Activo       $  38044    100%  Margen/Unid.Vendida   $  2.32

Préstamos          $  13339     35%  Reporte de Inversión:
Ganancias Reten.   $   1867      5%  Capacid.de Fabr. $  21000     525 unid.
Capital            $  22838     60%  Inversión Neta   $   3000      75 unid.
                  --------- -------                   --------- ------
Pasivo+Patrimonio  $  38044    100%  Próx. Capacidad  $  24000     600 unid.

Flujo de Caja
---------
Caja Inicial       $  11879
Utilidad Neta      $    484
Depreciación       $   1050
Invers. de Capital $  -4050
Cambio de Invent.  $  -2556
Préstamo Neto      $   4681
                  ---------
Caja Final         $  11488

 La producción (cantidad ofertada) fue mayor que la demanda.
--Puede incrementar la cantidad demandada con un precio m s bajo.
--Puede incrementar la demanda (la curva de la demanda cambia a la derecha) 
 inviertiendo m s en el marketing e I & D.
--Puede reducir la cantidad ofertada produciendo menos.

 En este período su inventario excede 10 23607e su producción. Remember
there is an opportunity cost to carrying inventory. 
¿Es esto parte de su estrategia a largo plazo?

