            Reporte de la Compañía SUNSKAY for Período 1

Estado de Ingresos         % Ventas  Reporte de Operaciones
------------------           ------  ----------------------
Ventas             $  13790    100%  Decisiones:Precio     $    35
CBV                $  -7226     52%             Producción     394 unid.
                  --------- -------             Marketing  $  3450
Margen Bruto       $   6564     48%             Inversión  $  4950
Marketing          $  -3450     25%             I & D      $  3262
Depreciación       $  -1050      8%
I & D              $  -3262     24%
Carga Social       $      0      0%  Reporte de Producción:
Cargo Inventario   $      0      0%  Producción                394 unid.
Interés            $   -402      3%  Capacid. de Fábrica       525 unid.
                  --------- -------  Capacid. Utilizada        75%
Utilid.ant.de Imp. $  -1600    -11%  Produc.Costo/Unidad   $ 18.34
Impuestos          $      0      0%  Inventario                  0 unid.
                  --------- -------  Empleados                  79 trabaj.
Utilidad Neta      $  -1600    -11%

Hoja de Balance             % Total  Reporte de Marketing:
---------------             -------  Ordenes Recibidas         608 unid.
Efectivo           $  12738     34%  Ventas Realizadas         394 unid.
Inventario         $      0      0%  Ordenes no Realizadas     214 unid.
Inver. de Capital  $  24900     66%  Precio/Unid. Vendida  $ 35.00
                  --------- -------  Tot. Costo/Unid Vend. $ 39.06
Total Activo       $  37638    100%  Margen/Unid.Vendida   $ -4.06

Préstamos          $  14617     39%  Reporte de Inversión:
Ganancias Reten.   $    183      0%  Capacid.de Fabr. $  21000     525 unid.
Capital            $  22838     61%  Inversión Neta   $   3900      98 unid.
                  --------- -------                   --------- ------
Pasivo+Patrimonio  $  37638    100%  Próx. Capacidad  $  24900     622 unid.

Flujo de Caja
---------
Caja Inicial       $  11879
Utilidad Neta      $  -1600
Depreciación       $   1050
Invers. de Capital $  -4950
Cambio de Invent.  $      0
Préstamo Neto      $   5959
                  ---------
Caja Final         $  12738

 La cantidad demandada fue mayor que la producción (cantidad ofertada).
--Puede reducir la cantidad demandada con un precio m s alto.
--Puede reducir la demanda (la curva de la demanda cambiar a la izquierda)
 con menos marketing y/o menos I&D.
--Puede incrementar la cantidad ofertada con más producción.

