                  Reporte Industrial    Período 1

Unidades                    Cambio    Dolares                         Cambio
--------                    ------    -------                         ------
Total Ordenes         4824     53%    Ventas Industr.        $113315     20%
Total Produc.         2941     -5%    Precio Promedio        $ 45.09     50%
Total Vendido         2513    -19%    Total Producción       $ 59277      3%
Capac. Total          4200      0%    Costo Prom Pdun        $ 20.16     10%
Inventario             428      0%    Total Costo Prom       $ 49.64     96%

Productividad               Cambio    Dolares                         Cambio
-------------               ------    -------                         ------
Empleo                 588     -5%    Tasa Prima                 10%      0%
Ventas/Empleado   $    193     28%    Préstamo Límite        $ 50000      0%
Unid./Empleado        5.00      0%    Tasa del Impuesto          25%      0%
Invers. de Cap.   $ 211650     26%    Imp. Pag. Período      $ -3029   -181%
Capacid. Utiliz.       70%     -5%    Imp. Pag. Fecha        $ 15411    -15%

       5BCHOLUS TRIANGUL    SAOMO    IFEI2  PILARES      TVA     ZEPE   PERSEO
       -------- -------- -------- -------- -------- -------- -------- --------
Ventas  $ 11790  $ 11790  $  8820  $ 17160  $  5500  $ 17820  $ 15960  $ 24475
Util.   $  1449  $  1449  $  -782  $  -201  $-14674  $    36  $  2146  $ -3226
Precio  $    30  $    30  $    70  $    55  $    55  $    55  $    38  $    55
GanRet  $  2832  $  2832  $   797  $  1232  $ -9622  $  1419  $  3529  $ -1036
UnRepa      16%      16%       5%      12%       4%      13%      17%      18%
MPI          95       95       49       72     -140       73      111       45

Industry Notes
--------------
 Las compañías compensan sus costos altos con precios altos. 
¿Qué efecto tuvo esto en las ordenes?

 Las ordenes excedieron a la producción aún cuando los precios se incrementaron.
 Algunas compañías deben tener inversiones fuertes en Marketing o en I&D.

 El inventario es alto aunque la Capacidad Utilizada est  debajo del 80%, el m s 
 eficiente nivel. Las compa¤¡as encuentran dificultades para vender suficientes 
 Ecopens para que sus f bricas funcionen eficientemente.

 Con una Inversi¢n de Capital alto, habr  m s capacidad en la industria el 
 pr¢ximo per¡odo. Para las compa¤¡as que invirtieron, operaciones eficientes 
 que requer¡an una producción m s alta pero con un costo m s bajo por unidad.

