                  Reporte Industrial    Período 1

Unidades                    Cambio    Dolares                         Cambio
--------                    ------    -------                         ------
Total Ordenes         4842     54%    Ventas Industr.        $117747     25%
Total Produc.         3246      3%    Precio Promedio        $ 41.61     39%
Total Vendido         2830     -9%    Total Producción       $ 67084     16%
Capac. Total          4200      0%    Costo Prom Pdun        $ 20.67     13%
Inventario             416      0%    Total Costo Prom       $ 44.45     76%

Productividad               Cambio    Dolares                         Cambio
-------------               ------    -------                         ------
Empleo                 649      3%    Tasa Prima                 10%      0%
Ventas/Empleado   $    181     21%    Préstamo Límite        $ 50000      0%
Unid./Empleado        5.00      0%    Tasa del Impuesto          25%      0%
Invers. de Cap.   $ 205750     22%    Imp. Pag. Período      $ -2131   -157%
Capacid. Utiliz.       77%      2%    Imp. Pag. Fecha        $123261     -1%

        BELFAST  AMAPOLA  DOCKSUD MENTEIFE     ECAA BOLCKBUS   MINION BONEO4B2
       -------- -------- -------- -------- -------- -------- -------- --------
Ventas  $ 18480  $ 15972  $ 11790  $ 16800  $ 11790  $  9000  $ 12915  $ 21000
Util.   $   274  $ -3779  $  1449  $  2806  $  1449  $-14372  $  3938  $ -3599
Precio  $    44  $    66  $    30  $    40  $    30  $    60  $    45  $    40
GanRet  $  1657  $ -1451  $  2832  $  4189  $  2832  $ -9396  $  5321  $ -1316
UnRepa      15%       9%      14%      15%      14%       5%      10%      19%
MPI          84       21       93      123       93     -129      132       36

Industry Notes
--------------
 Las compañías compensan sus costos altos con precios altos. 
¿Qué efecto tuvo esto en las ordenes?

 Las ordenes excedieron a la producción aún cuando los precios se incrementaron.
 Algunas compañías deben tener inversiones fuertes en Marketing o en I&D.

 El Inventario se est  incrementando aunque la Capacidad Utilizada est  debajo 
 del 80%, el m s eficiente nivel.  Las compa¤¡as encuentran dificultades para 
 vender suficientes Ecopens para que sus f bricas funcionen eficientemente.

 Con una Inversi¢n de Capital alto, habr  m s capacidad en la industria el 
 pr¢ximo per¡odo. Para las compa¤¡as que invirtieron, operaciones eficientes 
 que requer¡an una producción m s alta pero con un costo m s bajo por unidad.

