            Reporte de la Compañía MINION for Período 1

Estado de Ingresos         % Ventas  Reporte de Operaciones
------------------           ------  ----------------------
Ventas             $  12915    100%  Decisiones:Precio     $    45
CBV                $  -5166     40%             Producción     420 unid.
                  --------- -------             Marketing  $   500
Margen Bruto       $   7749     60%             Inversión  $ 12000
Marketing          $   -500      4%             I & D      $   500
Depreciación       $  -1050      8%
I & D              $   -500      4%
Carga Social       $      0      0%  Reporte de Producción:
Cargo Inventario   $      0      0%  Producción                420 unid.
Interés            $   -448      3%  Capacid. de Fábrica       525 unid.
                  --------- -------  Capacid. Utilizada        80%
Utilid.ant.de Imp. $   5251     41%  Produc.Costo/Unidad   $ 18.00
Impuestos          $  -1313     10%  Inventario                133 unid.
                  --------- -------  Empleados                  84 trabaj.
Utilidad Neta      $   3938     30%

Hoja de Balance             % Total  Reporte de Marketing:
---------------             -------  Ordenes Recibidas         287 unid.
Efectivo           $  10104     23%  Ventas Realizadas         287 unid.
Inventario         $   2394      5%  Ordenes no Realizadas       0 unid.
Inver. de Capital  $  31950     72%  Precio/Unid. Vendida  $ 45.00
                  --------- -------  Tot. Costo/Unid Vend. $ 26.70
Total Activo       $  44448    100%  Margen/Unid.Vendida   $ 18.30

Préstamos          $  16289     37%  Reporte de Inversión:
Ganancias Reten.   $   5321     12%  Capacid.de Fabr. $  21000     525 unid.
Capital            $  22838     51%  Inversión Neta   $  10950     274 unid.
                  --------- -------                   --------- ------
Pasivo+Patrimonio  $  44448    100%  Próx. Capacidad  $  31950     799 unid.

Flujo de Caja
---------
Caja Inicial       $  11879
Utilidad Neta      $   3938
Depreciación       $   1050
Invers. de Capital $ -12000
Cambio de Invent.  $  -2394
Préstamo Neto      $   7631
                  ---------
Caja Final         $  10104

 La producción (cantidad ofertada) fue mayor que la demanda.
--Puede incrementar la cantidad demandada con un precio m s bajo.
--Puede incrementar la demanda (la curva de la demanda cambia a la derecha) 
 inviertiendo m s en el marketing e I & D.
--Puede reducir la cantidad ofertada produciendo menos.

 En este período su inventario excede 10 23607e su producción. Remember
there is an opportunity cost to carrying inventory. 
¿Es esto parte de su estrategia a largo plazo?

