            Reporte de la Compañía CSR for Período 1

Estado de Ingresos         % Ventas  Reporte de Operaciones
------------------           ------  ----------------------
Ventas             $  16380    100%  Decisiones:Precio     $    35
CBV                $  -8695     53%             Producción     468 unid.
                  --------- -------             Marketing  $  3000
Margen Bruto       $   7685     47%             Inversión  $  1050
Marketing          $  -3000     18%             I & D      $  3000
Depreciación       $  -1050      6%
I & D              $  -3000     18%
Carga Social       $      0      0%  Reporte de Producción:
Cargo Inventario   $      0      0%  Producción                468 unid.
Interés            $   -316      2%  Capacid. de Fábrica       525 unid.
                  --------- -------  Capacid. Utilizada        89%
Utilid.ant.de Imp. $    319      2%  Produc.Costo/Unidad   $ 18.58
Impuestos          $    -80      0%  Inventario                  0 unid.
                  --------- -------  Empleados                  94 trabaj.
Utilidad Neta      $    239      1%

Hoja de Balance             % Total  Reporte de Marketing:
---------------             -------  Ordenes Recibidas         732 unid.
Efectivo           $  14934     42%  Ventas Realizadas         468 unid.
Inventario         $      0      0%  Ordenes no Realizadas     264 unid.
Inver. de Capital  $  21000     58%  Precio/Unid. Vendida  $ 35.00
                  --------- -------  Tot. Costo/Unid Vend. $ 34.32
Total Activo       $  35934    100%  Margen/Unid.Vendida   $  0.68

Préstamos          $  11474     32%  Reporte de Inversión:
Ganancias Reten.   $   1622      5%  Capacid.de Fabr. $  21000     525 unid.
Capital            $  22838     64%  Inversión Neta   $      0       0 unid.
                  --------- -------                   --------- ------
Pasivo+Patrimonio  $  35934    100%  Próx. Capacidad  $  21000     525 unid.

Flujo de Caja
---------
Caja Inicial       $  11879
Utilidad Neta      $    239
Depreciación       $   1050
Invers. de Capital $  -1050
Cambio de Invent.  $      0
Préstamo Neto      $   2816
                  ---------
Caja Final         $  14934

 La cantidad demandada fue mayor que la producción (cantidad ofertada).
--Puede reducir la cantidad demandada con un precio m s alto.
--Puede reducir la demanda (la curva de la demanda cambiar a la izquierda)
 con menos marketing y/o menos I&D.
--Puede incrementar la cantidad ofertada con más producción.

 Su producción est  por encima del 5 23607el costo mínimo por unidad, del nivel 
 de producción. Ud. podría reducir la producción o incrementar la capacidad 
 para lograr un costo mínimo por unidad.

