            Reporte de la Compañía MEDUSA for Período 1

Estado de Ingresos         % Ventas  Reporte de Operaciones
------------------           ------  ----------------------
Ventas             $  15072    100%  Decisiones:Precio     $    48
CBV                $  -5652     38%             Producción     420 unid.
                  --------- -------             Marketing  $  2000
Margen Bruto       $   9420     63%             Inversión  $ 12000
Marketing          $  -2000     13%             I & D      $  5000
Depreciación       $  -1050      7%
I & D              $  -5000     33%
Carga Social       $      0      0%  Reporte de Producción:
Cargo Inventario   $      0      0%  Producción                420 unid.
Interés            $   -613      4%  Capacid. de Fábrica       525 unid.
                  --------- -------  Capacid. Utilizada        80%
Utilid.ant.de Imp. $    757      5%  Produc.Costo/Unidad   $ 18.00
Impuestos          $   -189      1%  Inventario                106 unid.
                  --------- -------  Empleados                  84 trabaj.
Utilidad Neta      $    568      4%

Hoja de Balance             % Total  Reporte de Marketing:
---------------             -------  Ordenes Recibidas         314 unid.
Efectivo           $  13220     28%  Ventas Realizadas         314 unid.
Inventario         $   1908      4%  Ordenes no Realizadas       0 unid.
Inver. de Capital  $  31950     68%  Precio/Unid. Vendida  $ 48.00
                  --------- -------  Tot. Costo/Unid Vend. $ 45.59
Total Activo       $  47078    100%  Margen/Unid.Vendida   $  2.41

Préstamos          $  22289     47%  Reporte de Inversión:
Ganancias Reten.   $   1951      4%  Capacid.de Fabr. $  21000     525 unid.
Capital            $  22838     49%  Inversión Neta   $  10950     274 unid.
                  --------- -------                   --------- ------
Pasivo+Patrimonio  $  47078    100%  Próx. Capacidad  $  31950     799 unid.

Flujo de Caja
---------
Caja Inicial       $  11879
Utilidad Neta      $    568
Depreciación       $   1050
Invers. de Capital $ -12000
Cambio de Invent.  $  -1908
Préstamo Neto      $  13631
                  ---------
Caja Final         $  13220

 La producción (cantidad ofertada) fue mayor que la demanda.
--Puede incrementar la cantidad demandada con un precio m s bajo.
--Puede incrementar la demanda (la curva de la demanda cambia a la derecha) 
 inviertiendo m s en el marketing e I & D.
--Puede reducir la cantidad ofertada produciendo menos.

 En este período su inventario excede 10 23607e su producción. Remember
there is an opportunity cost to carrying inventory. 
¿Es esto parte de su estrategia a largo plazo?

