            Reporte de la Compañía HERMES for Período 1

Estado de Ingresos         % Ventas  Reporte de Operaciones
------------------           ------  ----------------------
Ventas             $  18135    100%  Decisiones:Precio     $    65
CBV                $  -5326     29%             Producción     486 unid.
                  --------- -------             Marketing  $  7500
Margen Bruto       $  12809     71%             Inversión  $  4500
Marketing          $  -7500     41%             I & D      $  8200
Depreciación       $  -1050      6%
I & D              $  -8200     45%
Carga Social       $      0      0%  Reporte de Producción:
Cargo Inventario   $      0      0%  Producción                486 unid.
Interés            $   -693      4%  Capacid. de Fábrica       525 unid.
                  --------- -------  Capacid. Utilizada        93%
Utilid.ant.de Imp. $  -4634    -25%  Produc.Costo/Unidad   $ 19.09
Impuestos          $      0      0%  Inventario                207 unid.
                  --------- -------  Empleados                  97 trabaj.
Utilidad Neta      $  -4634    -25%

Hoja de Balance             % Total  Reporte de Marketing:
---------------             -------  Ordenes Recibidas         279 unid.
Efectivo           $  17552     38%  Ventas Realizadas         279 unid.
Inventario         $   3951      9%  Ordenes no Realizadas       0 unid.
Inver. de Capital  $  24450     53%  Precio/Unid. Vendida  $ 65.00
                  --------- -------  Tot. Costo/Unid Vend. $ 81.61
Total Activo       $  45953    100%  Margen/Unid.Vendida   $-16.61

Préstamos          $  25207     55%  Reporte de Inversión:
Ganancias Reten.   $  -2092     -4%  Capacid.de Fabr. $  21000     525 unid.
Capital            $  22838     50%  Inversión Neta   $   3450      86 unid.
                  --------- -------                   --------- ------
Pasivo+Patrimonio  $  45953    100%  Próx. Capacidad  $  24450     611 unid.

Flujo de Caja
---------
Caja Inicial       $  11879
Utilidad Neta      $  -4634
Depreciación       $   1050
Invers. de Capital $  -4500
Cambio de Invent.  $  -3951
Préstamo Neto      $  16549
                  ---------
Caja Final         $  17552

 La producción (cantidad ofertada) fue mayor que la demanda.
--Puede incrementar la cantidad demandada con un precio m s bajo.
--Puede incrementar la demanda (la curva de la demanda cambia a la derecha) 
 inviertiendo m s en el marketing e I & D.
--Puede reducir la cantidad ofertada produciendo menos.

 En este período su inventario excede 10 23607e su producción. Remember
there is an opportunity cost to carrying inventory. 
¿Es esto parte de su estrategia a largo plazo?

 Su producción est  por encima del 5 23607el costo mínimo por unidad, del nivel 
 de producción. Ud. podría reducir la producción o incrementar la capacidad 
 para lograr un costo mínimo por unidad.

