            Reporte de la Compañía TECHEMP for Período 1

Estado de Ingresos         % Ventas  Reporte de Operaciones
------------------           ------  ----------------------
Ventas             $  17875    100%  Decisiones:Precio     $    55
CBV                $  -6747     38%             Producción     525 unid.
                  --------- -------             Marketing  $  4100
Margen Bruto       $  11128     62%             Inversión  $  6300
Marketing          $  -4100     23%             I & D      $  6000
Depreciación       $  -1050      6%
I & D              $  -6000     34%
Carga Social       $      0      0%  Reporte de Producción:
Cargo Inventario   $      0      0%  Producción                525 unid.
Interés            $   -633      4%  Capacid. de Fábrica       525 unid.
                  --------- -------  Capacid. Utilizada       100%
Utilid.ant.de Imp. $   -655     -3%  Produc.Costo/Unidad   $ 20.76
Impuestos          $      0      0%  Inventario                200 unid.
                  --------- -------  Empleados                 105 trabaj.
Utilidad Neta      $   -655     -3%

Hoja de Balance             % Total  Reporte de Marketing:
---------------             -------  Ordenes Recibidas         325 unid.
Efectivo           $  16356     35%  Ventas Realizadas         325 unid.
Inventario         $   4152      9%  Ordenes no Realizadas       0 unid.
Inver. de Capital  $  26250     56%  Precio/Unid. Vendida  $ 55.00
                  --------- -------  Tot. Costo/Unid Vend. $ 57.02
Total Activo       $  46758    100%  Margen/Unid.Vendida   $ -2.02

Préstamos          $  23028     49%  Reporte de Inversión:
Ganancias Reten.   $    892      2%  Capacid.de Fabr. $  21000     525 unid.
Capital            $  22838     49%  Inversión Neta   $   5250     131 unid.
                  --------- -------                   --------- ------
Pasivo+Patrimonio  $  46758    100%  Próx. Capacidad  $  26250     656 unid.

Flujo de Caja
---------
Caja Inicial       $  11879
Utilidad Neta      $   -655
Depreciación       $   1050
Invers. de Capital $  -6300
Cambio de Invent.  $  -4152
Préstamo Neto      $  14370
                  ---------
Caja Final         $  16356

 La producción (cantidad ofertada) fue mayor que la demanda.
--Puede incrementar la cantidad demandada con un precio m s bajo.
--Puede incrementar la demanda (la curva de la demanda cambia a la derecha) 
 inviertiendo m s en el marketing e I & D.
--Puede reducir la cantidad ofertada produciendo menos.

 En este período su inventario excede 10 23607e su producción. Remember
there is an opportunity cost to carrying inventory. 
¿Es esto parte de su estrategia a largo plazo?

 Su producción est  por encima del 5 23607el costo mínimo por unidad, del nivel 
 de producción. Ud. podría reducir la producción o incrementar la capacidad 
 para lograr un costo mínimo por unidad.

