            Reporte de la Compañía AFRECHOS for Período 1

Estado de Ingresos         % Ventas  Reporte de Operaciones
------------------           ------  ----------------------
Ventas             $  14460    100%  Decisiones:Precio     $    60
CBV                $  -4338     30%             Producción     420 unid.
                  --------- -------             Marketing  $  3000
Margen Bruto       $  10122     70%             Inversión  $  8050
Marketing          $  -3000     21%             I & D      $  6500
Depreciación       $  -1050      7%
I & D              $  -6500     45%
Carga Social       $      0      0%  Reporte de Producción:
Cargo Inventario   $      0      0%  Producción                420 unid.
Interés            $   -573      4%  Capacid. de Fábrica       525 unid.
                  --------- -------  Capacid. Utilizada        80%
Utilid.ant.de Imp. $  -1001     -6%  Produc.Costo/Unidad   $ 18.00
Impuestos          $      0      0%  Inventario                179 unid.
                  --------- -------  Empleados                  84 trabaj.
Utilidad Neta      $  -1001     -6%

Hoja de Balance             % Total  Reporte de Marketing:
---------------             -------  Ordenes Recibidas         241 unid.
Efectivo           $  13087     30%  Ventas Realizadas         241 unid.
Inventario         $   3222      7%  Ordenes no Realizadas       0 unid.
Inver. de Capital  $  28000     63%  Precio/Unid. Vendida  $ 60.00
                  --------- -------  Tot. Costo/Unid Vend. $ 64.15
Total Activo       $  44309    100%  Margen/Unid.Vendida   $ -4.15

Préstamos          $  20839     47%  Reporte de Inversión:
Ganancias Reten.   $    632      1%  Capacid.de Fabr. $  21000     525 unid.
Capital            $  22838     52%  Inversión Neta   $   7000     175 unid.
                  --------- -------                   --------- ------
Pasivo+Patrimonio  $  44309    100%  Próx. Capacidad  $  28000     700 unid.

Flujo de Caja
---------
Caja Inicial       $  11879
Utilidad Neta      $  -1001
Depreciación       $   1050
Invers. de Capital $  -8050
Cambio de Invent.  $  -3222
Préstamo Neto      $  12181
                  ---------
Caja Final         $  13087

 La producción (cantidad ofertada) fue mayor que la demanda.
--Puede incrementar la cantidad demandada con un precio m s bajo.
--Puede incrementar la demanda (la curva de la demanda cambia a la derecha) 
 inviertiendo m s en el marketing e I & D.
--Puede reducir la cantidad ofertada produciendo menos.

 En este período su inventario excede 10 23607e su producción. Remember
there is an opportunity cost to carrying inventory. 
¿Es esto parte de su estrategia a largo plazo?

