            Reporte de la Compañía DOBLEL for Período 1

Estado de Ingresos         % Ventas  Reporte de Operaciones
------------------           ------  ----------------------
Ventas             $  18060    100%  Decisiones:Precio     $    43
CBV                $  -7560     42%             Producción     420 unid.
                  --------- -------             Marketing  $  2500
Margen Bruto       $  10500     58%             Inversión  $  3050
Marketing          $  -2500     14%             I & D      $  2000
Depreciación       $  -1050      6%
I & D              $  -2000     11%
Carga Social       $      0      0%  Reporte de Producción:
Cargo Inventario   $      0      0%  Producción                420 unid.
Interés            $   -298      2%  Capacid. de Fábrica       525 unid.
                  --------- -------  Capacid. Utilizada        80%
Utilid.ant.de Imp. $   4652     26%  Produc.Costo/Unidad   $ 18.00
Impuestos          $  -1163      6%  Inventario                  0 unid.
                  --------- -------  Empleados                  84 trabaj.
Utilidad Neta      $   3489     19%

Hoja de Balance             % Total  Reporte de Marketing:
---------------             -------  Ordenes Recibidas         523 unid.
Efectivo           $  15549     40%  Ventas Realizadas         420 unid.
Inventario         $      0      0%  Ordenes no Realizadas     103 unid.
Inver. de Capital  $  23000     60%  Precio/Unid. Vendida  $ 43.00
                  --------- -------  Tot. Costo/Unid Vend. $ 31.92
Total Activo       $  38549    100%  Margen/Unid.Vendida   $ 11.08

Préstamos          $  10839     28%  Reporte de Inversión:
Ganancias Reten.   $   4872     13%  Capacid.de Fabr. $  21000     525 unid.
Capital            $  22838     59%  Inversión Neta   $   2000      50 unid.
                  --------- -------                   --------- ------
Pasivo+Patrimonio  $  38549    100%  Próx. Capacidad  $  23000     575 unid.

Flujo de Caja
---------
Caja Inicial       $  11879
Utilidad Neta      $   3489
Depreciación       $   1050
Invers. de Capital $  -3050
Cambio de Invent.  $      0
Préstamo Neto      $   2181
                  ---------
Caja Final         $  15549

 La cantidad demandada fue mayor que la producción (cantidad ofertada).
--Puede reducir la cantidad demandada con un precio m s alto.
--Puede reducir la demanda (la curva de la demanda cambiar a la izquierda)
 con menos marketing y/o menos I&D.
--Puede incrementar la cantidad ofertada con más producción.

