            Reporte de la Compañía PERSEFON for Período 1

Estado de Ingresos         % Ventas  Reporte de Operaciones
------------------           ------  ----------------------
Ventas             $  15190    100%  Decisiones:Precio     $    62
CBV                $  -4410     29%             Producción     420 unid.
                  --------- -------             Marketing  $  5000
Margen Bruto       $  10780     71%             Inversión  $  9000
Marketing          $  -5000     33%             I & D      $  6000
Depreciación       $  -1050      7%
I & D              $  -6000     39%
Carga Social       $      0      0%  Reporte de Producción:
Cargo Inventario   $      0      0%  Producción                420 unid.
Interés            $   -640      4%  Capacid. de Fábrica       525 unid.
                  --------- -------  Capacid. Utilizada        80%
Utilid.ant.de Imp. $  -1910    -12%  Produc.Costo/Unidad   $ 18.00
Impuestos          $      0      0%  Inventario                175 unid.
                  --------- -------  Empleados                  84 trabaj.
Utilidad Neta      $  -1910    -12%

Hoja de Balance             % Total  Reporte de Marketing:
---------------             -------  Ordenes Recibidas         245 unid.
Efectivo           $  13978     30%  Ventas Realizadas         245 unid.
Inventario         $   3150      7%  Ordenes no Realizadas       0 unid.
Inver. de Capital  $  28950     63%  Precio/Unid. Vendida  $ 62.00
                  --------- -------  Tot. Costo/Unid Vend. $ 69.80
Total Activo       $  46078    100%  Margen/Unid.Vendida   $ -7.80

Préstamos          $  23289     51%  Reporte de Inversión:
Ganancias Reten.   $    -49      0%  Capacid.de Fabr. $  21000     525 unid.
Capital            $  22838     50%  Inversión Neta   $   7950     199 unid.
                  --------- -------                   --------- ------
Pasivo+Patrimonio  $  46078    100%  Próx. Capacidad  $  28950     724 unid.

Flujo de Caja
---------
Caja Inicial       $  11879
Utilidad Neta      $  -1910
Depreciación       $   1050
Invers. de Capital $  -9000
Cambio de Invent.  $  -3150
Préstamo Neto      $  14631
                  ---------
Caja Final         $  13978

 La producción (cantidad ofertada) fue mayor que la demanda.
--Puede incrementar la cantidad demandada con un precio m s bajo.
--Puede incrementar la demanda (la curva de la demanda cambia a la derecha) 
 inviertiendo m s en el marketing e I & D.
--Puede reducir la cantidad ofertada produciendo menos.

 En este período su inventario excede 10 23607e su producción. Remember
there is an opportunity cost to carrying inventory. 
¿Es esto parte de su estrategia a largo plazo?

