                  Reporte Industrial    Período 1

Unidades                    Cambio    Dolares                         Cambio
--------                    ------    -------                         ------
Total Ordenes         5193     65%    Ventas Industr.        $137106     45%
Total Produc.         3358      7%    Precio Promedio        $ 47.07     57%
Total Vendido         2913     -6%    Total Producción       $ 61048      6%
Capac. Total          4200      0%    Costo Prom Pdun        $ 18.18      0%
Inventario             445      0%    Total Costo Prom       $ 49.40     95%

Productividad               Cambio    Dolares                         Cambio
-------------               ------    -------                         ------
Empleo                 671      7%    Tasa Prima                 10%      0%
Ventas/Empleado   $    204     36%    Préstamo Límite        $ 50000      0%
Unid./Empleado        5.00      0%    Tasa del Impuesto          25%      0%
Invers. de Cap.   $ 195750     17%    Imp. Pag. Período      $ -1695   -145%
Capacid. Utiliz.       80%      5%    Imp. Pag. Fecha        $ 90505     -1%

        NEWTECH   FUTURA     MJFM BAJOCER0 ECONOMAS      CEO      CCR     ZEUS
       -------- -------- -------- -------- -------- -------- -------- --------
Ventas  $ 19390  $ 16077  $ 20435  $ 19824  $ 11790  $ 21000  $ 11790  $ 16800
Util.   $ -5857  $ -3670  $ -5743  $  4415  $  1449  $ -5389  $  1449  $  3094
Precio  $    70  $    69  $    67  $    42  $    30  $    50  $    30  $    40
GanRet  $ -3010  $ -1369  $ -2924  $  5798  $  2832  $ -2659  $  2832  $  4477
UnRepa      10%       8%      10%      16%      13%      14%      13%      14%
MPI          -3       19       -1      148       92        7       92      124

Industry Notes
--------------
 Las compañías compensan sus costos altos con precios altos. 
¿Qué efecto tuvo esto en las ordenes?

 Las ordenes excedieron a la producción aún cuando los precios se incrementaron.
 Algunas compañías deben tener inversiones fuertes en Marketing o en I&D.

 Con una Inversi¢n de Capital alto, habr  m s capacidad en la industria el 
 pr¢ximo per¡odo. Para las compa¤¡as que invirtieron, operaciones eficientes 
 que requer¡an una producción m s alta pero con un costo m s bajo por unidad.

