                  Reporte Industrial    Período 1

Unidades                    Cambio    Dolares                         Cambio
--------                    ------    -------                         ------
Total Ordenes         4503     43%    Ventas Industr.        $133829     42%
Total Produc.         3373      7%    Precio Promedio        $ 43.38     45%
Total Vendido         3085     -1%    Total Producción       $ 67695     17%
Capac. Total          4200      0%    Costo Prom Pdun        $ 20.07      9%
Inventario             288      0%    Total Costo Prom       $ 40.24     59%

Productividad               Cambio    Dolares                         Cambio
-------------               ------    -------                         ------
Empleo                 674      7%    Tasa Prima                 10%      0%
Ventas/Empleado   $    199     32%    Préstamo Límite        $ 50000      0%
Unid./Empleado        5.00      0%    Tasa del Impuesto          25%      0%
Invers. de Cap.   $ 201250     20%    Imp. Pag. Período      $  2342    -35%
Capacid. Utiliz.       80%      5%    Imp. Pag. Fecha        $ 98230      2%

       LIBELULA ESTUDIAN JAGAC0LD  PERROEC  ATENEAS        4      TAG POSEIDON
       -------- -------- -------- -------- -------- -------- -------- --------
Ventas  $ 22440  $ 12195  $ 18354  $ 11900  $ 24360  $ 11790  $ 21000  $ 11790
Util.   $ -1512  $  4240  $  3803  $ -1350  $ -2084  $  1449  $  -270  $  1449
Precio  $    55  $    45  $    42  $    50  $    58  $    30  $    40  $    30
GanRet  $   249  $  5623  $  5186  $   371  $  -180  $  2832  $  1181  $  2832
UnRepa      13%       9%      14%       8%      14%      13%      17%      13%
MPI          60      136      138       40       60       92       75       92

Industry Notes
--------------
 Las compañías compensan sus costos altos con precios altos. 
¿Qué efecto tuvo esto en las ordenes?

 Las ordenes excedieron a la producción aún cuando los precios se incrementaron.
 Algunas compañías deben tener inversiones fuertes en Marketing o en I&D.

 Con una Inversi¢n de Capital alto, habr  m s capacidad en la industria el 
 pr¢ximo per¡odo. Para las compa¤¡as que invirtieron, operaciones eficientes 
 que requer¡an una producción m s alta pero con un costo m s bajo por unidad.

