            Reporte de la Compañía ADORA6 for Período 1

Estado de Ingresos         % Ventas  Reporte de Operaciones
------------------           ------  ----------------------
Ventas             $  13212    100%  Decisiones:Precio     $    36
CBV                $  -7123     54%             Producción     367 unid.
                  --------- -------             Marketing  $  3000
Margen Bruto       $   6089     46%             Inversión  $  4050
Marketing          $  -3000     23%             I & D      $  4000
Depreciación       $  -1050      8%
I & D              $  -4000     30%
Carga Social       $    -60      0%  Reporte de Producción:
Cargo Inventario   $      0      0%  Producción                367 unid.
Interés            $   -382      3%  Capacid. de Fábrica       525 unid.
                  --------- -------  Capacid. Utilizada        70%
Utilid.ant.de Imp. $  -2403    -17%  Produc.Costo/Unidad   $ 19.41
Impuestos          $      0      0%  Inventario                  0 unid.
                  --------- -------  Empleados                  73 trabaj.
Utilidad Neta      $  -2403    -17%

Hoja de Balance             % Total  Reporte de Marketing:
---------------             -------  Ordenes Recibidas         594 unid.
Efectivo           $  12322     34%  Ventas Realizadas         367 unid.
Inventario         $      0      0%  Ordenes no Realizadas     227 unid.
Inver. de Capital  $  24000     66%  Precio/Unid. Vendida  $ 36.00
                  --------- -------  Tot. Costo/Unid Vend. $ 42.38
Total Activo       $  36322    100%  Margen/Unid.Vendida   $ -6.38

Préstamos          $  13902     38%  Reporte de Inversión:
Ganancias Reten.   $   -419      0%  Capacid.de Fabr. $  21000     525 unid.
Capital            $  22838     63%  Inversión Neta   $   3000      75 unid.
                  --------- -------                   --------- ------
Pasivo+Patrimonio  $  36322    100%  Próx. Capacidad  $  24000     600 unid.

Flujo de Caja
---------
Caja Inicial       $  11879
Utilidad Neta      $  -2403
Depreciación       $   1050
Invers. de Capital $  -4050
Cambio de Invent.  $      0
Préstamo Neto      $   5244
                  ---------
Caja Final         $  12322

 La cantidad demandada fue mayor que la producción (cantidad ofertada).
--Puede reducir la cantidad demandada con un precio m s alto.
--Puede reducir la demanda (la curva de la demanda cambiar a la izquierda)
 con menos marketing y/o menos I&D.
--Puede incrementar la cantidad ofertada con más producción.

 Su producción est  por debajo del 5 23607el costo mínimo por unidad,
 del nivel de producción. Puede incrementar la producción o reducir su inversión 
 de capital para lograr un costo mínimo por unidad.

