            Reporte de la Compañía FROZEN for Período 1

Estado de Ingresos         % Ventas  Reporte de Operaciones
------------------           ------  ----------------------
Ventas             $  12000    100%  Decisiones:Precio     $    30
CBV                $  -7280     61%             Producción     400 unid.
                  --------- -------             Marketing  $  2000
Margen Bruto       $   4720     39%             Inversión  $ 10100
Marketing          $  -2000     17%             I & D      $   400
Depreciación       $  -1050      9%
I & D              $   -400      3%
Carga Social       $      0      0%  Reporte de Producción:
Cargo Inventario   $      0      0%  Producción                400 unid.
Interés            $   -426      4%  Capacid. de Fábrica       525 unid.
                  --------- -------  Capacid. Utilizada        76%
Utilid.ant.de Imp. $    844      7%  Produc.Costo/Unidad   $ 18.20
Impuestos          $   -211      2%  Inventario                  0 unid.
                  --------- -------  Empleados                  80 trabaj.
Utilidad Neta      $    633      5%

Hoja de Balance             % Total  Reporte de Marketing:
---------------             -------  Ordenes Recibidas         670 unid.
Efectivo           $  10313     26%  Ventas Realizadas         400 unid.
Inventario         $      0      0%  Ordenes no Realizadas     270 unid.
Inver. de Capital  $  30050     74%  Precio/Unid. Vendida  $ 30.00
                  --------- -------  Tot. Costo/Unid Vend. $ 27.89
Total Activo       $  40363    100%  Margen/Unid.Vendida   $  2.11

Préstamos          $  15509     38%  Reporte de Inversión:
Ganancias Reten.   $   2016      5%  Capacid.de Fabr. $  21000     525 unid.
Capital            $  22838     57%  Inversión Neta   $   9050     226 unid.
                  --------- -------                   --------- ------
Pasivo+Patrimonio  $  40363    100%  Próx. Capacidad  $  30050     751 unid.

Flujo de Caja
---------
Caja Inicial       $  11879
Utilidad Neta      $    633
Depreciación       $   1050
Invers. de Capital $ -10100
Cambio de Invent.  $      0
Préstamo Neto      $   6851
                  ---------
Caja Final         $  10313

 La cantidad demandada fue mayor que la producción (cantidad ofertada).
--Puede reducir la cantidad demandada con un precio m s alto.
--Puede reducir la demanda (la curva de la demanda cambiar a la izquierda)
 con menos marketing y/o menos I&D.
--Puede incrementar la cantidad ofertada con más producción.

