            Reporte de la Compañía KIRA for Período 1

Estado de Ingresos         % Ventas  Reporte de Operaciones
------------------           ------  ----------------------
Ventas             $  12462    100%  Decisiones:Precio     $    62
CBV                $  -3618     29%             Producción     420 unid.
                  --------- -------             Marketing  $  2500
Margen Bruto       $   8844     71%             Inversión  $ 12000
Marketing          $  -2500     20%             I & D      $  6000
Depreciación       $  -1050      8%
I & D              $  -6000     48%
Carga Social       $      0      0%  Reporte de Producción:
Cargo Inventario   $      0      0%  Producción                420 unid.
Interés            $   -654      5%  Capacid. de Fábrica       525 unid.
                  --------- -------  Capacid. Utilizada        80%
Utilid.ant.de Imp. $  -1360    -10%  Produc.Costo/Unidad   $ 18.00
Impuestos          $      0      0%  Inventario                219 unid.
                  --------- -------  Empleados                  84 trabaj.
Utilidad Neta      $  -1360    -10%

Hoja de Balance             % Total  Reporte de Marketing:
---------------             -------  Ordenes Recibidas         201 unid.
Efectivo           $  11098     24%  Ventas Realizadas         201 unid.
Inventario         $   3942      8%  Ordenes no Realizadas       0 unid.
Inver. de Capital  $  31950     68%  Precio/Unid. Vendida  $ 62.00
                  --------- -------  Tot. Costo/Unid Vend. $ 68.77
Total Activo       $  46990    100%  Margen/Unid.Vendida   $ -6.77

Préstamos          $  23789     51%  Reporte de Inversión:
Ganancias Reten.   $    363      1%  Capacid.de Fabr. $  21000     525 unid.
Capital            $  22838     49%  Inversión Neta   $  10950     274 unid.
                  --------- -------                   --------- ------
Pasivo+Patrimonio  $  46990    100%  Próx. Capacidad  $  31950     799 unid.

Flujo de Caja
---------
Caja Inicial       $  11879
Utilidad Neta      $  -1360
Depreciación       $   1050
Invers. de Capital $ -12000
Cambio de Invent.  $  -3942
Préstamo Neto      $  15131
                  ---------
Caja Final         $  11098

 La producción (cantidad ofertada) fue mayor que la demanda.
--Puede incrementar la cantidad demandada con un precio m s bajo.
--Puede incrementar la demanda (la curva de la demanda cambia a la derecha) 
 inviertiendo m s en el marketing e I & D.
--Puede reducir la cantidad ofertada produciendo menos.

 En este período su inventario excede 10 23607e su producción. Remember
there is an opportunity cost to carrying inventory. 
¿Es esto parte de su estrategia a largo plazo?

