            Reporte de la Compañía RAGNA for Período 1

Estado de Ingresos         % Ventas  Reporte de Operaciones
------------------           ------  ----------------------
Ventas             $  14150    100%  Decisiones:Precio     $    50
CBV                $  -5094     36%             Producción     420 unid.
                  --------- -------             Marketing  $  3000
Margen Bruto       $   9056     64%             Inversión  $ 11500
Marketing          $  -3000     21%             I & D      $  3000
Depreciación       $  -1050      7%
I & D              $  -3000     21%
Carga Social       $      0      0%  Reporte de Producción:
Cargo Inventario   $      0      0%  Producción                420 unid.
Interés            $   -572      4%  Capacid. de Fábrica       525 unid.
                  --------- -------  Capacid. Utilizada        80%
Utilid.ant.de Imp. $   1434     10%  Produc.Costo/Unidad   $ 18.00
Impuestos          $   -359      3%  Inventario                137 unid.
                  --------- -------  Empleados                  84 trabaj.
Utilidad Neta      $   1075      8%

Hoja de Balance             % Total  Reporte de Marketing:
---------------             -------  Ordenes Recibidas         283 unid.
Efectivo           $  12169     26%  Ventas Realizadas         283 unid.
Inventario         $   2466      5%  Ordenes no Realizadas       0 unid.
Inver. de Capital  $  31450     68%  Precio/Unid. Vendida  $ 50.00
                  --------- -------  Tot. Costo/Unid Vend. $ 44.93
Total Activo       $  46085    100%  Margen/Unid.Vendida   $  5.07

Préstamos          $  20789     45%  Reporte de Inversión:
Ganancias Reten.   $   2458      5%  Capacid.de Fabr. $  21000     525 unid.
Capital            $  22838     50%  Inversión Neta   $  10450     261 unid.
                  --------- -------                   --------- ------
Pasivo+Patrimonio  $  46085    100%  Próx. Capacidad  $  31450     786 unid.

Flujo de Caja
---------
Caja Inicial       $  11879
Utilidad Neta      $   1075
Depreciación       $   1050
Invers. de Capital $ -11500
Cambio de Invent.  $  -2466
Préstamo Neto      $  12131
                  ---------
Caja Final         $  12169

 La producción (cantidad ofertada) fue mayor que la demanda.
--Puede incrementar la cantidad demandada con un precio m s bajo.
--Puede incrementar la demanda (la curva de la demanda cambia a la derecha) 
 inviertiendo m s en el marketing e I & D.
--Puede reducir la cantidad ofertada produciendo menos.

 En este período su inventario excede 10 23607e su producción. Remember
there is an opportunity cost to carrying inventory. 
¿Es esto parte de su estrategia a largo plazo?

