            Reporte de la Compañía ECA for Período 1

Estado de Ingresos         % Ventas  Reporte de Operaciones
------------------           ------  ----------------------
Ventas             $  11760    100%  Decisiones:Precio     $    28
CBV                $  -7560     64%             Producción     420 unid.
                  --------- -------             Marketing  $   706
Margen Bruto       $   4200     36%             Inversión  $  1620
Marketing          $   -706      6%             I & D      $   314
Depreciación       $  -1050      9%
I & D              $   -314      3%
Carga Social       $      0      0%  Reporte de Producción:
Cargo Inventario   $      0      0%  Producción                420 unid.
Interés            $   -163      1%  Capacid. de Fábrica       525 unid.
                  --------- -------  Capacid. Utilizada        80%
Utilid.ant.de Imp. $   1967     17%  Produc.Costo/Unidad   $ 18.00
Impuestos          $   -492      4%  Inventario                  0 unid.
                  --------- -------  Empleados                  84 trabaj.
Utilidad Neta      $   1475     13%

Hoja de Balance             % Total  Reporte de Marketing:
---------------             -------  Ordenes Recibidas         883 unid.
Efectivo           $  10055     32%  Ventas Realizadas         420 unid.
Inventario         $      0      0%  Ordenes no Realizadas     463 unid.
Inver. de Capital  $  21570     68%  Precio/Unid. Vendida  $ 28.00
                  --------- -------  Tot. Costo/Unid Vend. $ 23.32
Total Activo       $  31625    100%  Margen/Unid.Vendida   $  4.68

Préstamos          $   5929     19%  Reporte de Inversión:
Ganancias Reten.   $   2858      9%  Capacid.de Fabr. $  21000     525 unid.
Capital            $  22838     72%  Inversión Neta   $    570      14 unid.
                  --------- -------                   --------- ------
Pasivo+Patrimonio  $  31625    100%  Próx. Capacidad  $  21570     539 unid.

Flujo de Caja
---------
Caja Inicial       $  11879
Utilidad Neta      $   1475
Depreciación       $   1050
Invers. de Capital $  -1620
Cambio de Invent.  $      0
Préstamo Neto      $  -2729
                  ---------
Caja Final         $  10055

 La cantidad demandada fue mayor que la producción (cantidad ofertada).
--Puede reducir la cantidad demandada con un precio m s alto.
--Puede reducir la demanda (la curva de la demanda cambiar a la izquierda)
 con menos marketing y/o menos I&D.
--Puede incrementar la cantidad ofertada con más producción.

