            Reporte de la Compañía CRONO for Período 1

Estado de Ingresos         % Ventas  Reporte de Operaciones
------------------           ------  ----------------------
Ventas             $  15260    100%  Decisiones:Precio     $    35
CBV                $  -7874     52%             Producción     436 unid.
                  --------- -------             Marketing  $  2000
Margen Bruto       $   7386     48%             Inversión  $  8500
Marketing          $  -2000     13%             I & D      $   500
Depreciación       $  -1050      7%
I & D              $   -500      3%
Carga Social       $      0      0%  Reporte de Producción:
Cargo Inventario   $      0      0%  Producción                436 unid.
Interés            $   -402      3%  Capacid. de Fábrica       525 unid.
                  --------- -------  Capacid. Utilizada        83%
Utilid.ant.de Imp. $   3434     23%  Produc.Costo/Unidad   $ 18.06
Impuestos          $   -859      6%  Inventario                  0 unid.
                  --------- -------  Empleados                  87 trabaj.
Utilidad Neta      $   2575     17%

Hoja de Balance             % Total  Reporte de Marketing:
---------------             -------  Ordenes Recibidas         545 unid.
Efectivo           $  12949     31%  Ventas Realizadas         436 unid.
Inventario         $      0      0%  Ordenes no Realizadas     109 unid.
Inver. de Capital  $  28450     69%  Precio/Unid. Vendida  $ 35.00
                  --------- -------  Tot. Costo/Unid Vend. $ 27.12
Total Activo       $  41399    100%  Margen/Unid.Vendida   $  7.88

Préstamos          $  14603     35%  Reporte de Inversión:
Ganancias Reten.   $   3958     10%  Capacid.de Fabr. $  21000     525 unid.
Capital            $  22838     55%  Inversión Neta   $   7450     186 unid.
                  --------- -------                   --------- ------
Pasivo+Patrimonio  $  41399    100%  Próx. Capacidad  $  28450     711 unid.

Flujo de Caja
---------
Caja Inicial       $  11879
Utilidad Neta      $   2575
Depreciación       $   1050
Invers. de Capital $  -8500
Cambio de Invent.  $      0
Préstamo Neto      $   5945
                  ---------
Caja Final         $  12949

 La cantidad demandada fue mayor que la producción (cantidad ofertada).
--Puede reducir la cantidad demandada con un precio m s alto.
--Puede reducir la demanda (la curva de la demanda cambiar a la izquierda)
 con menos marketing y/o menos I&D.
--Puede incrementar la cantidad ofertada con más producción.

