            Reporte de la Compañía ENTLIN for Período 1

Estado de Ingresos         % Ventas  Reporte de Operaciones
------------------           ------  ----------------------
Ventas             $  18700    100%  Decisiones:Precio     $    50
CBV                $  -6732     36%             Producción     420 unid.
                  --------- -------             Marketing  $  3000
Margen Bruto       $  11968     64%             Inversión  $ 10050
Marketing          $  -3000     16%             I & D      $  6000
Depreciación       $  -1050      6%
I & D              $  -6000     32%
Carga Social       $      0      0%  Reporte de Producción:
Cargo Inventario   $      0      0%  Producción                420 unid.
Interés            $   -614      3%  Capacid. de Fábrica       525 unid.
                  --------- -------  Capacid. Utilizada        80%
Utilid.ant.de Imp. $   1304      7%  Produc.Costo/Unidad   $ 18.00
Impuestos          $   -326      2%  Inventario                 46 unid.
                  --------- -------  Empleados                  84 trabaj.
Utilidad Neta      $    978      5%

Hoja de Balance             % Total  Reporte de Marketing:
---------------             -------  Ordenes Recibidas         374 unid.
Efectivo           $  16710     35%  Ventas Realizadas         374 unid.
Inventario         $    828      2%  Ordenes no Realizadas       0 unid.
Inver. de Capital  $  30000     63%  Precio/Unid. Vendida  $ 50.00
                  --------- -------  Tot. Costo/Unid Vend. $ 46.51
Total Activo       $  47538    100%  Margen/Unid.Vendida   $  3.49

Préstamos          $  22339     47%  Reporte de Inversión:
Ganancias Reten.   $   2361      5%  Capacid.de Fabr. $  21000     525 unid.
Capital            $  22838     48%  Inversión Neta   $   9000     225 unid.
                  --------- -------                   --------- ------
Pasivo+Patrimonio  $  47538    100%  Próx. Capacidad  $  30000     750 unid.

Flujo de Caja
---------
Caja Inicial       $  11879
Utilidad Neta      $    978
Depreciación       $   1050
Invers. de Capital $ -10050
Cambio de Invent.  $   -828
Préstamo Neto      $  13681
                  ---------
Caja Final         $  16710

 La producción (cantidad ofertada) fue mayor que la demanda.
--Puede incrementar la cantidad demandada con un precio m s bajo.
--Puede incrementar la demanda (la curva de la demanda cambia a la derecha) 
 inviertiendo m s en el marketing e I & D.
--Puede reducir la cantidad ofertada produciendo menos.

 En este período su inventario excede 10 23607e su producción. Remember
there is an opportunity cost to carrying inventory. 
¿Es esto parte de su estrategia a largo plazo?

