            Reporte de la Compañía LAMGRUP6 for Período 1

Estado de Ingresos         % Ventas  Reporte de Operaciones
------------------           ------  ----------------------
Ventas             $  15420    100%  Decisiones:Precio     $    60
CBV                $  -4677     30%             Producción     400 unid.
                  --------- -------             Marketing  $  4500
Margen Bruto       $  10743     70%             Inversión  $  6000
Marketing          $  -4500     29%             I & D      $  5500
Depreciación       $  -1050      7%
I & D              $  -5500     36%
Carga Social       $      0      0%  Reporte de Producción:
Cargo Inventario   $      0      0%  Producción                400 unid.
Interés            $   -523      3%  Capacid. de Fábrica       525 unid.
                  --------- -------  Capacid. Utilizada        76%
Utilid.ant.de Imp. $   -830     -4%  Produc.Costo/Unidad   $ 18.20
Impuestos          $      0      0%  Inventario                143 unid.
                  --------- -------  Empleados                  80 trabaj.
Utilidad Neta      $   -830     -4%

Hoja de Balance             % Total  Reporte de Marketing:
---------------             -------  Ordenes Recibidas         257 unid.
Efectivo           $  14055     33%  Ventas Realizadas         257 unid.
Inventario         $   2603      6%  Ordenes no Realizadas       0 unid.
Inver. de Capital  $  25950     61%  Precio/Unid. Vendida  $ 60.00
                  --------- -------  Tot. Costo/Unid Vend. $ 63.23
Total Activo       $  42608    100%  Margen/Unid.Vendida   $ -3.23

Préstamos          $  19009     45%  Reporte de Inversión:
Ganancias Reten.   $    761      2%  Capacid.de Fabr. $  21000     525 unid.
Capital            $  22838     54%  Inversión Neta   $   4950     124 unid.
                  --------- -------                   --------- ------
Pasivo+Patrimonio  $  42608    100%  Próx. Capacidad  $  25950     649 unid.

Flujo de Caja
---------
Caja Inicial       $  11879
Utilidad Neta      $   -830
Depreciación       $   1050
Invers. de Capital $  -6000
Cambio de Invent.  $  -2603
Préstamo Neto      $  10351
                  ---------
Caja Final         $  14055

 La producción (cantidad ofertada) fue mayor que la demanda.
--Puede incrementar la cantidad demandada con un precio m s bajo.
--Puede incrementar la demanda (la curva de la demanda cambia a la derecha) 
 inviertiendo m s en el marketing e I & D.
--Puede reducir la cantidad ofertada produciendo menos.

 En este período su inventario excede 10 23607e su producción. Remember
there is an opportunity cost to carrying inventory. 
¿Es esto parte de su estrategia a largo plazo?

