            Reporte de la Compañía ADORA3 for Período 1

Estado de Ingresos         % Ventas  Reporte de Operaciones
------------------           ------  ----------------------
Ventas             $  13680    100%  Decisiones:Precio     $    45
CBV                $  -5472     40%             Producción     420 unid.
                  --------- -------             Marketing  $  3000
Margen Bruto       $   8208     60%             Inversión  $  1050
Marketing          $  -3000     22%             I & D      $  1500
Depreciación       $  -1050      8%
I & D              $  -1500     11%
Carga Social       $      0      0%  Reporte de Producción:
Cargo Inventario   $      0      0%  Producción                420 unid.
Interés            $   -243      2%  Capacid. de Fábrica       525 unid.
                  --------- -------  Capacid. Utilizada        80%
Utilid.ant.de Imp. $   2415     18%  Produc.Costo/Unidad   $ 18.00
Impuestos          $   -604      4%  Inventario                116 unid.
                  --------- -------  Empleados                  84 trabaj.
Utilidad Neta      $   1811     13%

Hoja de Balance             % Total  Reporte de Marketing:
---------------             -------  Ordenes Recibidas         304 unid.
Efectivo           $  11783     34%  Ventas Realizadas         304 unid.
Inventario         $   2088      6%  Ordenes no Realizadas       0 unid.
Inver. de Capital  $  21000     60%  Precio/Unid. Vendida  $ 45.00
                  --------- -------  Tot. Costo/Unid Vend. $ 37.06
Total Activo       $  34871    100%  Margen/Unid.Vendida   $  7.94

Préstamos          $   8839     25%  Reporte de Inversión:
Ganancias Reten.   $   3194      9%  Capacid.de Fabr. $  21000     525 unid.
Capital            $  22838     65%  Inversión Neta   $      0       0 unid.
                  --------- -------                   --------- ------
Pasivo+Patrimonio  $  34871    100%  Próx. Capacidad  $  21000     525 unid.

Flujo de Caja
---------
Caja Inicial       $  11879
Utilidad Neta      $   1811
Depreciación       $   1050
Invers. de Capital $  -1050
Cambio de Invent.  $  -2088
Préstamo Neto      $    181
                  ---------
Caja Final         $  11783

 La producción (cantidad ofertada) fue mayor que la demanda.
--Puede incrementar la cantidad demandada con un precio m s bajo.
--Puede incrementar la demanda (la curva de la demanda cambia a la derecha) 
 inviertiendo m s en el marketing e I & D.
--Puede reducir la cantidad ofertada produciendo menos.

 En este período su inventario excede 10 23607e su producción. Remember
there is an opportunity cost to carrying inventory. 
¿Es esto parte de su estrategia a largo plazo?

