            Reporte de la Compañía HEROS for Período 1

Estado de Ingresos         % Ventas  Reporte de Operaciones
------------------           ------  ----------------------
Ventas             $  16275    100%  Decisiones:Precio     $    31
CBV                $ -10899     67%             Producción     525 unid.
                  --------- -------             Marketing  $  1050
Margen Bruto       $   5376     33%             Inversión  $ 12000
Marketing          $  -1050      6%             I & D      $   800
Depreciación       $  -1050      6%
I & D              $   -800      5%
Carga Social       $      0      0%  Reporte de Producción:
Cargo Inventario   $      0      0%  Producción                525 unid.
Interés            $   -563      3%  Capacid. de Fábrica       525 unid.
                  --------- -------  Capacid. Utilizada       100%
Utilid.ant.de Imp. $   1913     12%  Produc.Costo/Unidad   $ 20.76
Impuestos          $   -478      3%  Inventario                  0 unid.
                  --------- -------  Empleados                 105 trabaj.
Utilidad Neta      $   1435      9%

Hoja de Balance             % Total  Reporte de Marketing:
---------------             -------  Ordenes Recibidas         662 unid.
Efectivo           $  14184     31%  Ventas Realizadas         525 unid.
Inventario         $      0      0%  Ordenes no Realizadas     137 unid.
Inver. de Capital  $  31950     69%  Precio/Unid. Vendida  $ 31.00
                  --------- -------  Tot. Costo/Unid Vend. $ 27.36
Total Activo       $  46134    100%  Margen/Unid.Vendida   $  3.64

Préstamos          $  20478     44%  Reporte de Inversión:
Ganancias Reten.   $   2818      6%  Capacid.de Fabr. $  21000     525 unid.
Capital            $  22838     50%  Inversión Neta   $  10950     274 unid.
                  --------- -------                   --------- ------
Pasivo+Patrimonio  $  46134    100%  Próx. Capacidad  $  31950     799 unid.

Flujo de Caja
---------
Caja Inicial       $  11879
Utilidad Neta      $   1435
Depreciación       $   1050
Invers. de Capital $ -12000
Cambio de Invent.  $      0
Préstamo Neto      $  11820
                  ---------
Caja Final         $  14184

 La cantidad demandada fue mayor que la producción (cantidad ofertada).
--Puede reducir la cantidad demandada con un precio m s alto.
--Puede reducir la demanda (la curva de la demanda cambiar a la izquierda)
 con menos marketing y/o menos I&D.
--Puede incrementar la cantidad ofertada con más producción.

 Su producción est  por encima del 5 23607el costo mínimo por unidad, del nivel 
 de producción. Ud. podría reducir la producción o incrementar la capacidad 
 para lograr un costo mínimo por unidad.

