            Reporte de la Compañía PUNTO for Período 1

Estado de Ingresos         % Ventas  Reporte de Operaciones
------------------           ------  ----------------------
Ventas             $  19159    100%  Decisiones:Precio     $    49
CBV                $  -7194     38%             Producción     460 unid.
                  --------- -------             Marketing  $  4000
Margen Bruto       $  11965     62%             Inversión  $  2000
Marketing          $  -4000     21%             I & D      $  5000
Depreciación       $  -1050      5%
I & D              $  -5000     26%
Carga Social       $      0      0%  Reporte de Producción:
Cargo Inventario   $      0      0%  Producción                460 unid.
Interés            $   -418      2%  Capacid. de Fábrica       525 unid.
                  --------- -------  Capacid. Utilizada        88%
Utilid.ant.de Imp. $   1497      8%  Produc.Costo/Unidad   $ 18.40
Impuestos          $   -374      2%  Inventario                 69 unid.
                  --------- -------  Empleados                  92 trabaj.
Utilidad Neta      $   1123      6%

Hoja de Balance             % Total  Reporte de Marketing:
---------------             -------  Ordenes Recibidas         391 unid.
Efectivo           $  17317     43%  Ventas Realizadas         391 unid.
Inventario         $   1270      3%  Ordenes no Realizadas       0 unid.
Inver. de Capital  $  21950     54%  Precio/Unid. Vendida  $ 49.00
                  --------- -------  Tot. Costo/Unid Vend. $ 45.17
Total Activo       $  40537    100%  Margen/Unid.Vendida   $  3.83

Préstamos          $  15193     37%  Reporte de Inversión:
Ganancias Reten.   $   2506      6%  Capacid.de Fabr. $  21000     525 unid.
Capital            $  22838     56%  Inversión Neta   $    950      24 unid.
                  --------- -------                   --------- ------
Pasivo+Patrimonio  $  40537    100%  Próx. Capacidad  $  21950     549 unid.

Flujo de Caja
---------
Caja Inicial       $  11879
Utilidad Neta      $   1123
Depreciación       $   1050
Invers. de Capital $  -2000
Cambio de Invent.  $  -1270
Préstamo Neto      $   6535
                  ---------
Caja Final         $  17317

 La producción (cantidad ofertada) fue mayor que la demanda.
--Puede incrementar la cantidad demandada con un precio m s bajo.
--Puede incrementar la demanda (la curva de la demanda cambia a la derecha) 
 inviertiendo m s en el marketing e I & D.
--Puede reducir la cantidad ofertada produciendo menos.

 En este período su inventario excede 10 23607e su producción. Remember
there is an opportunity cost to carrying inventory. 
¿Es esto parte de su estrategia a largo plazo?

 Su producción est  por encima del 5 23607el costo mínimo por unidad, del nivel 
 de producción. Ud. podría reducir la producción o incrementar la capacidad 
 para lograr un costo mínimo por unidad.

