            Reporte de la Compañía METAP for Período 1

Estado de Ingresos         % Ventas  Reporte de Operaciones
------------------           ------  ----------------------
Ventas             $  18375    100%  Decisiones:Precio     $    35
CBV                $ -10899     59%             Producción     525 unid.
                  --------- -------             Marketing  $  2500
Margen Bruto       $   7476     41%             Inversión  $  6500
Marketing          $  -2500     14%             I & D      $  2500
Depreciación       $  -1050      6%
I & D              $  -2500     14%
Carga Social       $      0      0%  Reporte de Producción:
Cargo Inventario   $      0      0%  Producción                525 unid.
Interés            $   -499      3%  Capacid. de Fábrica       525 unid.
                  --------- -------  Capacid. Utilizada       100%
Utilid.ant.de Imp. $    927      5%  Produc.Costo/Unidad   $ 20.76
Impuestos          $   -232      1%  Inventario                  0 unid.
                  --------- -------  Empleados                 105 trabaj.
Utilidad Neta      $    695      4%

Hoja de Balance             % Total  Reporte de Marketing:
---------------             -------  Ordenes Recibidas         591 unid.
Efectivo           $  16594     39%  Ventas Realizadas         525 unid.
Inventario         $      0      0%  Ordenes no Realizadas      66 unid.
Inver. de Capital  $  26450     61%  Precio/Unid. Vendida  $ 35.00
                  --------- -------  Tot. Costo/Unid Vend. $ 33.23
Total Activo       $  43044    100%  Margen/Unid.Vendida   $  1.77

Préstamos          $  18128     42%  Reporte de Inversión:
Ganancias Reten.   $   2078      5%  Capacid.de Fabr. $  21000     525 unid.
Capital            $  22838     53%  Inversión Neta   $   5450     136 unid.
                  --------- -------                   --------- ------
Pasivo+Patrimonio  $  43044    100%  Próx. Capacidad  $  26450     661 unid.

Flujo de Caja
---------
Caja Inicial       $  11879
Utilidad Neta      $    695
Depreciación       $   1050
Invers. de Capital $  -6500
Cambio de Invent.  $      0
Préstamo Neto      $   9470
                  ---------
Caja Final         $  16594

 La cantidad demandada fue mayor que la producción (cantidad ofertada).
--Puede reducir la cantidad demandada con un precio m s alto.
--Puede reducir la demanda (la curva de la demanda cambiar a la izquierda)
 con menos marketing y/o menos I&D.
--Puede incrementar la cantidad ofertada con más producción.

 Su producción est  por encima del 5 23607el costo mínimo por unidad, del nivel 
 de producción. Ud. podría reducir la producción o incrementar la capacidad 
 para lograr un costo mínimo por unidad.

