            Reporte de la Compañía IMBATI for Período 1

Estado de Ingresos         % Ventas  Reporte de Operaciones
------------------           ------  ----------------------
Ventas             $  22800    100%  Decisiones:Precio     $    60
CBV                $  -7889     35%             Producción     525 unid.
                  --------- -------             Marketing  $ 13000
Margen Bruto       $  14911     65%             Inversión  $   900
Marketing          $ -13000     57%             I & D      $  2000
Depreciación       $  -1050      5%
I & D              $  -2000      9%
Carga Social       $      0      0%  Reporte de Producción:
Cargo Inventario   $      0      0%  Producción                525 unid.
Interés            $   -620      3%  Capacid. de Fábrica       525 unid.
                  --------- -------  Capacid. Utilizada       100%
Utilid.ant.de Imp. $  -1759     -7%  Produc.Costo/Unidad   $ 20.76
Impuestos          $      0      0%  Inventario                145 unid.
                  --------- -------  Empleados                 105 trabaj.
Utilidad Neta      $  -1759     -7%

Hoja de Balance             % Total  Reporte de Marketing:
---------------             -------  Ordenes Recibidas         380 unid.
Efectivo           $  21569     47%  Ventas Realizadas         380 unid.
Inventario         $   3011      7%  Ordenes no Realizadas       0 unid.
Inver. de Capital  $  20850     46%  Precio/Unid. Vendida  $ 60.00
                  --------- -------  Tot. Costo/Unid Vend. $ 64.63
Total Activo       $  45430    100%  Margen/Unid.Vendida   $ -4.63

Préstamos          $  22528     50%  Reporte de Inversión:
Ganancias Reten.   $     64      0%  Capacid.de Fabr. $  21000     525 unid.
Capital            $  22838     50%  Inversión Neta   $   -150      -4 unid.
                  --------- -------                   --------- ------
Pasivo+Patrimonio  $  45430    100%  Próx. Capacidad  $  20850     521 unid.

Flujo de Caja
---------
Caja Inicial       $  11879
Utilidad Neta      $  -1759
Depreciación       $   1050
Invers. de Capital $   -900
Cambio de Invent.  $  -3011
Préstamo Neto      $  13870
                  ---------
Caja Final         $  21569

 La producción (cantidad ofertada) fue mayor que la demanda.
--Puede incrementar la cantidad demandada con un precio m s bajo.
--Puede incrementar la demanda (la curva de la demanda cambia a la derecha) 
 inviertiendo m s en el marketing e I & D.
--Puede reducir la cantidad ofertada produciendo menos.

 En este período su inventario excede 10 23607e su producción. Remember
there is an opportunity cost to carrying inventory. 
¿Es esto parte de su estrategia a largo plazo?

 Su producción est  por encima del 5 23607el costo mínimo por unidad, del nivel 
 de producción. Ud. podría reducir la producción o incrementar la capacidad 
 para lograr un costo mínimo por unidad.

