            Reporte de la Compañía TAOSZ for Período 1

Estado de Ingresos         % Ventas  Reporte de Operaciones
------------------           ------  ----------------------
Ventas             $  17888    100%  Decisiones:Precio     $    52
CBV                $  -6192     35%             Producción     420 unid.
                  --------- -------             Marketing  $  2100
Margen Bruto       $  11696     65%             Inversión  $  3050
Marketing          $  -2100     12%             I & D      $  5600
Depreciación       $  -1050      6%
I & D              $  -5600     31%
Carga Social       $      0      0%  Reporte de Producción:
Cargo Inventario   $      0      0%  Producción                420 unid.
Interés            $   -386      2%  Capacid. de Fábrica       525 unid.
                  --------- -------  Capacid. Utilizada        80%
Utilid.ant.de Imp. $   2560     14%  Produc.Costo/Unidad   $ 18.00
Impuestos          $   -640      4%  Inventario                 76 unid.
                  --------- -------  Empleados                  84 trabaj.
Utilidad Neta      $   1920     11%

Hoja de Balance             % Total  Reporte de Marketing:
---------------             -------  Ordenes Recibidas         344 unid.
Efectivo           $  15812     39%  Ventas Realizadas         344 unid.
Inventario         $   1368      3%  Ordenes no Realizadas       0 unid.
Inver. de Capital  $  23000     57%  Precio/Unid. Vendida  $ 52.00
                  --------- -------  Tot. Costo/Unid Vend. $ 44.56
Total Activo       $  40180    100%  Margen/Unid.Vendida   $  7.44

Préstamos          $  14039     35%  Reporte de Inversión:
Ganancias Reten.   $   3303      8%  Capacid.de Fabr. $  21000     525 unid.
Capital            $  22838     57%  Inversión Neta   $   2000      50 unid.
                  --------- -------                   --------- ------
Pasivo+Patrimonio  $  40180    100%  Próx. Capacidad  $  23000     575 unid.

Flujo de Caja
---------
Caja Inicial       $  11879
Utilidad Neta      $   1920
Depreciación       $   1050
Invers. de Capital $  -3050
Cambio de Invent.  $  -1368
Préstamo Neto      $   5381
                  ---------
Caja Final         $  15812

 La producción (cantidad ofertada) fue mayor que la demanda.
--Puede incrementar la cantidad demandada con un precio m s bajo.
--Puede incrementar la demanda (la curva de la demanda cambia a la derecha) 
 inviertiendo m s en el marketing e I & D.
--Puede reducir la cantidad ofertada produciendo menos.

 En este período su inventario excede 10 23607e su producción. Remember
there is an opportunity cost to carrying inventory. 
¿Es esto parte de su estrategia a largo plazo?

