                  Reporte Industrial    Período 1

Unidades                    Cambio    Dolares                         Cambio
--------                    ------    -------                         ------
Total Ordenes         5126     63%    Ventas Industr.        $122837     30%
Total Produc.         3460     10%    Precio Promedio        $ 39.12     30%
Total Vendido         3140      0%    Total Producción       $ 64132     11%
Capac. Total          4200      0%    Costo Prom Pdun        $ 18.54      1%
Inventario             320      0%    Total Costo Prom       $ 38.84     53%

Productividad               Cambio    Dolares                         Cambio
-------------               ------    -------                         ------
Empleo                 692     10%    Tasa Prima                 10%      0%
Ventas/Empleado   $    178     18%    Préstamo Límite        $ 50000      0%
Unid./Empleado        5.00      0%    Tasa del Impuesto          25%      0%
Invers. de Cap.   $ 191150     14%    Imp. Pag. Período      $   220    -93%
Capacid. Utiliz.       82%      7%    Imp. Pag. Fecha        $114548      0%

          BORIS    HEUNG ELECTROM  BOENOQ1 MUYLUNES INSTCOLD  GROGNET ATUSSERV
       -------- -------- -------- -------- -------- -------- -------- --------
Ventas  $ 11790  $ 13200  $ 22600  $ 14868  $ 16252  $ 20070  $ 11790  $ 12267
Util.   $  1449  $   346  $  -566  $  2977  $ -3852  $ -2844  $  1449  $  -148
Precio  $    30  $    30  $    50  $    42  $    68  $    45  $    30  $    29
GanRet  $  2832  $  1729  $   959  $  4360  $ -1506  $  -750  $  2832  $  1272
UnRepa      13%      14%      14%      11%       8%      14%      13%      13%
MPI          93       77       73      120       23       45       93       68

Industry Notes
--------------
 Las compañías compensan sus costos altos con precios altos. 
¿Qué efecto tuvo esto en las ordenes?

 Las ordenes excedieron a la producción aún cuando los precios se incrementaron.
 Algunas compañías deben tener inversiones fuertes en Marketing o en I&D.

 La Capacidad Utilizada est  sobre el 80%, el m s eficiente nivel.
 Desde que el inventario fue incrementado este per¡odo, ¨en qu‚
 nivel esperas que la Capacidad estar  el pr¢ximo per¡odo?

 Con una Inversi¢n de Capital alto, habr  m s capacidad en la industria el 
 pr¢ximo per¡odo. Para las compa¤¡as que invirtieron, operaciones eficientes 
 que requer¡an una producción m s alta pero con un costo m s bajo por unidad.

