                  Reporte Industrial    Período 1

Unidades                    Cambio    Dolares                         Cambio
--------                    ------    -------                         ------
Total Ordenes         5122     63%    Ventas Industr.        $129832     38%
Total Produc.         3438      9%    Precio Promedio        $ 45.13     50%
Total Vendido         2877     -7%    Total Producción       $ 63474     10%
Capac. Total          4200      0%    Costo Prom Pdun        $ 18.46      1%
Inventario             561      0%    Total Costo Prom       $ 46.52     84%

Productividad               Cambio    Dolares                         Cambio
-------------               ------    -------                         ------
Empleo                 687      9%    Tasa Prima                 10%      0%
Ventas/Empleado   $    189     26%    Préstamo Límite        $ 50000      0%
Unid./Empleado        5.00      0%    Tasa del Impuesto          25%      0%
Invers. de Cap.   $ 212628     27%    Imp. Pag. Período      $ -1005   -126%
Capacid. Utiliz.       82%      7%    Imp. Pag. Fecha        $ 21123     -4%

       5BESTREL    PANAS      PLD  4TOIFEI AFRECHOS    PAPUS   DOBLEL PERSEFON
       -------- -------- -------- -------- -------- -------- -------- --------
Ventas  $ 11790  $ 14700  $ 21000  $ 21000  $ 14460  $ 13632  $ 18060  $ 15190
Util.   $  1449  $ -7495  $  2188  $ -1333  $ -1001  $ -1782  $  3489  $ -1910
Precio  $    30  $    35  $    40  $    50  $    60  $    64  $    43  $    62
GanRet  $  2832  $ -4238  $  3571  $   383  $   632  $    47  $  4872  $   -49
UnRepa      14%      15%      18%      15%       8%       7%      15%       9%
MPI          92      -21      114       62       53       43      133       44

Industry Notes
--------------
 Las compañías compensan sus costos altos con precios altos. 
¿Qué efecto tuvo esto en las ordenes?

 Las ordenes excedieron a la producción aún cuando los precios se incrementaron.
 Algunas compañías deben tener inversiones fuertes en Marketing o en I&D.

 Con una Inversi¢n de Capital alto, habr  m s capacidad en la industria el 
 pr¢ximo per¡odo. Para las compa¤¡as que invirtieron, operaciones eficientes 
 que requer¡an una producción m s alta pero con un costo m s bajo por unidad.

