            Reporte de la Compañía AKUAGIN for Período 1

Estado de Ingresos         % Ventas  Reporte de Operaciones
------------------           ------  ----------------------
Ventas             $  19360    100%  Decisiones:Precio     $    55
CBV                $  -6336     33%             Producción     420 unid.
                  --------- -------             Marketing  $  5000
Margen Bruto       $  13024     67%             Inversión  $  2050
Marketing          $  -5000     26%             I & D      $  9000
Depreciación       $  -1050      5%
I & D              $  -9000     46%
Carga Social       $      0      0%  Reporte de Producción:
Cargo Inventario   $      0      0%  Producción                420 unid.
Interés            $   -532      3%  Capacid. de Fábrica       525 unid.
                  --------- -------  Capacid. Utilizada        80%
Utilid.ant.de Imp. $  -2558    -12%  Produc.Costo/Unidad   $ 18.00
Impuestos          $      0      0%  Inventario                 68 unid.
                  --------- -------  Empleados                  84 trabaj.
Utilidad Neta      $  -2558    -12%

Hoja de Balance             % Total  Reporte de Marketing:
---------------             -------  Ordenes Recibidas         352 unid.
Efectivo           $  18418     44%  Ventas Realizadas         352 unid.
Inventario         $   1224      3%  Ordenes no Realizadas       0 unid.
Inver. de Capital  $  22000     53%  Precio/Unid. Vendida  $ 55.00
                  --------- -------  Tot. Costo/Unid Vend. $ 62.27
Total Activo       $  41642    100%  Margen/Unid.Vendida   $ -7.27

Préstamos          $  19339     46%  Reporte de Inversión:
Ganancias Reten.   $   -535      0%  Capacid.de Fabr. $  21000     525 unid.
Capital            $  22838     55%  Inversión Neta   $   1000      25 unid.
                  --------- -------                   --------- ------
Pasivo+Patrimonio  $  41642    100%  Próx. Capacidad  $  22000     550 unid.

Flujo de Caja
---------
Caja Inicial       $  11879
Utilidad Neta      $  -2558
Depreciación       $   1050
Invers. de Capital $  -2050
Cambio de Invent.  $  -1224
Préstamo Neto      $  10681
                  ---------
Caja Final         $  18418

 La producción (cantidad ofertada) fue mayor que la demanda.
--Puede incrementar la cantidad demandada con un precio m s bajo.
--Puede incrementar la demanda (la curva de la demanda cambia a la derecha) 
 inviertiendo m s en el marketing e I & D.
--Puede reducir la cantidad ofertada produciendo menos.

 En este período su inventario excede 10 23607e su producción. Remember
there is an opportunity cost to carrying inventory. 
¿Es esto parte de su estrategia a largo plazo?

