                  Reporte Industrial    Período 1

Unidades                    Cambio    Dolares                         Cambio
--------                    ------    -------                         ------
Total Ordenes         5405     71%    Ventas Industr.        $120385     28%
Total Produc.         3364      7%    Precio Promedio        $ 38.86     30%
Total Vendido         3098      0%    Total Producción       $ 62286      8%
Capac. Total          4200      0%    Costo Prom Pdun        $ 18.52      1%
Inventario             266      0%    Total Costo Prom       $ 38.98     54%

Productividad               Cambio    Dolares                         Cambio
-------------               ------    -------                         ------
Empleo                 672      7%    Tasa Prima                 10%      0%
Ventas/Empleado   $    179     19%    Préstamo Límite        $ 50000      0%
Unid./Empleado        5.01      0%    Tasa del Impuesto          25%      0%
Invers. de Cap.   $ 196880     17%    Imp. Pag. Período      $  -120   -102%
Capacid. Utiliz.       80%      5%    Imp. Pag. Fecha        $ 88392      0%

         SABATO   MELNIK    PUNTO    ECODA   LANASA    BUCKS   3MELEC    VESTA
       -------- -------- -------- -------- -------- -------- -------- --------
Ventas  $ 11790  $ 14700  $ 19159  $ 17976  $  9850  $ 20070  $ 11790  $ 15050
Util.   $  1449  $ -7121  $  1123  $  3646  $  1941  $ -5084  $  1449  $ -1083
Precio  $    30  $    35  $    49  $    42  $    50  $    45  $    30  $    35
GanRet  $  2832  $ -3958  $  2506  $  5029  $  3324  $ -2430  $  2832  $   571
UnRepa      13%      14%      13%      14%       6%      14%      13%      14%
MPI          93      -14       95      135       92       18       93       61

Industry Notes
--------------
 Las compañías compensan sus costos altos con precios altos. 
¿Qué efecto tuvo esto en las ordenes?

 Las ordenes excedieron a la producción aún cuando los precios se incrementaron.
 Algunas compañías deben tener inversiones fuertes en Marketing o en I&D.

 Con una Inversi¢n de Capital alto, habr  m s capacidad en la industria el 
 pr¢ximo per¡odo. Para las compa¤¡as que invirtieron, operaciones eficientes 
 que requer¡an una producción m s alta pero con un costo m s bajo por unidad.

