                  Reporte Industrial    Período 1

Unidades                    Cambio    Dolares                         Cambio
--------                    ------    -------                         ------
Total Ordenes         5211     65%    Ventas Industr.        $127432     35%
Total Produc.         3648     16%    Precio Promedio        $ 45.81     53%
Total Vendido         2782    -11%    Total Producción       $ 70152     22%
Capac. Total          4200      0%    Costo Prom Pdun        $ 19.23      5%
Inventario             866      0%    Total Costo Prom       $ 48.04     90%

Productividad               Cambio    Dolares                         Cambio
-------------               ------    -------                         ------
Empleo                 729     16%    Tasa Prima                 10%      0%
Ventas/Empleado   $    175     16%    Préstamo Límite        $ 50000      0%
Unid./Empleado        5.00      0%    Tasa del Impuesto          25%      0%
Invers. de Cap.   $ 224020     33%    Imp. Pag. Período      $ -1558   -141%
Capacid. Utiliz.       87%     12%    Imp. Pag. Fecha        $  9506    -13%

        5BMARGA  FROZONO  TECHEMP STRATTON     MDMB     TITO    TOKIO   MORFEO
       -------- -------- -------- -------- -------- -------- -------- --------
Ventas  $ 11790  $ 21650  $ 17875  $ 14700  $ 16315  $ 22912  $ 12180  $ 10010
Util.   $  1449  $  -663  $  -655  $ -6147  $ -1490  $ -2912  $   581  $  2199
Precio  $    30  $    50  $    55  $    35  $    65  $    64  $    29  $    55
GanRet  $  2832  $   886  $   892  $ -3227  $   266  $  -801  $  1964  $  3582
UnRepa      14%      16%      12%      15%       9%      13%      15%       7%
MPI          92       67       61       -5       50       39       79       96

Industry Notes
--------------
 Las compañías compensan sus costos altos con precios altos. 
¿Qué efecto tuvo esto en las ordenes?

 Las ordenes excedieron a la producción aún cuando los precios se incrementaron.
 Algunas compañías deben tener inversiones fuertes en Marketing o en I&D.

 La Capacidad Utilizada est  sobre el 80%, el m s eficiente nivel.
 Desde que el inventario fue incrementado este per¡odo, ¨en qu‚
 nivel esperas que la Capacidad estar  el pr¢ximo per¡odo?

 Con una Inversi¢n de Capital alto, habr  m s capacidad en la industria el 
 pr¢ximo per¡odo. Para las compa¤¡as que invirtieron, operaciones eficientes 
 que requer¡an una producción m s alta pero con un costo m s bajo por unidad.

