                  Reporte Industrial    Período 1

Unidades                    Cambio    Dolares                         Cambio
--------                    ------    -------                         ------
Total Ordenes         4329     37%    Ventas Industr.        $122321     30%
Total Produc.         5105     62%    Precio Promedio        $ 42.50     42%
Total Vendido         2878     -7%    Total Producción       $1344320   2229%
Capac. Total          4200      0%    Costo Prom Pdun        $263.33   1334%
Inventario            2227      0%    Total Costo Prom       $112.72    345%

Productividad               Cambio    Dolares                         Cambio
-------------               ------    -------                         ------
Empleo                1021     63%    Tasa Prima                 10%      0%
Ventas/Empleado   $    120    -19%    Préstamo Límite        $ 50000      0%
Unid./Empleado        5.00      0%    Tasa del Impuesto          25%      0%
Invers. de Cap.   $ 192700     15%    Imp. Pag. Período      $-50521   -1469%
Capacid. Utiliz.      122%     47%    Imp. Pag. Fecha        $ 23239    -67%

         ADNEEE   ADORA4      CSR   TARTAL  TAPIRES   MEDUSA   3LUNAS   HERMES
       -------- -------- -------- -------- -------- -------- -------- --------
Ventas  $ 11790  $ 15120  $ 16380  $ 11790  $ 17150  $ 15072  $ 16884  $ 18135
Util.   $  1449  $  2936  $   239  $  1449  $ -1196  $   568  $-205107  $ -4634
Precio  $    30  $    36  $    35  $    30  $    50  $    48  $    63  $    65
GanRet  $  2832  $  4318  $  1622  $  2832  $   486  $  1951  $-152447  $ -2092
UnRepa      14%      15%      16%      14%      12%      11%       9%      10%
MPI          93      121       79       93       57       80    -2714       14

Industry Notes
--------------
 Las compañías compensan sus costos altos con precios altos. 
¿Qué efecto tuvo esto en las ordenes?

 Con los precios altos, las ordenes y las ventas son m s bajas 
 que la producci¢n. Los inventarios son altos. ¨Qu‚ direcci¢n 
 tomar n los precios probablemente el pr¢ximo per¡odo?

 La Capacidad Utilizada est  sobre el 80%, el m s eficiente nivel.
 Desde que el inventario fue incrementado este per¡odo, ¨en qu‚
 nivel esperas que la Capacidad estar  el pr¢ximo per¡odo?

 Con una Inversi¢n de Capital alto, habr  m s capacidad en la industria el 
 pr¢ximo per¡odo. Para las compa¤¡as que invirtieron, operaciones eficientes 
 que requer¡an una producción m s alta pero con un costo m s bajo por unidad.

 Ud. se ha excedido en el l¡mite de su cr‚dito. 
 Sus decisiones deben estar aprobadas por el profesor o el consultor.

