            Reporte de la Compañía CATANETA for Período 1

Estado de Ingresos         % Ventas  Reporte de Operaciones
------------------           ------  ----------------------
Ventas             $  19665    100%  Decisiones:Precio     $    45
CBV                $  -8565     44%             Producción     500 unid.
                  --------- -------             Marketing  $  4500
Margen Bruto       $  11100     56%             Inversión  $ 10500
Marketing          $  -4500     23%             I & D      $  3000
Depreciación       $  -1050      5%
I & D              $  -3000     15%
Carga Social       $      0      0%  Reporte de Producción:
Cargo Inventario   $      0      0%  Producción                500 unid.
Interés            $   -647      3%  Capacid. de Fábrica       525 unid.
                  --------- -------  Capacid. Utilizada        95%
Utilid.ant.de Imp. $   1903     10%  Produc.Costo/Unidad   $ 19.60
Impuestos          $   -476      2%  Inventario                 63 unid.
                  --------- -------  Empleados                 100 trabaj.
Utilidad Neta      $   1427      7%

Hoja de Balance             % Total  Reporte de Marketing:
---------------             -------  Ordenes Recibidas         437 unid.
Efectivo           $  17492     36%  Ventas Realizadas         437 unid.
Inventario         $   1235      3%  Ordenes no Realizadas       0 unid.
Inver. de Capital  $  30450     62%  Precio/Unid. Vendida  $ 45.00
                  --------- -------  Tot. Costo/Unid Vend. $ 40.65
Total Activo       $  49177    100%  Margen/Unid.Vendida   $  4.35

Préstamos          $  23529     48%  Reporte de Inversión:
Ganancias Reten.   $   2810      6%  Capacid.de Fabr. $  21000     525 unid.
Capital            $  22838     46%  Inversión Neta   $   9450     236 unid.
                  --------- -------                   --------- ------
Pasivo+Patrimonio  $  49177    100%  Próx. Capacidad  $  30450     761 unid.

Flujo de Caja
---------
Caja Inicial       $  11879
Utilidad Neta      $   1427
Depreciación       $   1050
Invers. de Capital $ -10500
Cambio de Invent.  $  -1235
Préstamo Neto      $  14871
                  ---------
Caja Final         $  17492

 La producción (cantidad ofertada) fue mayor que la demanda.
--Puede incrementar la cantidad demandada con un precio m s bajo.
--Puede incrementar la demanda (la curva de la demanda cambia a la derecha) 
 inviertiendo m s en el marketing e I & D.
--Puede reducir la cantidad ofertada produciendo menos.

 En este período su inventario excede 10 23607e su producción. Remember
there is an opportunity cost to carrying inventory. 
¿Es esto parte de su estrategia a largo plazo?

 Su producción est  por encima del 5 23607el costo mínimo por unidad, del nivel 
 de producción. Ud. podría reducir la producción o incrementar la capacidad 
 para lograr un costo mínimo por unidad.

