                  Reporte Industrial    Período 1

Unidades                    Cambio    Dolares                         Cambio
--------                    ------    -------                         ------
Total Ordenes         3851     22%    Ventas Industr.        $ 97574      3%
Total Produc.         5918     88%    Precio Promedio        $ 36.45     22%
Total Vendido         2677    -14%    Total Producción       $5107930   8749%
Capac. Total          4200      0%    Costo Prom Pdun        $863.12   4601%
Inventario            3241      0%    Total Costo Prom       $221.94    777%

Productividad               Cambio    Dolares                         Cambio
-------------               ------    -------                         ------
Empleo                1183     88%    Tasa Prima                 10%      0%
Ventas/Empleado   $     82    -44%    Préstamo Límite        $ 50000      0%
Unid./Empleado        5.00      0%    Tasa del Impuesto          25%      0%
Invers. de Cap.   $ 205250     22%    Imp. Pag. Período      $-124153   -3465%
Capacid. Utiliz.      141%     66%    Imp. Pag. Fecha        $-57769   -186%

       SAMAPRIA   POCHIS   ADORA6 MANDARIN   FROZEN     GMSE     KIRA     JUNO
       -------- -------- -------- -------- -------- -------- -------- --------
Ventas  $ 11790  $ 10850  $ 13212  $ 12600  $ 12000  $ 12870  $ 12462  $ 11790
Util.   $  1449  $-499906  $ -2403  $  1126  $   633  $   634  $ -1360  $  1449
Precio  $    30  $    50  $    36  $    30  $    30  $    45  $    62  $    30
GanRet  $  2832  $-373546  $  -419  $  2509  $  2016  $  2017  $   363  $  2832
UnRepa      15%       8%      14%      16%      15%      11%       8%      15%
MPI          98    -6703       46       95       85       81       56       98

Industry Notes
--------------
 Las compañías compensan sus costos altos con precios altos. 
¿Qué efecto tuvo esto en las ordenes?

 Con los precios altos, las ordenes y las ventas son m s bajas 
 que la producci¢n. Los inventarios son altos. ¨Qu‚ direcci¢n 
 tomar n los precios probablemente el pr¢ximo per¡odo?

 La Capacidad Utilizada est  sobre el 80%, el m s eficiente nivel.
 Desde que el inventario fue incrementado este per¡odo, ¨en qu‚
 nivel esperas que la Capacidad estar  el pr¢ximo per¡odo?

 Con una Inversi¢n de Capital alto, habr  m s capacidad en la industria el 
 pr¢ximo per¡odo. Para las compa¤¡as que invirtieron, operaciones eficientes 
 que requer¡an una producción m s alta pero con un costo m s bajo por unidad.

 Ud. se ha excedido en el l¡mite de su cr‚dito. 
 Sus decisiones deben estar aprobadas por el profesor o el consultor.

