            Reporte de la Compañía BOENOQ1 for Período 1

Estado de Ingresos         % Ventas  Reporte de Operaciones
------------------           ------  ----------------------
Ventas             $  14868    100%  Decisiones:Precio     $    42
CBV                $  -6372     43%             Producción     420 unid.
                  --------- -------             Marketing  $  1634
Margen Bruto       $   8496     57%             Inversión  $  1050
Marketing          $  -1634     11%             I & D      $  1634
Depreciación       $  -1050      7%
I & D              $  -1634     11%
Carga Social       $      0      0%  Reporte de Producción:
Cargo Inventario   $      0      0%  Producción                420 unid.
Interés            $   -209      1%  Capacid. de Fábrica       525 unid.
                  --------- -------  Capacid. Utilizada        80%
Utilid.ant.de Imp. $   3969     27%  Produc.Costo/Unidad   $ 18.00
Impuestos          $   -992      7%  Inventario                 66 unid.
                  --------- -------  Empleados                  84 trabaj.
Utilidad Neta      $   2977     20%

Hoja de Balance             % Total  Reporte de Marketing:
---------------             -------  Ordenes Recibidas         354 unid.
Efectivo           $  12617     36%  Ventas Realizadas         354 unid.
Inventario         $   1188      3%  Ordenes no Realizadas       0 unid.
Inver. de Capital  $  21000     60%  Precio/Unid. Vendida  $ 42.00
                  --------- -------  Tot. Costo/Unid Vend. $ 30.79
Total Activo       $  34805    100%  Margen/Unid.Vendida   $ 11.21

Préstamos          $   7607     22%  Reporte de Inversión:
Ganancias Reten.   $   4360     13%  Capacid.de Fabr. $  21000     525 unid.
Capital            $  22838     66%  Inversión Neta   $      0       0 unid.
                  --------- -------                   --------- ------
Pasivo+Patrimonio  $  34805    100%  Próx. Capacidad  $  21000     525 unid.

Flujo de Caja
---------
Caja Inicial       $  11879
Utilidad Neta      $   2977
Depreciación       $   1050
Invers. de Capital $  -1050
Cambio de Invent.  $  -1188
Préstamo Neto      $  -1051
                  ---------
Caja Final         $  12617

 La producción (cantidad ofertada) fue mayor que la demanda.
--Puede incrementar la cantidad demandada con un precio m s bajo.
--Puede incrementar la demanda (la curva de la demanda cambia a la derecha) 
 inviertiendo m s en el marketing e I & D.
--Puede reducir la cantidad ofertada produciendo menos.

 En este período su inventario excede 10 23607e su producción. Remember
there is an opportunity cost to carrying inventory. 
¿Es esto parte de su estrategia a largo plazo?

