            Reporte de la Compañía MUYLUNES for Período 1

Estado de Ingresos         % Ventas  Reporte de Operaciones
------------------           ------  ----------------------
Ventas             $  16252    100%  Decisiones:Precio     $    68
CBV                $  -4302     26%             Producción     420 unid.
                  --------- -------             Marketing  $  4000
Margen Bruto       $  11950     74%             Inversión  $ 10050
Marketing          $  -4000     25%             I & D      $ 10000
Depreciación       $  -1050      6%
I & D              $ -10000     62%
Carga Social       $      0      0%  Reporte de Producción:
Cargo Inventario   $      0      0%  Producción                420 unid.
Interés            $   -752      5%  Capacid. de Fábrica       525 unid.
                  --------- -------  Capacid. Utilizada        80%
Utilid.ant.de Imp. $  -3852    -23%  Produc.Costo/Unidad   $ 18.00
Impuestos          $      0      0%  Inventario                181 unid.
                  --------- -------  Empleados                  84 trabaj.
Utilidad Neta      $  -3852    -23%

Hoja de Balance             % Total  Reporte de Marketing:
---------------             -------  Ordenes Recibidas         239 unid.
Efectivo           $  15413     32%  Ventas Realizadas         239 unid.
Inventario         $   3258      7%  Ordenes no Realizadas       0 unid.
Inver. de Capital  $  30000     62%  Precio/Unid. Vendida  $ 68.00
                  --------- -------  Tot. Costo/Unid Vend. $ 84.12
Total Activo       $  48671    100%  Margen/Unid.Vendida   $-16.12

Préstamos          $  27339     56%  Reporte de Inversión:
Ganancias Reten.   $  -1506     -2%  Capacid.de Fabr. $  21000     525 unid.
Capital            $  22838     47%  Inversión Neta   $   9000     225 unid.
                  --------- -------                   --------- ------
Pasivo+Patrimonio  $  48671    100%  Próx. Capacidad  $  30000     750 unid.

Flujo de Caja
---------
Caja Inicial       $  11879
Utilidad Neta      $  -3852
Depreciación       $   1050
Invers. de Capital $ -10050
Cambio de Invent.  $  -3258
Préstamo Neto      $  18681
                  ---------
Caja Final         $  15413

 La producción (cantidad ofertada) fue mayor que la demanda.
--Puede incrementar la cantidad demandada con un precio m s bajo.
--Puede incrementar la demanda (la curva de la demanda cambia a la derecha) 
 inviertiendo m s en el marketing e I & D.
--Puede reducir la cantidad ofertada produciendo menos.

 En este período su inventario excede 10 23607e su producción. Remember
there is an opportunity cost to carrying inventory. 
¿Es esto parte de su estrategia a largo plazo?

