                  Reporte Industrial    Período 1

Unidades                    Cambio    Dolares                         Cambio
--------                    ------    -------                         ------
Total Ordenes         4888     55%    Ventas Industr.        $116443     23%
Total Produc.         3304      5%    Precio Promedio        $ 40.71     36%
Total Vendido         2860     -8%    Total Producción       $ 60359      5%
Capac. Total          4200      0%    Costo Prom Pdun        $ 18.27      0%
Inventario             444      0%    Total Costo Prom       $ 39.07     54%

Productividad               Cambio    Dolares                         Cambio
-------------               ------    -------                         ------
Empleo                 660      5%    Tasa Prima                 10%      0%
Ventas/Empleado   $    176     17%    Préstamo Límite        $ 50000      0%
Unid./Empleado        5.01      0%    Tasa del Impuesto          25%      0%
Invers. de Cap.   $ 201900     20%    Imp. Pag. Período      $  1176    -67%
Capacid. Utiliz.       79%      4%    Imp. Pag. Fecha        $130256      1%

           PECA  GRYFFIN       VC   ENTLIN   PLAZAM   COORPO    GUDEL      BMJ
       -------- -------- -------- -------- -------- -------- -------- --------
Ventas  $ 21240  $ 11330  $ 11790  $ 18700  $ 11790  $ 11790  $ 16048  $ 13755
Util.   $ -2953  $  1310  $  1449  $   978  $  1449  $  1449  $ -3028  $  1376
Precio  $    45  $    55  $    30  $    50  $    30  $    30  $    68  $    35
GanRet  $  -832  $  2692  $  2832  $  2361  $  2832  $  2832  $  -888  $  2759
UnRepa      17%       7%      14%      13%      14%      14%       8%      14%
MPI          47       86       94       94       94       94       35       95

Industry Notes
--------------
 Las compañías compensan sus costos altos con precios altos. 
¿Qué efecto tuvo esto en las ordenes?

 Las ordenes excedieron a la producción aún cuando los precios se incrementaron.
 Algunas compañías deben tener inversiones fuertes en Marketing o en I&D.

 Con una Inversi¢n de Capital alto, habr  m s capacidad en la industria el 
 pr¢ximo per¡odo. Para las compa¤¡as que invirtieron, operaciones eficientes 
 que requer¡an una producción m s alta pero con un costo m s bajo por unidad.

