                  Reporte Industrial    Período 1

Unidades                    Cambio    Dolares                         Cambio
--------                    ------    -------                         ------
Total Ordenes         4374     39%    Ventas Industr.        $151938     61%
Total Produc.         3626     15%    Precio Promedio        $ 49.70     66%
Total Vendido         3057     -2%    Total Producción       $ 83641     45%
Capac. Total          4200      0%    Costo Prom Pdun        $ 23.07     26%
Inventario             569      0%    Total Costo Prom       $ 48.08     90%

Productividad               Cambio    Dolares                         Cambio
-------------               ------    -------                         ------
Empleo                 725     15%    Tasa Prima                 10%      0%
Ventas/Empleado   $    210     40%    Préstamo Límite        $ 50000      0%
Unid./Empleado        5.00      0%    Tasa del Impuesto          25%      0%
Invers. de Cap.   $ 187690     12%    Imp. Pag. Período      $  1202    -66%
Capacid. Utiliz.       86%     11%    Imp. Pag. Fecha        $ 27018      5%

         5BLIGA PROYECTX      VSV IFEINETA     MMVJ   SODOKU    BANJO MERCURIO
       -------- -------- -------- -------- -------- -------- -------- --------
Ventas  $ 20410  $ 24108  $ 23045  $ 11790  $ 20070  $ 17334  $ 17150  $ 18031
Util.   $ -1974  $ -2741  $   658  $  1449  $  3231  $  1908  $  4197  $ -5734
Precio  $    65  $    42  $    55  $    30  $    45  $    54  $    50  $    73
GanRet  $   -97  $  -673  $  2041  $  2832  $  4614  $  3291  $  5580  $ -2917
UnRepa      10%      19%      14%      13%      15%      11%      11%       8%
MPI          48       29       90       90      130      101      140       -6

Industry Notes
--------------
 Las compañías compensan sus costos altos con precios altos. 
¿Qué efecto tuvo esto en las ordenes?

 Las ordenes excedieron a la producción aún cuando los precios se incrementaron.
 Algunas compañías deben tener inversiones fuertes en Marketing o en I&D.

 La Capacidad Utilizada est  sobre el 80%, el m s eficiente nivel.
 Desde que el inventario fue incrementado este per¡odo, ¨en qu‚
 nivel esperas que la Capacidad estar  el pr¢ximo per¡odo?

 Con una Inversi¢n de Capital alto, habr  m s capacidad en la industria el 
 pr¢ximo per¡odo. Para las compa¤¡as que invirtieron, operaciones eficientes 
 que requer¡an una producción m s alta pero con un costo m s bajo por unidad.

