            Reporte de la Compañía TRILLA for Período 1

Estado de Ingresos         % Ventas  Reporte de Operaciones
------------------           ------  ----------------------
Ventas             $  13680    100%  Decisiones:Precio     $    38
CBV                $  -6491     47%             Producción     431 unid.
                  --------- -------             Marketing  $  1250
Margen Bruto       $   7189     53%             Inversión  $  1260
Marketing          $  -1250      9%             I & D      $   495
Depreciación       $  -1050      8%
I & D              $   -495      4%
Carga Social       $      0      0%  Reporte de Producción:
Cargo Inventario   $      0      0%  Producción                431 unid.
Interés            $   -179      1%  Capacid. de Fábrica       525 unid.
                  --------- -------  Capacid. Utilizada        82%
Utilid.ant.de Imp. $   4215     31%  Produc.Costo/Unidad   $ 18.03
Impuestos          $  -1054      8%  Inventario                 71 unid.
                  --------- -------  Empleados                  86 trabaj.
Utilidad Neta      $   3161     23%

Hoja de Balance             % Total  Reporte de Marketing:
---------------             -------  Ordenes Recibidas         360 unid.
Efectivo           $  11397     34%  Ventas Realizadas         360 unid.
Inventario         $   1280      4%  Ordenes no Realizadas       0 unid.
Inver. de Capital  $  21210     63%  Precio/Unid. Vendida  $ 38.00
                  --------- -------  Tot. Costo/Unid Vend. $ 26.29
Total Activo       $  33887    100%  Margen/Unid.Vendida   $ 11.71

Préstamos          $   6505     19%  Reporte de Inversión:
Ganancias Reten.   $   4544     13%  Capacid.de Fabr. $  21000     525 unid.
Capital            $  22838     67%  Inversión Neta   $    210       5 unid.
                  --------- -------                   --------- ------
Pasivo+Patrimonio  $  33887    100%  Próx. Capacidad  $  21210     530 unid.

Flujo de Caja
---------
Caja Inicial       $  11879
Utilidad Neta      $   3161
Depreciación       $   1050
Invers. de Capital $  -1260
Cambio de Invent.  $  -1280
Préstamo Neto      $  -2153
                  ---------
Caja Final         $  11397

 La producción (cantidad ofertada) fue mayor que la demanda.
--Puede incrementar la cantidad demandada con un precio m s bajo.
--Puede incrementar la demanda (la curva de la demanda cambia a la derecha) 
 inviertiendo m s en el marketing e I & D.
--Puede reducir la cantidad ofertada produciendo menos.

 En este período su inventario excede 10 23607e su producción. Remember
there is an opportunity cost to carrying inventory. 
¿Es esto parte de su estrategia a largo plazo?

