            Reporte de la Compañía HOPE for Período 1

Estado de Ingresos         % Ventas  Reporte de Operaciones
------------------           ------  ----------------------
Ventas             $  12805    100%  Decisiones:Precio     $    65
CBV                $  -3546     28%             Producción     420 unid.
                  --------- -------             Marketing  $  3000
Margen Bruto       $   9259     72%             Inversión  $ 10050
Marketing          $  -3000     23%             I & D      $  5500
Depreciación       $  -1050      8%
I & D              $  -5500     43%
Carga Social       $      0      0%  Reporte de Producción:
Cargo Inventario   $      0      0%  Producción                420 unid.
Interés            $   -601      5%  Capacid. de Fábrica       525 unid.
                  --------- -------  Capacid. Utilizada        80%
Utilid.ant.de Imp. $   -892     -6%  Produc.Costo/Unidad   $ 18.00
Impuestos          $      0      0%  Inventario                223 unid.
                  --------- -------  Empleados                  84 trabaj.
Utilidad Neta      $   -892     -6%

Hoja de Balance             % Total  Reporte de Marketing:
---------------             -------  Ordenes Recibidas         197 unid.
Efectivo           $  11377     25%  Ventas Realizadas         197 unid.
Inventario         $   4014      9%  Ordenes no Realizadas       0 unid.
Inver. de Capital  $  30000     66%  Precio/Unid. Vendida  $ 65.00
                  --------- -------  Tot. Costo/Unid Vend. $ 69.53
Total Activo       $  45391    100%  Margen/Unid.Vendida   $ -4.53

Préstamos          $  21839     48%  Reporte de Inversión:
Ganancias Reten.   $    714      2%  Capacid.de Fabr. $  21000     525 unid.
Capital            $  22838     50%  Inversión Neta   $   9000     225 unid.
                  --------- -------                   --------- ------
Pasivo+Patrimonio  $  45391    100%  Próx. Capacidad  $  30000     750 unid.

Flujo de Caja
---------
Caja Inicial       $  11879
Utilidad Neta      $   -892
Depreciación       $   1050
Invers. de Capital $ -10050
Cambio de Invent.  $  -4014
Préstamo Neto      $  13181
                  ---------
Caja Final         $  11377

 La producción (cantidad ofertada) fue mayor que la demanda.
--Puede incrementar la cantidad demandada con un precio m s bajo.
--Puede incrementar la demanda (la curva de la demanda cambia a la derecha) 
 inviertiendo m s en el marketing e I & D.
--Puede reducir la cantidad ofertada produciendo menos.

 En este período su inventario excede 10 23607e su producción. Remember
there is an opportunity cost to carrying inventory. 
¿Es esto parte de su estrategia a largo plazo?

