            Reporte de la Compañía IFEI10 for Período 1

Estado de Ingresos         % Ventas  Reporte de Operaciones
------------------           ------  ----------------------
Ventas             $   3200    100%  Decisiones:Precio     $    40
CBV                $  -6070    190%             Producción      80 unid.
                  --------- -------             Marketing  $  6000
Margen Bruto       $  -2870    -89%             Inversión  $ 10000
Marketing          $  -6000    188%             I & D      $  5000
Depreciación       $  -1050     33%
I & D              $  -5000    156%
Carga Social       $   -630     20%  Reporte de Producción:
Cargo Inventario   $      0      0%  Producción                 80 unid.
Interés            $   -627     20%  Capacid. de Fábrica       525 unid.
                  --------- -------  Capacid. Utilizada        15%
Utilid.ant.de Imp. $ -16177    -505%  Produc.Costo/Unidad   $ 75.88
Impuestos          $      0      0%  Inventario                  0 unid.
                  --------- -------  Empleados                  16 trabaj.
Utilidad Neta      $ -16177    -505%

Hoja de Balance             % Total  Reporte de Marketing:
---------------             -------  Ordenes Recibidas         752 unid.
Efectivo           $   4937     14%  Ventas Realizadas          80 unid.
Inventario         $      0      0%  Ordenes no Realizadas     672 unid.
Inver. de Capital  $  29950     86%  Precio/Unid. Vendida  $ 40.00
                  --------- -------  Tot. Costo/Unid Vend. $234.34
Total Activo       $  34887    100%  Margen/Unid.Vendida   $-194.34

Préstamos          $  22799     65%  Reporte de Inversión:
Ganancias Reten.   $ -10750    -30%  Capacid.de Fabr. $  21000     525 unid.
Capital            $  22838     65%  Inversión Neta   $   8950     224 unid.
                  --------- -------                   --------- ------
Pasivo+Patrimonio  $  34887    100%  Próx. Capacidad  $  29950     749 unid.

Flujo de Caja
---------
Caja Inicial       $  11879
Utilidad Neta      $ -16177
Depreciación       $   1050
Invers. de Capital $ -10000
Cambio de Invent.  $      0
Préstamo Neto      $  14141
                  ---------
Caja Final         $   4937

 La cantidad demandada fue mayor que la producción (cantidad ofertada).
--Puede reducir la cantidad demandada con un precio m s alto.
--Puede reducir la demanda (la curva de la demanda cambiar a la izquierda)
 con menos marketing y/o menos I&D.
--Puede incrementar la cantidad ofertada con más producción.

 Su producción est  por debajo del 5 23607el costo mínimo por unidad,
 del nivel de producción. Puede incrementar la producción o reducir su inversión 
 de capital para lograr un costo mínimo por unidad.

