            Reporte de la Compañía BDCLS for Período 1

Estado de Ingresos         % Ventas  Reporte de Operaciones
------------------           ------  ----------------------
Ventas             $  15080    100%  Decisiones:Precio     $    40
CBV                $  -6850     45%             Producción     446 unid.
                  --------- -------             Marketing  $  1300
Margen Bruto       $   8230     55%             Inversión  $ 11050
Marketing          $  -1300      9%             I & D      $   470
Depreciación       $  -1050      7%
I & D              $   -470      3%
Carga Social       $      0      0%  Reporte de Producción:
Cargo Inventario   $      0      0%  Producción                446 unid.
Interés            $   -458      3%  Capacid. de Fábrica       525 unid.
                  --------- -------  Capacid. Utilizada        85%
Utilid.ant.de Imp. $   4952     33%  Produc.Costo/Unidad   $ 18.17
Impuestos          $  -1238      8%  Inventario                 69 unid.
                  --------- -------  Empleados                  89 trabaj.
Utilidad Neta      $   3714     25%

Hoja de Balance             % Total  Reporte de Marketing:
---------------             -------  Ordenes Recibidas         377 unid.
Efectivo           $  12335     28%  Ventas Realizadas         377 unid.
Inventario         $   1253      3%  Ordenes no Realizadas       0 unid.
Inver. de Capital  $  31000     70%  Precio/Unid. Vendida  $ 40.00
                  --------- -------  Tot. Costo/Unid Vend. $ 26.86
Total Activo       $  44588    100%  Margen/Unid.Vendida   $ 13.14

Préstamos          $  16653     37%  Reporte de Inversión:
Ganancias Reten.   $   5097     11%  Capacid.de Fabr. $  21000     525 unid.
Capital            $  22838     51%  Inversión Neta   $  10000     250 unid.
                  --------- -------                   --------- ------
Pasivo+Patrimonio  $  44588    100%  Próx. Capacidad  $  31000     775 unid.

Flujo de Caja
---------
Caja Inicial       $  11879
Utilidad Neta      $   3714
Depreciación       $   1050
Invers. de Capital $ -11050
Cambio de Invent.  $  -1253
Préstamo Neto      $   7995
                  ---------
Caja Final         $  12335

 La producción (cantidad ofertada) fue mayor que la demanda.
--Puede incrementar la cantidad demandada con un precio m s bajo.
--Puede incrementar la demanda (la curva de la demanda cambia a la derecha) 
 inviertiendo m s en el marketing e I & D.
--Puede reducir la cantidad ofertada produciendo menos.

 En este período su inventario excede 10 23607e su producción. Remember
there is an opportunity cost to carrying inventory. 
¿Es esto parte de su estrategia a largo plazo?

