            Reporte de la Compañía DOMINGUE for Período 1

Estado de Ingresos         % Ventas  Reporte de Operaciones
------------------           ------  ----------------------
Ventas             $  14400    100%  Decisiones:Precio     $    60
CBV                $  -4320     30%             Producción     420 unid.
                  --------- -------             Marketing  $  5000
Margen Bruto       $  10080     70%             Inversión  $  8050
Marketing          $  -5000     35%             I & D      $  5000
Depreciación       $  -1050      7%
I & D              $  -5000     35%
Carga Social       $      0      0%  Reporte de Producción:
Cargo Inventario   $      0      0%  Producción                420 unid.
Interés            $   -587      4%  Capacid. de Fábrica       525 unid.
                  --------- -------  Capacid. Utilizada        80%
Utilid.ant.de Imp. $  -1557    -10%  Produc.Costo/Unidad   $ 18.00
Impuestos          $      0      0%  Inventario                180 unid.
                  --------- -------  Empleados                  84 trabaj.
Utilidad Neta      $  -1557    -10%

Hoja de Balance             % Total  Reporte de Marketing:
---------------             -------  Ordenes Recibidas         240 unid.
Efectivo           $  13152     30%  Ventas Realizadas         240 unid.
Inventario         $   3240      7%  Ordenes no Realizadas       0 unid.
Inver. de Capital  $  28000     63%  Precio/Unid. Vendida  $ 60.00
                  --------- -------  Tot. Costo/Unid Vend. $ 66.49
Total Activo       $  44392    100%  Margen/Unid.Vendida   $ -6.49

Préstamos          $  21339     48%  Reporte de Inversión:
Ganancias Reten.   $    215      0%  Capacid.de Fabr. $  21000     525 unid.
Capital            $  22838     51%  Inversión Neta   $   7000     175 unid.
                  --------- -------                   --------- ------
Pasivo+Patrimonio  $  44392    100%  Próx. Capacidad  $  28000     700 unid.

Flujo de Caja
---------
Caja Inicial       $  11879
Utilidad Neta      $  -1557
Depreciación       $   1050
Invers. de Capital $  -8050
Cambio de Invent.  $  -3240
Préstamo Neto      $  12681
                  ---------
Caja Final         $  13152

 La producción (cantidad ofertada) fue mayor que la demanda.
--Puede incrementar la cantidad demandada con un precio m s bajo.
--Puede incrementar la demanda (la curva de la demanda cambia a la derecha) 
 inviertiendo m s en el marketing e I & D.
--Puede reducir la cantidad ofertada produciendo menos.

 En este período su inventario excede 10 23607e su producción. Remember
there is an opportunity cost to carrying inventory. 
¿Es esto parte de su estrategia a largo plazo?

