            Reporte de la Compañía JUPITER for Período 1

Estado de Ingresos         % Ventas  Reporte de Operaciones
------------------           ------  ----------------------
Ventas             $  15120    100%  Decisiones:Precio     $    36
CBV                $  -7560     50%             Producción     420 unid.
                  --------- -------             Marketing  $  1500
Margen Bruto       $   7560     50%             Inversión  $ 10050
Marketing          $  -1500     10%             I & D      $ 10000
Depreciación       $  -1050      7%
I & D              $ -10000     66%
Carga Social       $      0      0%  Reporte de Producción:
Cargo Inventario   $      0      0%  Producción                420 unid.
Interés            $   -683      5%  Capacid. de Fábrica       525 unid.
                  --------- -------  Capacid. Utilizada        80%
Utilid.ant.de Imp. $  -5673    -37%  Produc.Costo/Unidad   $ 18.00
Impuestos          $      0      0%  Inventario                  0 unid.
                  --------- -------  Empleados                  84 trabaj.
Utilidad Neta      $  -5673    -37%

Hoja de Balance             % Total  Reporte de Marketing:
---------------             -------  Ordenes Recibidas         858 unid.
Efectivo           $  14805     33%  Ventas Realizadas         420 unid.
Inventario         $      0      0%  Ordenes no Realizadas     438 unid.
Inver. de Capital  $  30000     67%  Precio/Unid. Vendida  $ 36.00
                  --------- -------  Tot. Costo/Unid Vend. $ 49.51
Total Activo       $  44805    100%  Margen/Unid.Vendida   $-13.51

Préstamos          $  24839     55%  Reporte de Inversión:
Ganancias Reten.   $  -2872     -5%  Capacid.de Fabr. $  21000     525 unid.
Capital            $  22838     51%  Inversión Neta   $   9000     225 unid.
                  --------- -------                   --------- ------
Pasivo+Patrimonio  $  44805    100%  Próx. Capacidad  $  30000     750 unid.

Flujo de Caja
---------
Caja Inicial       $  11879
Utilidad Neta      $  -5673
Depreciación       $   1050
Invers. de Capital $ -10050
Cambio de Invent.  $      0
Préstamo Neto      $  16181
                  ---------
Caja Final         $  14805

 La cantidad demandada fue mayor que la producción (cantidad ofertada).
--Puede reducir la cantidad demandada con un precio m s alto.
--Puede reducir la demanda (la curva de la demanda cambiar a la izquierda)
 con menos marketing y/o menos I&D.
--Puede incrementar la cantidad ofertada con más producción.

