                  Reporte Industrial    Período 1

Unidades                    Cambio    Dolares                         Cambio
--------                    ------    -------                         ------
Total Ordenes         4634     47%    Ventas Industr.        $106213     13%
Total Produc.         3124      0%    Precio Promedio        $ 40.63     35%
Total Vendido         2614    -16%    Total Producción       $ 62921      9%
Capac. Total          4200      0%    Costo Prom Pdun        $ 20.14     10%
Inventario             510      0%    Total Costo Prom       $ 43.97     74%

Productividad               Cambio    Dolares                         Cambio
-------------               ------    -------                         ------
Empleo                 624      0%    Tasa Prima                 10%      0%
Ventas/Empleado   $    170     13%    Préstamo Límite        $ 50000      0%
Unid./Empleado        5.01      0%    Tasa del Impuesto          25%      0%
Invers. de Cap.   $ 184700     10%    Imp. Pag. Período      $ -2343   -163%
Capacid. Utiliz.       74%     -1%    Imp. Pag. Fecha        $100921     -1%

       ECELTROV        3     RNFM     JEMA      NGT   VEYRON  KIDANNA   QUEENS
       -------- -------- -------- -------- -------- -------- -------- --------
Ventas  $ 16800  $ 11790  $  3225  $ 14630  $ 12600  $ 14868  $ 11790  $ 20510
Util.   $  1723  $  1449  $-13712  $  -932  $  -238  $  3253  $  1449  $ -4985
Precio  $    40  $    30  $    43  $    55  $    30  $    42  $    30  $    70
GanRet  $  3106  $  2832  $ -8901  $   684  $  1205  $  4636  $  2832  $ -2356
UnRepa      16%      15%       3%      10%      16%      14%      15%      11%
MPI         107       96     -130       58       71      128       96       16

Industry Notes
--------------
 Las compañías compensan sus costos altos con precios altos. 
¿Qué efecto tuvo esto en las ordenes?

 Las ordenes excedieron a la producción aún cuando los precios se incrementaron.
 Algunas compañías deben tener inversiones fuertes en Marketing o en I&D.

 El inventario es alto aunque la Capacidad Utilizada est  debajo del 80%, el m s 
 eficiente nivel. Las compa¤¡as encuentran dificultades para vender suficientes 
 Ecopens para que sus f bricas funcionen eficientemente.

 Con una Inversi¢n de Capital alto, habr  m s capacidad en la industria el 
 pr¢ximo per¡odo. Para las compa¤¡as que invirtieron, operaciones eficientes 
 que requer¡an una producción m s alta pero con un costo m s bajo por unidad.

