                  Reporte Industrial    Período 1

Unidades                    Cambio    Dolares                         Cambio
--------                    ------    -------                         ------
Total Ordenes         4500     43%    Ventas Industr.        $ 99966      6%
Total Produc.         3121      0%    Precio Promedio        $ 39.80     33%
Total Vendido         2512    -19%    Total Producción       $ 62242      8%
Capac. Total          4200      0%    Costo Prom Pdun        $ 19.94      9%
Inventario             609      0%    Total Costo Prom       $ 43.13     70%

Productividad               Cambio    Dolares                         Cambio
-------------               ------    -------                         ------
Empleo                 624      0%    Tasa Prima                 10%      0%
Ventas/Empleado   $    160      7%    Préstamo Límite        $ 50000      0%
Unid./Empleado        5.00      0%    Tasa del Impuesto          25%      0%
Invers. de Cap.   $ 206400     23%    Imp. Pag. Período      $ -2249   -160%
Capacid. Utiliz.       74%     -1%    Imp. Pag. Fecha        $108391     -1%

        OLIMPIA  GLIMMCO  FUTURIS ELECTROR   IFEI10    BDCLS DOMINGUE  DRELECT
       -------- -------- -------- -------- -------- -------- -------- --------
Ventas  $ 12600  $ 11460  $ 19646  $ 11790  $  3200  $ 15080  $ 14400  $ 11790
Util.   $   572  $ -1090  $   185  $  1449  $-16177  $  3714  $ -1557  $  1449
Precio  $    30  $    60  $    47  $    30  $    40  $    40  $    60  $    30
GanRet  $  1954  $   566  $  1568  $  2832  $-10750  $  5097  $   215  $  2832
UnRepa      17%       8%      17%      16%       3%      15%      10%      16%
MPI          84       53       85       97     -157      136       54       97

Industry Notes
--------------
 Las compañías compensan sus costos altos con precios altos. 
¿Qué efecto tuvo esto en las ordenes?

 Las ordenes excedieron a la producción aún cuando los precios se incrementaron.
 Algunas compañías deben tener inversiones fuertes en Marketing o en I&D.

 El inventario es alto aunque la Capacidad Utilizada est  debajo del 80%, el m s 
 eficiente nivel. Las compa¤¡as encuentran dificultades para vender suficientes 
 Ecopens para que sus f bricas funcionen eficientemente.

 Con una Inversi¢n de Capital alto, habr  m s capacidad en la industria el 
 pr¢ximo per¡odo. Para las compa¤¡as que invirtieron, operaciones eficientes 
 que requer¡an una producción m s alta pero con un costo m s bajo por unidad.

