            Reporte de la Compañía ALASKA for Período 1

Estado de Ingresos         % Ventas  Reporte de Operaciones
------------------           ------  ----------------------
Ventas             $  18200    100%  Decisiones:Precio     $    50
CBV                $  -6614     36%             Producción     446 unid.
                  --------- -------             Marketing  $  4000
Margen Bruto       $  11586     64%             Inversión  $  7000
Marketing          $  -4000     22%             I & D      $  6000
Depreciación       $  -1050      6%
I & D              $  -6000     33%
Carga Social       $      0      0%  Reporte de Producción:
Cargo Inventario   $      0      0%  Producción                446 unid.
Interés            $   -573      3%  Capacid. de Fábrica       525 unid.
                  --------- -------  Capacid. Utilizada        85%
Utilid.ant.de Imp. $    -37      0%  Produc.Costo/Unidad   $ 18.17
Impuestos          $      0      0%  Inventario                 82 unid.
                  --------- -------  Empleados                  89 trabaj.
Utilidad Neta      $    -37      0%

Hoja de Balance             % Total  Reporte de Marketing:
---------------             -------  Ordenes Recibidas         364 unid.
Efectivo           $  16586     37%  Ventas Realizadas         364 unid.
Inventario         $   1490      3%  Ordenes no Realizadas       0 unid.
Inver. de Capital  $  26950     60%  Precio/Unid. Vendida  $ 50.00
                  --------- -------  Tot. Costo/Unid Vend. $ 50.10
Total Activo       $  45026    100%  Margen/Unid.Vendida   $ -0.10

Préstamos          $  20833     46%  Reporte de Inversión:
Ganancias Reten.   $   1355      3%  Capacid.de Fabr. $  21000     525 unid.
Capital            $  22838     51%  Inversión Neta   $   5950     149 unid.
                  --------- -------                   --------- ------
Pasivo+Patrimonio  $  45026    100%  Próx. Capacidad  $  26950     674 unid.

Flujo de Caja
---------
Caja Inicial       $  11879
Utilidad Neta      $    -37
Depreciación       $   1050
Invers. de Capital $  -7000
Cambio de Invent.  $  -1490
Préstamo Neto      $  12175
                  ---------
Caja Final         $  16586

 La producción (cantidad ofertada) fue mayor que la demanda.
--Puede incrementar la cantidad demandada con un precio m s bajo.
--Puede incrementar la demanda (la curva de la demanda cambia a la derecha) 
 inviertiendo m s en el marketing e I & D.
--Puede reducir la cantidad ofertada produciendo menos.

 En este período su inventario excede 10 23607e su producción. Remember
there is an opportunity cost to carrying inventory. 
¿Es esto parte de su estrategia a largo plazo?

