            Reporte de la Compañía DKVC for Período 1

Estado de Ingresos         % Ventas  Reporte de Operaciones
------------------           ------  ----------------------
Ventas             $  15756    100%  Decisiones:Precio     $    52
CBV                $  -6290     40%             Producción     525 unid.
                  --------- -------             Marketing  $  4500
Margen Bruto       $   9466     60%             Inversión  $  6000
Marketing          $  -4500     29%             I & D      $  5000
Depreciación       $  -1050      7%
I & D              $  -5000     32%
Carga Social       $      0      0%  Reporte de Producción:
Cargo Inventario   $      0      0%  Producción                525 unid.
Interés            $   -609      4%  Capacid. de Fábrica       525 unid.
                  --------- -------  Capacid. Utilizada       100%
Utilid.ant.de Imp. $  -1693    -10%  Produc.Costo/Unidad   $ 20.76
Impuestos          $      0      0%  Inventario                222 unid.
                  --------- -------  Empleados                 105 trabaj.
Utilidad Neta      $  -1693    -10%

Hoja de Balance             % Total  Reporte de Marketing:
---------------             -------  Ordenes Recibidas         303 unid.
Efectivo           $  14520     32%  Ventas Realizadas         303 unid.
Inventario         $   4609     10%  Ordenes no Realizadas       0 unid.
Inver. de Capital  $  25950     58%  Precio/Unid. Vendida  $ 52.00
                  --------- -------  Tot. Costo/Unid Vend. $ 57.59
Total Activo       $  45079    100%  Margen/Unid.Vendida   $ -5.59

Préstamos          $  22128     49%  Reporte de Inversión:
Ganancias Reten.   $    113      0%  Capacid.de Fabr. $  21000     525 unid.
Capital            $  22838     51%  Inversión Neta   $   4950     124 unid.
                  --------- -------                   --------- ------
Pasivo+Patrimonio  $  45079    100%  Próx. Capacidad  $  25950     649 unid.

Flujo de Caja
---------
Caja Inicial       $  11879
Utilidad Neta      $  -1693
Depreciación       $   1050
Invers. de Capital $  -6000
Cambio de Invent.  $  -4609
Préstamo Neto      $  13470
                  ---------
Caja Final         $  14520

 La producción (cantidad ofertada) fue mayor que la demanda.
--Puede incrementar la cantidad demandada con un precio m s bajo.
--Puede incrementar la demanda (la curva de la demanda cambia a la derecha) 
 inviertiendo m s en el marketing e I & D.
--Puede reducir la cantidad ofertada produciendo menos.

 En este período su inventario excede 10 23607e su producción. Remember
there is an opportunity cost to carrying inventory. 
¿Es esto parte de su estrategia a largo plazo?

 Su producción est  por encima del 5 23607el costo mínimo por unidad, del nivel 
 de producción. Ud. podría reducir la producción o incrementar la capacidad 
 para lograr un costo mínimo por unidad.

