                  Reporte Industrial    Período 1

Unidades                    Cambio    Dolares                         Cambio
--------                    ------    -------                         ------
Total Ordenes         5647     79%    Ventas Industr.        $141380     50%
Total Produc.         3236      3%    Precio Promedio        $ 47.25     58%
Total Vendido         2992     -4%    Total Producción       $ 62382      8%
Capac. Total          4200      0%    Costo Prom Pdun        $ 19.28      5%
Inventario             244      0%    Total Costo Prom       $ 48.53     92%

Productividad               Cambio    Dolares                         Cambio
-------------               ------    -------                         ------
Empleo                 647      3%    Tasa Prima                 10%      0%
Ventas/Empleado   $    219     45%    Préstamo Límite        $ 50000      0%
Unid./Empleado        5.00      0%    Tasa del Impuesto          25%      0%
Invers. de Cap.   $ 210300     25%    Imp. Pag. Período      $ -1025   -127%
Capacid. Utiliz.       77%      2%    Imp. Pag. Fecha        $ 28479     -2%

         MADRID SYNDROME      SNT    IFEI5  ABGUNIT  SCORPIO   TRILUX  VULCANO
       -------- -------- -------- -------- -------- -------- -------- --------
Ventas  $ 11790  $ 25200  $ 23815  $ 13750  $ 13910  $ 12600  $ 21395  $ 18920
Util.   $  1449  $ -3119  $  1040  $ -1740  $ -2170  $  1516  $  -381  $ -2027
Precio  $    30  $    60  $    55  $    55  $    65  $    30  $    55  $    40
GanRet  $  2832  $  -956  $  2422  $    78  $  -244  $  2899  $  1097  $  -137
UnRepa      13%      14%      14%       8%       7%      14%      13%      16%
MPI          92       40       95       35       37       93       70       49

Industry Notes
--------------
 Las compañías compensan sus costos altos con precios altos. 
¿Qué efecto tuvo esto en las ordenes?

 Las ordenes excedieron a la producción aún cuando los precios se incrementaron.
 Algunas compañías deben tener inversiones fuertes en Marketing o en I&D.

 El Inventario se est  incrementando aunque la Capacidad Utilizada est  debajo 
 del 80%, el m s eficiente nivel.  Las compa¤¡as encuentran dificultades para 
 vender suficientes Ecopens para que sus f bricas funcionen eficientemente.

 Con una Inversi¢n de Capital alto, habr  m s capacidad en la industria el 
 pr¢ximo per¡odo. Para las compa¤¡as que invirtieron, operaciones eficientes 
 que requer¡an una producción m s alta pero con un costo m s bajo por unidad.

