                  Reporte Industrial    Período 1

Unidades                    Cambio    Dolares                         Cambio
--------                    ------    -------                         ------
Total Ordenes         4622     47%    Ventas Industr.        $114685     22%
Total Produc.         3374      7%    Precio Promedio        $ 35.95     20%
Total Vendido         3190      1%    Total Producción       $ 63895     11%
Capac. Total          4200      0%    Costo Prom Pdun        $ 18.94      3%
Inventario             184      0%    Total Costo Prom       $ 33.65     33%

Productividad               Cambio    Dolares                         Cambio
-------------               ------    -------                         ------
Empleo                 674      7%    Tasa Prima                 10%      0%
Ventas/Empleado   $    170     13%    Préstamo Límite        $ 50000      0%
Unid./Empleado        5.01      0%    Tasa del Impuesto          25%      0%
Invers. de Cap.   $ 192300     14%    Imp. Pag. Período      $  1812    -50%
Capacid. Utiliz.       80%      5%    Imp. Pag. Fecha        $101388      2%

       SEMAPRIA    SANMA    METAP        1      BRS      SGB     VPLB    ROMEO
       -------- -------- -------- -------- -------- -------- -------- --------
Ventas  $ 11790  $ 16280  $ 18375  $ 11790  $ 18900  $ 11760  $ 11790  $ 14000
Util.   $  1449  $   516  $   695  $  1449  $ -1352  $   -50  $  1449  $   928
Precio  $    30  $    55  $    35  $    30  $    45  $    28  $    30  $    40
GanRet  $  2832  $  1899  $  2078  $  2832  $   369  $  1346  $  2832  $  2311
UnRepa      12%       9%      16%      12%      13%      13%      12%      11%
MPI          94       83       90       94       68       72       94       85

Industry Notes
--------------
 Las compañías compensan sus costos altos con precios altos. 
¿Qué efecto tuvo esto en las ordenes?

 Las ordenes excedieron a la producción aún cuando los precios se incrementaron.
 Algunas compañías deben tener inversiones fuertes en Marketing o en I&D.

 Con una Inversi¢n de Capital alto, habr  m s capacidad en la industria el 
 pr¢ximo per¡odo. Para las compa¤¡as que invirtieron, operaciones eficientes 
 que requer¡an una producción m s alta pero con un costo m s bajo por unidad.

