                  Reporte Industrial    Período 1

Unidades                    Cambio    Dolares                         Cambio
--------                    ------    -------                         ------
Total Ordenes         4519     43%    Ventas Industr.        $118022     25%
Total Produc.         3333      6%    Precio Promedio        $ 40.97     37%
Total Vendido         2881     -7%    Total Producción       $ 61594      7%
Capac. Total          4200      0%    Costo Prom Pdun        $ 18.48      1%
Inventario             452      0%    Total Costo Prom       $ 38.77     53%

Productividad               Cambio    Dolares                         Cambio
-------------               ------    -------                         ------
Empleo                 666      6%    Tasa Prima                 10%      0%
Ventas/Empleado   $    177     18%    Préstamo Límite        $ 50000      0%
Unid./Empleado        5.00      0%    Tasa del Impuesto          25%      0%
Invers. de Cap.   $ 194625     16%    Imp. Pag. Período      $  1570    -56%
Capacid. Utiliz.       79%      4%    Imp. Pag. Fecha        $ 49514      3%

       RAGNAROK CATANETA   NEKOMA   STELLA   TEODE2  EVEREST CHIKIVEN     ARES
       -------- -------- -------- -------- -------- -------- -------- --------
Ventas  $ 11790  $ 19665  $ 16380  $ 16800  $ 18900  $ 13740  $  8957  $ 11790
Util.   $  1449  $  1427  $  3833  $  3256  $ -9653  $ -1251  $  1474  $  1449
Precio  $    30  $    45  $    39  $    40  $    45  $    60  $    53  $    30
GanRet  $  2832  $  2810  $  5216  $  4639  $ -5857  $   445  $  2857  $  2832
UnRepa      14%      15%      15%      15%      15%       8%       6%      14%
MPI          94      102      140      131      -36       52       85       94

Industry Notes
--------------
 Las compañías compensan sus costos altos con precios altos. 
¿Qué efecto tuvo esto en las ordenes?

 Las ordenes excedieron a la producción aún cuando los precios se incrementaron.
 Algunas compañías deben tener inversiones fuertes en Marketing o en I&D.

 Con una Inversi¢n de Capital alto, habr  m s capacidad en la industria el 
 pr¢ximo per¡odo. Para las compa¤¡as que invirtieron, operaciones eficientes 
 que requer¡an una producción m s alta pero con un costo m s bajo por unidad.

