            Reporte de la Compañía OKUPAS for Período 1

Estado de Ingresos         % Ventas  Reporte de Operaciones
------------------           ------  ----------------------
Ventas             $  17850    100%  Decisiones:Precio     $    50
CBV                $  -6426     36%             Producción     420 unid.
                  --------- -------             Marketing  $  5000
Margen Bruto       $  11424     64%             Inversión  $ 12000
Marketing          $  -5000     28%             I & D      $  3000
Depreciación       $  -1050      6%
I & D              $  -3000     17%
Carga Social       $      0      0%  Reporte de Producción:
Cargo Inventario   $      0      0%  Producción                420 unid.
Interés            $   -640      4%  Capacid. de Fábrica       525 unid.
                  --------- -------  Capacid. Utilizada        80%
Utilid.ant.de Imp. $   1734     10%  Produc.Costo/Unidad   $ 18.00
Impuestos          $   -434      2%  Inventario                 63 unid.
                  --------- -------  Empleados                  84 trabaj.
Utilidad Neta      $   1300      7%

Hoja de Balance             % Total  Reporte de Marketing:
---------------             -------  Ordenes Recibidas         357 unid.
Efectivo           $  15726     32%  Ventas Realizadas         357 unid.
Inventario         $   1134      2%  Ordenes no Realizadas       0 unid.
Inver. de Capital  $  31950     65%  Precio/Unid. Vendida  $ 50.00
                  --------- -------  Tot. Costo/Unid Vend. $ 45.14
Total Activo       $  48810    100%  Margen/Unid.Vendida   $  4.86

Préstamos          $  23289     48%  Reporte de Inversión:
Ganancias Reten.   $   2683      5%  Capacid.de Fabr. $  21000     525 unid.
Capital            $  22838     47%  Inversión Neta   $  10950     274 unid.
                  --------- -------                   --------- ------
Pasivo+Patrimonio  $  48810    100%  Próx. Capacidad  $  31950     799 unid.

Flujo de Caja
---------
Caja Inicial       $  11879
Utilidad Neta      $   1300
Depreciación       $   1050
Invers. de Capital $ -12000
Cambio de Invent.  $  -1134
Préstamo Neto      $  14631
                  ---------
Caja Final         $  15726

 La producción (cantidad ofertada) fue mayor que la demanda.
--Puede incrementar la cantidad demandada con un precio m s bajo.
--Puede incrementar la demanda (la curva de la demanda cambia a la derecha) 
 inviertiendo m s en el marketing e I & D.
--Puede reducir la cantidad ofertada produciendo menos.

 En este período su inventario excede 10 23607e su producción. Remember
there is an opportunity cost to carrying inventory. 
¿Es esto parte de su estrategia a largo plazo?

