            Reporte de la Compañía MDB for Período 1

Estado de Ingresos         % Ventas  Reporte de Operaciones
------------------           ------  ----------------------
Ventas             $  13455    100%  Decisiones:Precio     $    45
CBV                $  -5433     40%             Producción     446 unid.
                  --------- -------             Marketing  $  1500
Margen Bruto       $   8022     60%             Inversión  $  9050
Marketing          $  -1500     11%             I & D      $   500
Depreciación       $  -1050      8%
I & D              $   -500      4%
Carga Social       $      0      0%  Reporte de Producción:
Cargo Inventario   $      0      0%  Producción                446 unid.
Interés            $   -409      3%  Capacid. de Fábrica       525 unid.
                  --------- -------  Capacid. Utilizada        85%
Utilid.ant.de Imp. $   4563     34%  Produc.Costo/Unidad   $ 18.17
Impuestos          $  -1141      8%  Inventario                147 unid.
                  --------- -------  Empleados                  89 trabaj.
Utilidad Neta      $   3422     25%

Hoja de Balance             % Total  Reporte de Marketing:
---------------             -------  Ordenes Recibidas         299 unid.
Efectivo           $  10855     26%  Ventas Realizadas         299 unid.
Inventario         $   2671      6%  Ordenes no Realizadas       0 unid.
Inver. de Capital  $  29000     68%  Precio/Unid. Vendida  $ 45.00
                  --------- -------  Tot. Costo/Unid Vend. $ 29.74
Total Activo       $  42526    100%  Margen/Unid.Vendida   $ 15.26

Préstamos          $  14883     35%  Reporte de Inversión:
Ganancias Reten.   $   4805     11%  Capacid.de Fabr. $  21000     525 unid.
Capital            $  22838     54%  Inversión Neta   $   8000     200 unid.
                  --------- -------                   --------- ------
Pasivo+Patrimonio  $  42526    100%  Próx. Capacidad  $  29000     725 unid.

Flujo de Caja
---------
Caja Inicial       $  11879
Utilidad Neta      $   3422
Depreciación       $   1050
Invers. de Capital $  -9050
Cambio de Invent.  $  -2671
Préstamo Neto      $   6225
                  ---------
Caja Final         $  10855

 La producción (cantidad ofertada) fue mayor que la demanda.
--Puede incrementar la cantidad demandada con un precio m s bajo.
--Puede incrementar la demanda (la curva de la demanda cambia a la derecha) 
 inviertiendo m s en el marketing e I & D.
--Puede reducir la cantidad ofertada produciendo menos.

 En este período su inventario excede 10 23607e su producción. Remember
there is an opportunity cost to carrying inventory. 
¿Es esto parte de su estrategia a largo plazo?

