                  Reporte Industrial    Período 1

Unidades                    Cambio    Dolares                         Cambio
--------                    ------    -------                         ------
Total Ordenes         3937     25%    Ventas Industr.        $103085      9%
Total Produc.         3144      0%    Precio Promedio        $ 38.70     29%
Total Vendido         2664    -14%    Total Producción       $ 63391     10%
Capac. Total          4200      0%    Costo Prom Pdun        $ 20.16     10%
Inventario             480      0%    Total Costo Prom       $ 39.33     55%

Productividad               Cambio    Dolares                         Cambio
-------------               ------    -------                         ------
Empleo                 628      0%    Tasa Prima                 10%      0%
Ventas/Empleado   $    164      9%    Préstamo Límite        $ 50000      0%
Unid./Empleado        5.01      0%    Tasa del Impuesto          25%      0%
Invers. de Cap.   $ 200300     19%    Imp. Pag. Período      $  -524   -113%
Capacid. Utiliz.       75%      0%    Imp. Pag. Fecha        $ 58484      0%

       COLDWAVE LAMGRUP6  STELLA4  CREOTAR   ADORA3  SANRAM3 TARTALER    HEROS
       -------- -------- -------- -------- -------- -------- -------- --------
Ventas  $ 11790  $ 15420  $ 11940  $ 10400  $ 13680  $ 11790  $ 11790  $ 16275
Util.   $  1449  $  -830  $  -709  $-10678  $  1811  $  1449  $  1449  $  1435
Precio  $    30  $    60  $    60  $    52  $    45  $    30  $    30  $    31
GanRet  $  2832  $   761  $   851  $ -6625  $  3194  $  2832  $  2832  $  2818
UnRepa      15%      10%       7%       8%      11%      15%      15%      20%
MPI          97       66       60      -73      102       97       97      102

Industry Notes
--------------
 Las compañías compensan sus costos altos con precios altos. 
¿Qué efecto tuvo esto en las ordenes?

 Las ordenes excedieron a la producción aún cuando los precios se incrementaron.
 Algunas compañías deben tener inversiones fuertes en Marketing o en I&D.

 Con una Inversi¢n de Capital alto, habr  m s capacidad en la industria el 
 pr¢ximo per¡odo. Para las compa¤¡as que invirtieron, operaciones eficientes 
 que requer¡an una producción m s alta pero con un costo m s bajo por unidad.

