                  Reporte Industrial    Período 1

Unidades                    Cambio    Dolares                         Cambio
--------                    ------    -------                         ------
Total Ordenes         4251     35%    Ventas Industr.        $128080     36%
Total Produc.         3574     14%    Precio Promedio        $ 43.59     45%
Total Vendido         2938     -6%    Total Producción       $ 66883     16%
Capac. Total          4200      0%    Costo Prom Pdun        $ 18.71      2%
Inventario             636      0%    Total Costo Prom       $ 39.55     56%

Productividad               Cambio    Dolares                         Cambio
-------------               ------    -------                         ------
Empleo                 714     14%    Tasa Prima                 10%      0%
Ventas/Empleado   $    179     19%    Préstamo Límite        $ 50000      0%
Unid./Empleado        5.01      0%    Tasa del Impuesto          25%      0%
Invers. de Cap.   $ 216911     29%    Imp. Pag. Período      $  2974    -18%
Capacid. Utiliz.       85%     10%    Imp. Pag. Fecha        $ 10350     40%

       5BTRIVAL PAPASFRI     AVZE   OKUPAS      MDB VASOSHYH      JPF    CERES
       -------- -------- -------- -------- -------- -------- -------- --------
Ventas  $ 11790  $ 20955  $ 16800  $ 17850  $ 13455  $ 13450  $ 13440  $ 20340
Util.   $  1449  $ -1875  $  3320  $  1300  $  3422  $  1534  $   651  $ -1804
Precio  $    30  $    55  $    35  $    50  $    45  $    50  $    32  $    60
GanRet  $  2832  $   -23  $  4703  $  2683  $  4805  $  2917  $  2034  $    30
UnRepa      13%      13%      16%      12%      10%       9%      14%      12%
MPI          93       54      129       97      125       91       82       57

Industry Notes
--------------
 Las compañías compensan sus costos altos con precios altos. 
¿Qué efecto tuvo esto en las ordenes?

 Las ordenes excedieron a la producción aún cuando los precios se incrementaron.
 Algunas compañías deben tener inversiones fuertes en Marketing o en I&D.

 La Capacidad Utilizada est  sobre el 80%, el m s eficiente nivel.
 Desde que el inventario fue incrementado este per¡odo, ¨en qu‚
 nivel esperas que la Capacidad estar  el pr¢ximo per¡odo?

 Con una Inversi¢n de Capital alto, habr  m s capacidad en la industria el 
 pr¢ximo per¡odo. Para las compa¤¡as que invirtieron, operaciones eficientes 
 que requer¡an una producción m s alta pero con un costo m s bajo por unidad.

