            Reporte de la Compañía RNFM for Período 1

Estado de Ingresos         % Ventas  Reporte de Operaciones
------------------           ------  ----------------------
Ventas             $   3225    100%  Decisiones:Precio     $    43
CBV                $  -5819    180%             Producción      75 unid.
                  --------- -------             Marketing  $  2000
Margen Bruto       $  -2594    -79%             Inversión  $  5000
Marketing          $  -2000     62%             I & D      $  7000
Depreciación       $  -1050     33%
I & D              $  -7000    217%
Carga Social       $   -640     20%  Reporte de Producción:
Cargo Inventario   $      0      0%  Producción                 75 unid.
Interés            $   -428     13%  Capacid. de Fábrica       525 unid.
                  --------- -------  Capacid. Utilizada        14%
Utilid.ant.de Imp. $ -13712    -424%  Produc.Costo/Unidad   $ 77.59
Impuestos          $      0      0%  Inventario                  0 unid.
                  --------- -------  Empleados                  15 trabaj.
Utilidad Neta      $ -13712    -424%

Hoja de Balance             % Total  Reporte de Marketing:
---------------             -------  Ordenes Recibidas         478 unid.
Efectivo           $   4535     15%  Ventas Realizadas          75 unid.
Inventario         $      0      0%  Ordenes no Realizadas     403 unid.
Inver. de Capital  $  24950     85%  Precio/Unid. Vendida  $ 43.00
                  --------- -------  Tot. Costo/Unid Vend. $217.29
Total Activo       $  29485    100%  Margen/Unid.Vendida   $-174.29

Préstamos          $  15548     53%  Reporte de Inversión:
Ganancias Reten.   $  -8901    -29%  Capacid.de Fabr. $  21000     525 unid.
Capital            $  22838     77%  Inversión Neta   $   3950      99 unid.
                  --------- -------                   --------- ------
Pasivo+Patrimonio  $  29485    100%  Próx. Capacidad  $  24950     624 unid.

Flujo de Caja
---------
Caja Inicial       $  11879
Utilidad Neta      $ -13712
Depreciación       $   1050
Invers. de Capital $  -5000
Cambio de Invent.  $      0
Préstamo Neto      $   6890
                  ---------
Caja Final         $   4535

 La cantidad demandada fue mayor que la producción (cantidad ofertada).
--Puede reducir la cantidad demandada con un precio m s alto.
--Puede reducir la demanda (la curva de la demanda cambiar a la izquierda)
 con menos marketing y/o menos I&D.
--Puede incrementar la cantidad ofertada con más producción.

 Su producción est  por debajo del 5 23607el costo mínimo por unidad,
 del nivel de producción. Puede incrementar la producción o reducir su inversión 
 de capital para lograr un costo mínimo por unidad.

