            Reporte de la Compañía VEYRON for Período 1

Estado de Ingresos         % Ventas  Reporte de Operaciones
------------------           ------  ----------------------
Ventas             $  14868    100%  Decisiones:Precio     $    42
CBV                $  -6372     43%             Producción     420 unid.
                  --------- -------             Marketing  $  1500
Margen Bruto       $   8496     57%             Inversión  $  1400
Marketing          $  -1500     10%             I & D      $  1400
Depreciación       $  -1050      7%
I & D              $  -1400      9%
Carga Social       $      0      0%  Reporte de Producción:
Cargo Inventario   $      0      0%  Producción                420 unid.
Interés            $   -209      1%  Capacid. de Fábrica       525 unid.
                  --------- -------  Capacid. Utilizada        80%
Utilid.ant.de Imp. $   4337     29%  Produc.Costo/Unidad   $ 18.00
Impuestos          $  -1084      7%  Inventario                 66 unid.
                  --------- -------  Empleados                  84 trabaj.
Utilidad Neta      $   3253     22%

Hoja de Balance             % Total  Reporte de Marketing:
---------------             -------  Ordenes Recibidas         354 unid.
Efectivo           $  12525     36%  Ventas Realizadas         354 unid.
Inventario         $   1188      3%  Ordenes no Realizadas       0 unid.
Inver. de Capital  $  21350     61%  Precio/Unid. Vendida  $ 42.00
                  --------- -------  Tot. Costo/Unid Vend. $ 29.75
Total Activo       $  35063    100%  Margen/Unid.Vendida   $ 12.25

Préstamos          $   7589     22%  Reporte de Inversión:
Ganancias Reten.   $   4636     13%  Capacid.de Fabr. $  21000     525 unid.
Capital            $  22838     65%  Inversión Neta   $    350       9 unid.
                  --------- -------                   --------- ------
Pasivo+Patrimonio  $  35063    100%  Próx. Capacidad  $  21350     534 unid.

Flujo de Caja
---------
Caja Inicial       $  11879
Utilidad Neta      $   3253
Depreciación       $   1050
Invers. de Capital $  -1400
Cambio de Invent.  $  -1188
Préstamo Neto      $  -1069
                  ---------
Caja Final         $  12525

 La producción (cantidad ofertada) fue mayor que la demanda.
--Puede incrementar la cantidad demandada con un precio m s bajo.
--Puede incrementar la demanda (la curva de la demanda cambia a la derecha) 
 inviertiendo m s en el marketing e I & D.
--Puede reducir la cantidad ofertada produciendo menos.

 En este período su inventario excede 10 23607e su producción. Remember
there is an opportunity cost to carrying inventory. 
¿Es esto parte de su estrategia a largo plazo?

