                  Reporte Industrial    Período 1

Unidades                    Cambio    Dolares                         Cambio
--------                    ------    -------                         ------
Total Ordenes         5518     75%    Ventas Industr.        $146208     55%
Total Produc.         3359      7%    Precio Promedio        $ 44.77     49%
Total Vendido         3266      4%    Total Producción       $ 60679      5%
Capac. Total          4200      0%    Costo Prom Pdun        $ 18.06     -1%
Inventario              93      0%    Total Costo Prom       $ 43.38     71%

Productividad               Cambio    Dolares                         Cambio
-------------               ------    -------                         ------
Empleo                 671      7%    Tasa Prima                 10%      0%
Ventas/Empleado   $    218     45%    Préstamo Límite        $ 50000      0%
Unid./Empleado        5.01      0%    Tasa del Impuesto          25%      0%
Invers. de Cap.   $ 214800     28%    Imp. Pag. Período      $  1131    -68%
Capacid. Utiliz.       80%      5%    Imp. Pag. Fecha        $ 15883      8%

        5BOHANA   ASCARU FOURYICE    IFEI4   VIRECA    TAURO    TAOSZ   HELIOS
       -------- -------- -------- -------- -------- -------- -------- --------
Ventas  $ 11790  $ 18900  $ 18900  $ 21840  $ 17840  $ 18900  $ 17888  $ 20150
Util.   $  1449  $ -6460  $ -3269  $ -1062  $  4312  $  1279  $  1920  $  2528
Precio  $    30  $    45  $    45  $    52  $    40  $    45  $    52  $    50
GanRet  $  2832  $ -3462  $ -1069  $   587  $  5695  $  2662  $  3303  $  3911
UnRepa      12%      13%      13%      13%      14%      13%      11%      12%
MPI          90       -8       32       63      144       94      102      116

Industry Notes
--------------
 Las compañías compensan sus costos altos con precios altos. 
¿Qué efecto tuvo esto en las ordenes?

 Las ordenes excedieron a la producción aún cuando los precios se incrementaron.
 Algunas compañías deben tener inversiones fuertes en Marketing o en I&D.

 Con una Inversi¢n de Capital alto, habr  m s capacidad en la industria el 
 pr¢ximo per¡odo. Para las compa¤¡as que invirtieron, operaciones eficientes 
 que requer¡an una producción m s alta pero con un costo m s bajo por unidad.

