            Reporte de la Compañía PRENEURS for Período 1

Estado de Ingresos         % Ventas  Reporte de Operaciones
------------------           ------  ----------------------
Ventas             $  14600    100%  Decisiones:Precio     $    50
CBV                $  -5256     36%             Producción     420 unid.
                  --------- -------             Marketing  $  2000
Margen Bruto       $   9344     64%             Inversión  $  2050
Marketing          $  -2000     14%             I & D      $  2000
Depreciación       $  -1050      7%
I & D              $  -2000     14%
Carga Social       $      0      0%  Reporte de Producción:
Cargo Inventario   $      0      0%  Producción                420 unid.
Interés            $   -257      2%  Capacid. de Fábrica       525 unid.
                  --------- -------  Capacid. Utilizada        80%
Utilid.ant.de Imp. $   4037     28%  Produc.Costo/Unidad   $ 18.00
Impuestos          $  -1009      7%  Inventario                128 unid.
                  --------- -------  Empleados                  84 trabaj.
Utilidad Neta      $   3028     21%

Hoja de Balance             % Total  Reporte de Marketing:
---------------             -------  Ordenes Recibidas         292 unid.
Efectivo           $  12284     34%  Ventas Realizadas         292 unid.
Inventario         $   2304      6%  Ordenes no Realizadas       0 unid.
Inver. de Capital  $  22000     60%  Precio/Unid. Vendida  $ 50.00
                  --------- -------  Tot. Costo/Unid Vend. $ 36.17
Total Activo       $  36588    100%  Margen/Unid.Vendida   $ 13.83

Préstamos          $   9339     26%  Reporte de Inversión:
Ganancias Reten.   $   4411     12%  Capacid.de Fabr. $  21000     525 unid.
Capital            $  22838     62%  Inversión Neta   $   1000      25 unid.
                  --------- -------                   --------- ------
Pasivo+Patrimonio  $  36588    100%  Próx. Capacidad  $  22000     550 unid.

Flujo de Caja
---------
Caja Inicial       $  11879
Utilidad Neta      $   3028
Depreciación       $   1050
Invers. de Capital $  -2050
Cambio de Invent.  $  -2304
Préstamo Neto      $    681
                  ---------
Caja Final         $  12284

 La producción (cantidad ofertada) fue mayor que la demanda.
--Puede incrementar la cantidad demandada con un precio m s bajo.
--Puede incrementar la demanda (la curva de la demanda cambia a la derecha) 
 inviertiendo m s en el marketing e I & D.
--Puede reducir la cantidad ofertada produciendo menos.

 En este período su inventario excede 10 23607e su producción. Remember
there is an opportunity cost to carrying inventory. 
¿Es esto parte de su estrategia a largo plazo?

