                  Reporte Industrial    Período 1

Unidades                    Cambio    Dolares                         Cambio
--------                    ------    -------                         ------
Total Ordenes         5353     70%    Ventas Industr.        $118770     26%
Total Produc.         3217      2%    Precio Promedio        $ 39.04     30%
Total Vendido         3042     -2%    Total Producción       $ 58707      2%
Capac. Total          4200      0%    Costo Prom Pdun        $ 18.25      0%
Inventario             175      0%    Total Costo Prom       $ 41.12     62%

Productividad               Cambio    Dolares                         Cambio
-------------               ------    -------                         ------
Empleo                 643      2%    Tasa Prima                 10%      0%
Ventas/Empleado   $    185     23%    Préstamo Límite        $ 50000      0%
Unid./Empleado        5.00      0%    Tasa del Impuesto          25%      0%
Invers. de Cap.   $ 194350     16%    Imp. Pag. Período      $ -1585   -142%
Capacid. Utiliz.       77%      2%    Imp. Pag. Fecha        $ 50047     -2%

        ICECREW  AKUAGIN LAMGRUP5  STELLA5   TEODE1  ASDELTA BIGONETT     HERA
       -------- -------- -------- -------- -------- -------- -------- --------
Ventas  $ 11790  $ 19360  $ 11790  $ 18900  $ 18060  $ 15290  $ 11790  $ 11790
Util.   $  1449  $ -2558  $  1449  $   426  $-10493  $ -1584  $  1449  $  1449
Precio  $    30  $    55  $    30  $    45  $    43  $    55  $    30  $    30
GanRet  $  2832  $  -535  $  2832  $  1809  $ -6487  $   195  $  2832  $  2832
UnRepa      13%      12%      13%      14%      14%       9%      13%      13%
MPI          92       44       92       83      -53       48       92       92

Industry Notes
--------------
 Las compañías compensan sus costos altos con precios altos. 
¿Qué efecto tuvo esto en las ordenes?

 Las ordenes excedieron a la producción aún cuando los precios se incrementaron.
 Algunas compañías deben tener inversiones fuertes en Marketing o en I&D.

 El Inventario se est  incrementando aunque la Capacidad Utilizada est  debajo 
 del 80%, el m s eficiente nivel.  Las compa¤¡as encuentran dificultades para 
 vender suficientes Ecopens para que sus f bricas funcionen eficientemente.

 Con una Inversi¢n de Capital alto, habr  m s capacidad en la industria el 
 pr¢ximo per¡odo. Para las compa¤¡as que invirtieron, operaciones eficientes 
 que requer¡an una producción m s alta pero con un costo m s bajo por unidad.

