            Reporte de la Compañía LIBELULA for Período 1

Estado de Ingresos         % Ventas  Reporte de Operaciones
------------------           ------  ----------------------
Ventas             $  22440    100%  Decisiones:Precio     $    55
CBV                $  -8172     36%             Producción     510 unid.
                  --------- -------             Marketing  $  6500
Margen Bruto       $  14268     64%             Inversión  $  6600
Marketing          $  -6500     29%             I & D      $  7500
Depreciación       $  -1050      5%
I & D              $  -7500     33%
Carga Social       $      0      0%  Reporte de Producción:
Cargo Inventario   $      0      0%  Producción                510 unid.
Interés            $   -730      3%  Capacid. de Fábrica       525 unid.
                  --------- -------  Capacid. Utilizada        97%
Utilid.ant.de Imp. $  -1512     -6%  Produc.Costo/Unidad   $ 20.03
Impuestos          $      0      0%  Inventario                102 unid.
                  --------- -------  Empleados                 102 trabaj.
Utilidad Neta      $  -1512     -6%

Hoja de Balance             % Total  Reporte de Marketing:
---------------             -------  Ordenes Recibidas         408 unid.
Efectivo           $  21038     42%  Ventas Realizadas         408 unid.
Inventario         $   2043      4%  Ordenes no Realizadas       0 unid.
Inver. de Capital  $  26550     53%  Precio/Unid. Vendida  $ 55.00
                  --------- -------  Tot. Costo/Unid Vend. $ 58.71
Total Activo       $  49631    100%  Margen/Unid.Vendida   $ -3.71

Préstamos          $  26544     53%  Reporte de Inversión:
Ganancias Reten.   $    249      1%  Capacid.de Fabr. $  21000     525 unid.
Capital            $  22838     46%  Inversión Neta   $   5550     139 unid.
                  --------- -------                   --------- ------
Pasivo+Patrimonio  $  49631    100%  Próx. Capacidad  $  26550     664 unid.

Flujo de Caja
---------
Caja Inicial       $  11879
Utilidad Neta      $  -1512
Depreciación       $   1050
Invers. de Capital $  -6600
Cambio de Invent.  $  -2043
Préstamo Neto      $  17886
                  ---------
Caja Final         $  21038

 La producción (cantidad ofertada) fue mayor que la demanda.
--Puede incrementar la cantidad demandada con un precio m s bajo.
--Puede incrementar la demanda (la curva de la demanda cambia a la derecha) 
 inviertiendo m s en el marketing e I & D.
--Puede reducir la cantidad ofertada produciendo menos.

 En este período su inventario excede 10 23607e su producción. Remember
there is an opportunity cost to carrying inventory. 
¿Es esto parte de su estrategia a largo plazo?

 Su producción est  por encima del 5 23607el costo mínimo por unidad, del nivel 
 de producción. Ud. podría reducir la producción o incrementar la capacidad 
 para lograr un costo mínimo por unidad.

