            Reporte de la Compañía ESTUDIAN for Período 1

Estado de Ingresos         % Ventas  Reporte de Operaciones
------------------           ------  ----------------------
Ventas             $  12195    100%  Decisiones:Precio     $    45
CBV                $  -4878     40%             Producción     420 unid.
                  --------- -------             Marketing  $   300
Margen Bruto       $   7317     60%             Inversión  $   350
Marketing          $   -300      2%             I & D      $   200
Depreciación       $  -1050      9%
I & D              $   -200      2%
Carga Social       $      0      0%  Reporte de Producción:
Cargo Inventario   $      0      0%  Producción                420 unid.
Interés            $   -114      1%  Capacid. de Fábrica       525 unid.
                  --------- -------  Capacid. Utilizada        80%
Utilid.ant.de Imp. $   5653     46%  Produc.Costo/Unidad   $ 18.00
Impuestos          $  -1413     12%  Inventario                149 unid.
                  --------- -------  Empleados                  84 trabaj.
Utilidad Neta      $   4240     35%

Hoja de Balance             % Total  Reporte de Marketing:
---------------             -------  Ordenes Recibidas         271 unid.
Efectivo           $   9618     30%  Ventas Realizadas         271 unid.
Inventario         $   2682      8%  Ordenes no Realizadas       0 unid.
Inver. de Capital  $  20300     62%  Precio/Unid. Vendida  $ 45.00
                  --------- -------  Tot. Costo/Unid Vend. $ 24.14
Total Activo       $  32600    100%  Margen/Unid.Vendida   $ 20.86

Préstamos          $   4139     13%  Reporte de Inversión:
Ganancias Reten.   $   5623     17%  Capacid.de Fabr. $  21000     525 unid.
Capital            $  22838     70%  Inversión Neta   $   -700     -18 unid.
                  --------- -------                   --------- ------
Pasivo+Patrimonio  $  32600    100%  Próx. Capacidad  $  20300     508 unid.

Flujo de Caja
---------
Caja Inicial       $  11879
Utilidad Neta      $   4240
Depreciación       $   1050
Invers. de Capital $   -350
Cambio de Invent.  $  -2682
Préstamo Neto      $  -4519
                  ---------
Caja Final         $   9618

 La producción (cantidad ofertada) fue mayor que la demanda.
--Puede incrementar la cantidad demandada con un precio m s bajo.
--Puede incrementar la demanda (la curva de la demanda cambia a la derecha) 
 inviertiendo m s en el marketing e I & D.
--Puede reducir la cantidad ofertada produciendo menos.

 En este período su inventario excede 10 23607e su producción. Remember
there is an opportunity cost to carrying inventory. 
¿Es esto parte de su estrategia a largo plazo?

