                  Reporte Industrial    Período 1

Unidades                    Cambio    Dolares                         Cambio
--------                    ------    -------                         ------
Total Ordenes         4604     46%    Ventas Industr.        $125768     33%
Total Produc.         3482     11%    Precio Promedio        $ 44.07     47%
Total Vendido         2854     -8%    Total Producción       $ 68138     18%
Capac. Total          4200      0%    Costo Prom Pdun        $ 19.57      7%
Inventario             628      0%    Total Costo Prom       $ 42.85     69%

Productividad               Cambio    Dolares                         Cambio
-------------               ------    -------                         ------
Empleo                 696     11%    Tasa Prima                 10%      0%
Ventas/Empleado   $    181     20%    Préstamo Límite        $ 50000      0%
Unid./Empleado        5.00      0%    Tasa del Impuesto          25%      0%
Invers. de Cap.   $ 187619     12%    Imp. Pag. Período      $   818    -77%
Capacid. Utiliz.       83%      8%    Imp. Pag. Fecha        $ 85642      1%

        DUFROIA   MISURI   CORDER CHILPLEX MICROEST  ECODA22   ECONOS  DEMETER
       -------- -------- -------- -------- -------- -------- -------- --------
Ventas  $ 11340  $ 15000  $ 20475  $ 16275  $ 15120  $ 19824  $  5550  $ 22184
Util.   $  -975  $ -3251  $  2158  $ -5262  $  3166  $  4415  $    27  $  -261
Precio  $    70  $    50  $    39  $    31  $    36  $    42  $    75  $    59
GanRet  $   652  $ -1055  $  3541  $ -2563  $  4549  $  5798  $  1410  $  1187
UnRepa       6%      11%      18%      18%      15%      17%       3%      13%
MPI          52       26      114       10      126      151       53       78

Industry Notes
--------------
 Las compañías compensan sus costos altos con precios altos. 
¿Qué efecto tuvo esto en las ordenes?

 Las ordenes excedieron a la producción aún cuando los precios se incrementaron.
 Algunas compañías deben tener inversiones fuertes en Marketing o en I&D.

 La Capacidad Utilizada est  sobre el 80%, el m s eficiente nivel.
 Desde que el inventario fue incrementado este per¡odo, ¨en qu‚
 nivel esperas que la Capacidad estar  el pr¢ximo per¡odo?

 Con una Inversi¢n de Capital alto, habr  m s capacidad en la industria el 
 pr¢ximo per¡odo. Para las compa¤¡as que invirtieron, operaciones eficientes 
 que requer¡an una producción m s alta pero con un costo m s bajo por unidad.

