            Reporte de la Compañía DUFROIA for Período 1

Estado de Ingresos         % Ventas  Reporte de Operaciones
------------------           ------  ----------------------
Ventas             $  11340    100%  Decisiones:Precio     $    70
CBV                $  -2916     26%             Producción     420 unid.
                  --------- -------             Marketing  $  3500
Margen Bruto       $   8424     74%             Inversión  $  1400
Marketing          $  -3500     31%             I & D      $  4500
Depreciación       $  -1050      9%
I & D              $  -4500     40%
Carga Social       $      0      0%  Reporte de Producción:
Cargo Inventario   $      0      0%  Producción                420 unid.
Interés            $   -349      3%  Capacid. de Fábrica       525 unid.
                  --------- -------  Capacid. Utilizada        80%
Utilid.ant.de Imp. $   -975     -8%  Produc.Costo/Unidad   $ 18.00
Impuestos          $      0      0%  Inventario                258 unid.
                  --------- -------  Empleados                  84 trabaj.
Utilidad Neta      $   -975     -8%

Hoja de Balance             % Total  Reporte de Marketing:
---------------             -------  Ordenes Recibidas         162 unid.
Efectivo           $  10185     28%  Ventas Realizadas         162 unid.
Inventario         $   4644     13%  Ordenes no Realizadas       0 unid.
Inver. de Capital  $  21350     59%  Precio/Unid. Vendida  $ 70.00
                  --------- -------  Tot. Costo/Unid Vend. $ 76.02
Total Activo       $  36179    100%  Margen/Unid.Vendida   $ -6.02

Préstamos          $  12689     35%  Reporte de Inversión:
Ganancias Reten.   $    652      2%  Capacid.de Fabr. $  21000     525 unid.
Capital            $  22838     63%  Inversión Neta   $    350       9 unid.
                  --------- -------                   --------- ------
Pasivo+Patrimonio  $  36179    100%  Próx. Capacidad  $  21350     534 unid.

Flujo de Caja
---------
Caja Inicial       $  11879
Utilidad Neta      $   -975
Depreciación       $   1050
Invers. de Capital $  -1400
Cambio de Invent.  $  -4644
Préstamo Neto      $   4031
                  ---------
Caja Final         $  10185

 La producción (cantidad ofertada) fue mayor que la demanda.
--Puede incrementar la cantidad demandada con un precio m s bajo.
--Puede incrementar la demanda (la curva de la demanda cambia a la derecha) 
 inviertiendo m s en el marketing e I & D.
--Puede reducir la cantidad ofertada produciendo menos.

 En este período su inventario excede 10 23607e su producción. Remember
there is an opportunity cost to carrying inventory. 
¿Es esto parte de su estrategia a largo plazo?

