            Reporte de la Compañía ECONOS for Período 1

Estado de Ingresos         % Ventas  Reporte de Operaciones
------------------           ------  ----------------------
Ventas             $   5550    100%  Decisiones:Precio     $    75
CBV                $  -1347     24%             Producción     400 unid.
                  --------- -------             Marketing  $  2500
Margen Bruto       $   4203     76%             Inversión  $  2000
Marketing          $  -2500     45%             I & D      $   400
Depreciación       $  -1050     19%
I & D              $   -400      7%
Carga Social       $      0      0%  Reporte de Producción:
Cargo Inventario   $      0      0%  Producción                400 unid.
Interés            $   -217      4%  Capacid. de Fábrica       525 unid.
                  --------- -------  Capacid. Utilizada        76%
Utilid.ant.de Imp. $     36      1%  Produc.Costo/Unidad   $ 18.20
Impuestos          $     -9      0%  Inventario                326 unid.
                  --------- -------  Empleados                  80 trabaj.
Utilidad Neta      $     27      0%

Hoja de Balance             % Total  Reporte de Marketing:
---------------             -------  Ordenes Recibidas          74 unid.
Efectivo           $   4273     13%  Ventas Realizadas          74 unid.
Inventario         $   5934     18%  Ordenes no Realizadas       0 unid.
Inver. de Capital  $  21950     68%  Precio/Unid. Vendida  $ 75.00
                  --------- -------  Tot. Costo/Unid Vend. $ 74.51
Total Activo       $  32157    100%  Margen/Unid.Vendida   $  0.49

Préstamos          $   7909     25%  Reporte de Inversión:
Ganancias Reten.   $   1410      4%  Capacid.de Fabr. $  21000     525 unid.
Capital            $  22838     71%  Inversión Neta   $    950      24 unid.
                  --------- -------                   --------- ------
Pasivo+Patrimonio  $  32157    100%  Próx. Capacidad  $  21950     549 unid.

Flujo de Caja
---------
Caja Inicial       $  11879
Utilidad Neta      $     27
Depreciación       $   1050
Invers. de Capital $  -2000
Cambio de Invent.  $  -5934
Préstamo Neto      $   -749
                  ---------
Caja Final         $   4273

 La producción (cantidad ofertada) fue mayor que la demanda.
--Puede incrementar la cantidad demandada con un precio m s bajo.
--Puede incrementar la demanda (la curva de la demanda cambia a la derecha) 
 inviertiendo m s en el marketing e I & D.
--Puede reducir la cantidad ofertada produciendo menos.

 En este período su inventario excede 10 23607e su producción. Remember
there is an opportunity cost to carrying inventory. 
¿Es esto parte de su estrategia a largo plazo?

