            Reporte de la Compañía DEMETER for Período 1

Estado de Ingresos         % Ventas  Reporte de Operaciones
------------------           ------  ----------------------
Ventas             $  22184    100%  Decisiones:Precio     $    59
CBV                $  -6768     31%             Producción     420 unid.
                  --------- -------             Marketing  $  5500
Margen Bruto       $  15416     69%             Inversión  $  5500
Marketing          $  -5500     25%             I & D      $  8500
Depreciación       $  -1050      5%
I & D              $  -8500     38%
Carga Social       $      0      0%  Reporte de Producción:
Cargo Inventario   $      0      0%  Producción                420 unid.
Interés            $   -627      3%  Capacid. de Fábrica       525 unid.
                  --------- -------  Capacid. Utilizada        80%
Utilid.ant.de Imp. $   -261      0%  Produc.Costo/Unidad   $ 18.00
Impuestos          $      0      0%  Inventario                 44 unid.
                  --------- -------  Empleados                  84 trabaj.
Utilidad Neta      $   -261      0%

Hoja de Balance             % Total  Reporte de Marketing:
---------------             -------  Ordenes Recibidas         376 unid.
Efectivo           $  20572     44%  Ventas Realizadas         376 unid.
Inventario         $    792      2%  Ordenes no Realizadas       0 unid.
Inver. de Capital  $  25450     54%  Precio/Unid. Vendida  $ 59.00
                  --------- -------  Tot. Costo/Unid Vend. $ 59.69
Total Activo       $  46814    100%  Margen/Unid.Vendida   $ -0.69

Préstamos          $  22789     49%  Reporte de Inversión:
Ganancias Reten.   $   1187      3%  Capacid.de Fabr. $  21000     525 unid.
Capital            $  22838     49%  Inversión Neta   $   4450     111 unid.
                  --------- -------                   --------- ------
Pasivo+Patrimonio  $  46814    100%  Próx. Capacidad  $  25450     636 unid.

Flujo de Caja
---------
Caja Inicial       $  11879
Utilidad Neta      $   -261
Depreciación       $   1050
Invers. de Capital $  -5500
Cambio de Invent.  $   -792
Préstamo Neto      $  14131
                  ---------
Caja Final         $  20572

 La producción (cantidad ofertada) fue mayor que la demanda.
--Puede incrementar la cantidad demandada con un precio m s bajo.
--Puede incrementar la demanda (la curva de la demanda cambia a la derecha) 
 inviertiendo m s en el marketing e I & D.
--Puede reducir la cantidad ofertada produciendo menos.

 En este período su inventario excede 10 23607e su producción. Remember
there is an opportunity cost to carrying inventory. 
¿Es esto parte de su estrategia a largo plazo?

