            Reporte de la Compañía 5BLIGA for Período 1

Estado de Ingresos         % Ventas  Reporte de Operaciones
------------------           ------  ----------------------
Ventas             $  20410    100%  Decisiones:Precio     $    65
CBV                $  -5705     28%             Producción     446 unid.
                  --------- -------             Marketing  $  8000
Margen Bruto       $  14705     72%             Inversión  $  4040
Marketing          $  -8000     39%             I & D      $  7000
Depreciación       $  -1050      5%
I & D              $  -7000     34%
Carga Social       $      0      0%  Reporte de Producción:
Cargo Inventario   $      0      0%  Producción                446 unid.
Interés            $   -629      3%  Capacid. de Fábrica       525 unid.
                  --------- -------  Capacid. Utilizada        85%
Utilid.ant.de Imp. $  -1974     -9%  Produc.Costo/Unidad   $ 18.17
Impuestos          $      0      0%  Inventario                132 unid.
                  --------- -------  Empleados                  89 trabaj.
Utilidad Neta      $  -1974     -9%

Hoja de Balance             % Total  Reporte de Marketing:
---------------             -------  Ordenes Recibidas         314 unid.
Efectivo           $  19226     42%  Ventas Realizadas         314 unid.
Inventario         $   2398      5%  Ordenes no Realizadas       0 unid.
Inver. de Capital  $  23990     53%  Precio/Unid. Vendida  $ 65.00
                  --------- -------  Tot. Costo/Unid Vend. $ 71.29
Total Activo       $  45614    100%  Margen/Unid.Vendida   $ -6.29

Préstamos          $  22873     50%  Reporte de Inversión:
Ganancias Reten.   $    -97      0%  Capacid.de Fabr. $  21000     525 unid.
Capital            $  22838     50%  Inversión Neta   $   2990      75 unid.
                  --------- -------                   --------- ------
Pasivo+Patrimonio  $  45614    100%  Próx. Capacidad  $  23990     600 unid.

Flujo de Caja
---------
Caja Inicial       $  11879
Utilidad Neta      $  -1974
Depreciación       $   1050
Invers. de Capital $  -4040
Cambio de Invent.  $  -2398
Préstamo Neto      $  14215
                  ---------
Caja Final         $  19226

 La producción (cantidad ofertada) fue mayor que la demanda.
--Puede incrementar la cantidad demandada con un precio m s bajo.
--Puede incrementar la demanda (la curva de la demanda cambia a la derecha) 
 inviertiendo m s en el marketing e I & D.
--Puede reducir la cantidad ofertada produciendo menos.

 En este período su inventario excede 10 23607e su producción. Remember
there is an opportunity cost to carrying inventory. 
¿Es esto parte de su estrategia a largo plazo?

