            Reporte de la Compañía PROYECTX for Período 1

Estado de Ingresos         % Ventas  Reporte de Operaciones
------------------           ------  ----------------------
Ventas             $  24108    100%  Decisiones:Precio     $    42
CBV                $ -23264     97%             Producción     720 unid.
                  --------- -------             Marketing  $  1200
Margen Bruto       $    844      4%             Inversión  $  3200
Marketing          $  -1200      5%             I & D      $   515
Depreciación       $  -1050      4%
I & D              $   -515      2%
Carga Social       $      0      0%  Reporte de Producción:
Cargo Inventario   $      0      0%  Producción                720 unid.
Interés            $   -820      3%  Capacid. de Fábrica       525 unid.
                  --------- -------  Capacid. Utilizada       137%
Utilid.ant.de Imp. $  -2741    -10%  Produc.Costo/Unidad   $ 40.53
Impuestos          $      0      0%  Inventario                146 unid.
                  --------- -------  Empleados                 144 trabaj.
Utilidad Neta      $  -2741    -10%

Hoja de Balance             % Total  Reporte de Marketing:
---------------             -------  Ordenes Recibidas         574 unid.
Efectivo           $  22924     44%  Ventas Realizadas         574 unid.
Inventario         $   5917     11%  Ordenes no Realizadas       0 unid.
Inver. de Capital  $  23150     45%  Precio/Unid. Vendida  $ 42.00
                  --------- -------  Tot. Costo/Unid Vend. $ 46.78
Total Activo       $  51991    100%  Margen/Unid.Vendida   $ -4.78

Préstamos          $  29826     57%  Reporte de Inversión:
Ganancias Reten.   $   -673      0%  Capacid.de Fabr. $  21000     525 unid.
Capital            $  22838     44%  Inversión Neta   $   2150      54 unid.
                  --------- -------                   --------- ------
Pasivo+Patrimonio  $  51991    100%  Próx. Capacidad  $  23150     579 unid.

Flujo de Caja
---------
Caja Inicial       $  11879
Utilidad Neta      $  -2741
Depreciación       $   1050
Invers. de Capital $  -3200
Cambio de Invent.  $  -5917
Préstamo Neto      $  21168
                  ---------
Caja Final         $  22924

 La producción (cantidad ofertada) fue mayor que la demanda.
--Puede incrementar la cantidad demandada con un precio m s bajo.
--Puede incrementar la demanda (la curva de la demanda cambia a la derecha) 
 inviertiendo m s en el marketing e I & D.
--Puede reducir la cantidad ofertada produciendo menos.

 En este período su inventario excede 10 23607e su producción. Remember
there is an opportunity cost to carrying inventory. 
¿Es esto parte de su estrategia a largo plazo?

 Su producción est  por encima del 5 23607el costo mínimo por unidad, del nivel 
 de producción. Ud. podría reducir la producción o incrementar la capacidad 
 para lograr un costo mínimo por unidad.

