            Reporte de la Compañía SODOKU for Período 1

Estado de Ingresos         % Ventas  Reporte de Operaciones
------------------           ------  ----------------------
Ventas             $  17334    100%  Decisiones:Precio     $    54
CBV                $  -5778     33%             Producción     420 unid.
                  --------- -------             Marketing  $  3000
Margen Bruto       $  11556     67%             Inversión  $  6000
Marketing          $  -3000     17%             I & D      $  4500
Depreciación       $  -1050      6%
I & D              $  -4500     26%
Carga Social       $      0      0%  Reporte de Producción:
Cargo Inventario   $      0      0%  Producción                420 unid.
Interés            $   -462      3%  Capacid. de Fábrica       525 unid.
                  --------- -------  Capacid. Utilizada        80%
Utilid.ant.de Imp. $   2544     15%  Produc.Costo/Unidad   $ 18.00
Impuestos          $   -636      4%  Inventario                 99 unid.
                  --------- -------  Empleados                  84 trabaj.
Utilidad Neta      $   1908     11%

Hoja de Balance             % Total  Reporte de Marketing:
---------------             -------  Ordenes Recibidas         321 unid.
Efectivo           $  15186     35%  Ventas Realizadas         321 unid.
Inventario         $   1782      4%  Ordenes no Realizadas       0 unid.
Inver. de Capital  $  25950     60%  Precio/Unid. Vendida  $ 54.00
                  --------- -------  Tot. Costo/Unid Vend. $ 46.07
Total Activo       $  42918    100%  Margen/Unid.Vendida   $  7.93

Préstamos          $  16789     39%  Reporte de Inversión:
Ganancias Reten.   $   3291      8%  Capacid.de Fabr. $  21000     525 unid.
Capital            $  22838     53%  Inversión Neta   $   4950     124 unid.
                  --------- -------                   --------- ------
Pasivo+Patrimonio  $  42918    100%  Próx. Capacidad  $  25950     649 unid.

Flujo de Caja
---------
Caja Inicial       $  11879
Utilidad Neta      $   1908
Depreciación       $   1050
Invers. de Capital $  -6000
Cambio de Invent.  $  -1782
Préstamo Neto      $   8131
                  ---------
Caja Final         $  15186

 La producción (cantidad ofertada) fue mayor que la demanda.
--Puede incrementar la cantidad demandada con un precio m s bajo.
--Puede incrementar la demanda (la curva de la demanda cambia a la derecha) 
 inviertiendo m s en el marketing e I & D.
--Puede reducir la cantidad ofertada produciendo menos.

 En este período su inventario excede 10 23607e su producción. Remember
there is an opportunity cost to carrying inventory. 
¿Es esto parte de su estrategia a largo plazo?

