            Reporte de la Compañía BANJO for Período 1

Estado de Ingresos         % Ventas  Reporte de Operaciones
------------------           ------  ----------------------
Ventas             $  17150    100%  Decisiones:Precio     $    50
CBV                $  -6232     36%             Producción     446 unid.
                  --------- -------             Marketing  $  3000
Margen Bruto       $  10918     64%             Inversión  $  2050
Marketing          $  -3000     17%             I & D      $  1000
Depreciación       $  -1050      6%
I & D              $  -1000      6%
Carga Social       $      0      0%  Reporte de Producción:
Cargo Inventario   $      0      0%  Producción                446 unid.
Interés            $   -272      2%  Capacid. de Fábrica       525 unid.
                  --------- -------  Capacid. Utilizada        85%
Utilid.ant.de Imp. $   5596     33%  Produc.Costo/Unidad   $ 18.17
Impuestos          $  -1399      8%  Inventario                103 unid.
                  --------- -------  Empleados                  89 trabaj.
Utilidad Neta      $   4197     24%

Hoja de Balance             % Total  Reporte de Marketing:
---------------             -------  Ordenes Recibidas         343 unid.
Efectivo           $  14430     38%  Ventas Realizadas         343 unid.
Inventario         $   1871      5%  Ordenes no Realizadas       0 unid.
Inver. de Capital  $  22000     57%  Precio/Unid. Vendida  $ 50.00
                  --------- -------  Tot. Costo/Unid Vend. $ 33.69
Total Activo       $  38301    100%  Margen/Unid.Vendida   $ 16.31

Préstamos          $   9883     26%  Reporte de Inversión:
Ganancias Reten.   $   5580     15%  Capacid.de Fabr. $  21000     525 unid.
Capital            $  22838     60%  Inversión Neta   $   1000      25 unid.
                  --------- -------                   --------- ------
Pasivo+Patrimonio  $  38301    100%  Próx. Capacidad  $  22000     550 unid.

Flujo de Caja
---------
Caja Inicial       $  11879
Utilidad Neta      $   4197
Depreciación       $   1050
Invers. de Capital $  -2050
Cambio de Invent.  $  -1871
Préstamo Neto      $   1225
                  ---------
Caja Final         $  14430

 La producción (cantidad ofertada) fue mayor que la demanda.
--Puede incrementar la cantidad demandada con un precio m s bajo.
--Puede incrementar la demanda (la curva de la demanda cambia a la derecha) 
 inviertiendo m s en el marketing e I & D.
--Puede reducir la cantidad ofertada produciendo menos.

 En este período su inventario excede 10 23607e su producción. Remember
there is an opportunity cost to carrying inventory. 
¿Es esto parte de su estrategia a largo plazo?

