                  Reporte Industrial    Período 1

Unidades                    Cambio    Dolares                         Cambio
--------                    ------    -------                         ------
Total Ordenes         5379     71%    Ventas Industr.        $127193     35%
Total Produc.         3272      4%    Precio Promedio        $ 39.64     32%
Total Vendido         3209      2%    Total Producción       $ 61850      7%
Capac. Total          4200      0%    Costo Prom Pdun        $ 18.90      3%
Inventario              63      0%    Total Costo Prom       $ 38.20     51%

Productividad               Cambio    Dolares                         Cambio
-------------               ------    -------                         ------
Empleo                 654      4%    Tasa Prima                 10%      0%
Ventas/Empleado   $    194     29%    Préstamo Límite        $ 50000      0%
Unid./Empleado        5.00      0%    Tasa del Impuesto          25%      0%
Invers. de Cap.   $ 201615     20%    Imp. Pag. Período      $  1104    -69%
Capacid. Utiliz.       78%      3%    Imp. Pag. Fecha        $ 56424      2%

       5ICECREW LAMGRUP7  STELLA3    GAMAT    FODEN   ADORA2   HOLDER  JUPITER
       -------- -------- -------- -------- -------- -------- -------- --------
Ventas  $ 11790  $ 18533  $ 18900  $ 21600  $ 13500  $ 15960  $ 11790  $ 15120
Util.   $  1449  $  2758  $  1016  $  2002  $   -86  $ -1391  $  1449  $ -5673
Precio  $    30  $    43  $    45  $    50  $    45  $    38  $    30  $    36
GanRet  $  2832  $  4141  $  2398  $  3385  $  1319  $   340  $  2832  $ -2872
UnRepa      12%      13%      13%      13%       9%      13%      12%      13%
MPI          92      121       94      114       63       56       92        4

Industry Notes
--------------
 Las compañías compensan sus costos altos con precios altos. 
¿Qué efecto tuvo esto en las ordenes?

 Las ordenes excedieron a la producción aún cuando los precios se incrementaron.
 Algunas compañías deben tener inversiones fuertes en Marketing o en I&D.

 El Inventario se est  incrementando aunque la Capacidad Utilizada est  debajo 
 del 80%, el m s eficiente nivel.  Las compa¤¡as encuentran dificultades para 
 vender suficientes Ecopens para que sus f bricas funcionen eficientemente.

 Con una Inversi¢n de Capital alto, habr  m s capacidad en la industria el 
 pr¢ximo per¡odo. Para las compa¤¡as que invirtieron, operaciones eficientes 
 que requer¡an una producción m s alta pero con un costo m s bajo por unidad.

